<html>
<body>
<pre>
<h1>µVision Build Log</h1>
<h2>Project:</h2>
G:\tinyos\KEIL\examples\tinyos-stm32\tinyos-stm32.uvproj
Project File Date:  02/05/2015

<h2>Output:</h2>
Build target 'Target 1'
compiling appmangle.c...
F:\share\TinyOS-STM-v0.9b\apps\UsartSerialTest\build\emote\appmangle.c(790): warning:  #1295-D: Deprecated declaration __nesc_enable_interrupt - give arg types
  static __inline void __nesc_enable_interrupt();
F:\share\TinyOS-STM-v0.9b\apps\UsartSerialTest\build\emote\appmangle.c(792): warning:  #1295-D: Deprecated declaration __nesc_disable_interrupt - give arg types
  static __inline void __nesc_disable_interrupt();
F:\share\TinyOS-STM-v0.9b\apps\UsartSerialTest\build\emote\appmangle.c(2757): warning:  #177-D: variable "statusReg" was declared but never referenced
    uint32_t statusReg = 0;
F:\share\TinyOS-STM-v0.9b\apps\UsartSerialTest\build\emote\appmangle.c(2775): warning:  #177-D: variable "temp" was declared but never referenced
    uint32_t temp = 0;
F:\share\TinyOS-STM-v0.9b\apps\UsartSerialTest\build\emote\appmangle.c(2793): warning:  #177-D: variable "statusReg" was declared but never referenced
    uint32_t statusReg = 0;
F:\share\TinyOS-STM-v0.9b\apps\UsartSerialTest\build\emote\appmangle.c(2827): warning:  #177-D: variable "statusReg" was declared but never referenced
    uint32_t statusReg = 0;
F:\share\TinyOS-STM-v0.9b\apps\UsartSerialTest\build\emote\appmangle.c(2950): warning:  #111-D: statement is unreachable
      __nesc_atomic_end(__nesc_atomic); }
F:\share\TinyOS-STM-v0.9b\apps\UsartSerialTest\build\emote\appmangle.c(3002): warning:  #111-D: statement is unreachable
    HplSTM32InterruptM__Irq__fired();
F:\share\TinyOS-STM-v0.9b\apps\UsartSerialTest\build\emote\appmangle.c(3550): warning:  #177-D: variable "GPIO_InitStructure" was declared but never referenced
    GPIO_InitTypeDef GPIO_InitStructure;
F:\share\TinyOS-STM-v0.9b\apps\UsartSerialTest\build\emote\appmangle.c(4277): warning:  #177-D: variable "i" was declared but never referenced
    uint16_t i = 0;
F:\share\TinyOS-STM-v0.9b\apps\UsartSerialTest\build\emote\appmangle.c: 10 warnings, 0 errors
linking...
Program Size: Code=11452 RO-data=336 RW-data=64 ZI-data=1672  
FromELF: creating hex file...
".\obj\tinyos-stm32.axf" - 0 Error(s), 10 Warning(s).
able "i" was declared but never referenced
    uint16_t i = 0;
F:\share\TinyOS-STM-v0.9b\apps\UsartSerialTest\build\emote\appmangle.c: 10 warnings, 2 errors
".\obj\tinyos-stm32.axf" - 2 Error(s), 10 Warning(s).
Target not created
 1 Error(s), 11 Warning(s).
Target not created
-D: variable "i" was declared but never referenced
    uint16_t i = 0;
F:\share\TinyOS-STM-v0.9b\apps\UsartSerialTest\build\emote\appmangle.c: 11 warnings, 3 errors
".\obj\tinyos-stm32.axf" - 3 Error(s), 11 Warning(s).
Target not created
g:  #223-D: function "assert_param" declared implicitly
    assert_param(IS_I2C_ALL_PERIPH(I2Cx));
F:\share\TinyOS-STM-v0.9b\tos\chips\stm32\fwlib\src\stm32f10x_i2c.c(640): warning:  #223-D: function "assert_param" declared implicitly
    assert_param(IS_I2C_ALL_PERIPH(I2Cx));
F:\share\TinyOS-STM-v0.9b\tos\chips\stm32\fwlib\src\stm32f10x_i2c.c(660): warning:  #223-D: function "assert_param" declared implicitly
    assert_param(IS_I2C_ALL_PERIPH(I2Cx));
F:\share\TinyOS-STM-v0.9b\tos\chips\stm32\fwlib\src\stm32f10x_i2c.c(686): warning:  #223-D: function "assert_param" declared implicitly
    assert_param(IS_I2C_ALL_PERIPH(I2Cx));
F:\share\TinyOS-STM-v0.9b\tos\chips\stm32\fwlib\src\stm32f10x_i2c.c(710): warning:  #223-D: function "assert_param" declared implicitly
    assert_param(IS_I2C_ALL_PERIPH(I2Cx));
F:\share\TinyOS-STM-v0.9b\tos\chips\stm32\fwlib\src\stm32f10x_i2c.c(736): warning:  #223-D: function "assert_param" declared implicitly
    assert_param(IS_I2C_ALL_PERIPH(I2Cx));
F:\share\TinyOS-STM-v0.9b\tos\chips\stm32\fwlib\src\stm32f10x_i2c.c(760): warning:  #223-D: function "assert_param" declared implicitly
    assert_param(IS_I2C_ALL_PERIPH(I2Cx));
F:\share\TinyOS-STM-v0.9b\tos\chips\stm32\fwlib\src\stm32f10x_i2c.c(782): warning:  #223-D: function "assert_param" declared implicitly
    assert_param(IS_I2C_ALL_PERIPH(I2Cx));
F:\share\TinyOS-STM-v0.9b\tos\chips\stm32\fwlib\src\stm32f10x_i2c.c(797): warning:  #223-D: function "assert_param" declared implicitly
    assert_param(IS_I2C_ALL_PERIPH(I2Cx));
F:\share\TinyOS-STM-v0.9b\tos\chips\stm32\fwlib\src\stm32f10x_i2c.c(821): warning:  #223-D: function "assert_param" declared implicitly
    assert_param(IS_I2C_ALL_PERIPH(I2Cx));
F:\share\TinyOS-STM-v0.9b\tos\chips\stm32\fwlib\src\stm32f10x_i2c.c(847): warning:  #223-D: function "assert_param" declared implicitly
    assert_param(IS_I2C_ALL_PERIPH(I2Cx));
F:\share\TinyOS-STM-v0.9b\tos\chips\stm32\fwlib\src\stm32f10x_i2c.c(991): warning:  #223-D: function "assert_param" declared implicitly
    assert_param(IS_I2C_ALL_PERIPH(I2Cx));
F:\share\TinyOS-STM-v0.9b\tos\chips\stm32\fwlib\src\stm32f10x_i2c.c(1006): error:  #20: identifier "SUCCESS_fwlib" is undefined
      status = SUCCESS_fwlib;
F:\share\TinyOS-STM-v0.9b\tos\chips\stm32\fwlib\src\stm32f10x_i2c.c(1038): warning:  #223-D: function "assert_param" declared implicitly
    assert_param(IS_I2C_ALL_PERIPH(I2Cx));
F:\share\TinyOS-STM-v0.9b\tos\chips\stm32\fwlib\src\stm32f10x_i2c.c(1093): warning:  #223-D: function "assert_param" declared implicitly
    assert_param(IS_I2C_ALL_PERIPH(I2Cx));
F:\share\TinyOS-STM-v0.9b\tos\chips\stm32\fwlib\src\stm32f10x_i2c.c(1170): warning:  #223-D: function "assert_param" declared implicitly
    assert_param(IS_I2C_ALL_PERIPH(I2Cx));
F:\share\TinyOS-STM-v0.9b\tos\chips\stm32\fwlib\src\stm32f10x_i2c.c(1206): warning:  #223-D: function "assert_param" declared implicitly
    assert_param(IS_I2C_ALL_PERIPH(I2Cx));
F:\share\TinyOS-STM-v0.9b\tos\chips\stm32\fwlib\src\stm32f10x_i2c.c(1265): warning:  #223-D: function "assert_param" declared implicitly
    assert_param(IS_I2C_ALL_PERIPH(I2Cx));
F:\share\TinyOS-STM-v0.9b\tos\chips\stm32\fwlib\src\stm32f10x_i2c.c: 31 warnings, 1 error
compiling stm32f10x_rcc.c...
F:\share\TinyOS-STM-v0.9b\tos\chips\stm32\fwlib\src\stm32f10x_rcc.c(272): warning:  #223-D: function "assert_param" declared implicitly
    assert_param(IS_RCC_HSE(RCC_HSE));
F:\share\TinyOS-STM-v0.9b\tos\chips\stm32\fwlib\src\stm32f10x_rcc.c(318): error:  #20: identifier "SUCCESS_fwlib" is undefined
      status = SUCCESS_fwlib;
F:\share\TinyOS-STM-v0.9b\tos\chips\stm32\fwlib\src\stm32f10x_rcc.c(337): warning:  #223-D: function "assert_param" declared implicitly
    assert_param(IS_RCC_CALIBRATION_VALUE(HSICalibrationValue));
F:\share\TinyOS-STM-v0.9b\tos\chips\stm32\fwlib\src\stm32f10x_rcc.c(356): warning:  #223-D: function "assert_param" declared implicitly
    assert_param(IS_FUNCTIONAL_STATE(NewState));
F:\share\TinyOS-STM-v0.9b\tos\chips\stm32\fwlib\src\stm32f10x_rcc.c(382): warning:  #223-D: function "assert_param" declared implicitly
    assert_param(IS_RCC_PLL_SOURCE(RCC_PLLSource));
F:\share\TinyOS-STM-v0.9b\tos\chips\stm32\fwlib\src\stm32f10x_rcc.c(403): warning:  #223-D: function "assert_param" declared implicitly
    assert_param(IS_FUNCTIONAL_STATE(NewState));
F:\share\TinyOS-STM-v0.9b\tos\chips\stm32\fwlib\src\stm32f10x_rcc.c(567): warning:  #223-D: function "assert_param" declared implicitly
    assert_param(IS_RCC_SYSCLK_SOURCE(RCC_SYSCLKSource));
F:\share\TinyOS-STM-v0.9b\tos\chips\stm32\fwlib\src\stm32f10x_rcc.c(611): warning:  #223-D: function "assert_param" declared implicitly
    assert_param(IS_RCC_HCLK(RCC_SYSCLK));
F:\share\TinyOS-STM-v0.9b\tos\chips\stm32\fwlib\src\stm32f10x_rcc.c(637): warning:  #223-D: function "assert_param" declared implicitly
    assert_param(IS_RCC_PCLK(RCC_HCLK));
F:\share\TinyOS-STM-v0.9b\tos\chips\stm32\fwlib\src\stm32f10x_rcc.c(663): warning:  #223-D: function "assert_param" declared implicitly
    assert_param(IS_RCC_PCLK(RCC_HCLK));
F:\share\TinyOS-STM-v0.9b\tos\chips\stm32\fwlib\src\stm32f10x_rcc.c(702): warning:  #223-D: function "assert_param" declared implicitly
    assert_param(IS_RCC_IT(RCC_IT));
F:\share\TinyOS-STM-v0.9b\tos\chips\stm32\fwlib\src\stm32f10x_rcc.c(730): warning:  #223-D: function "assert_param" declared implicitly
    assert_param(IS_RCC_USBCLK_SOURCE(RCC_USBCLKSource));
F:\share\TinyOS-STM-v0.9b\tos\chips\stm32\fwlib\src\stm32f10x_rcc.c(769): warning:  #223-D: function "assert_param" declared implicitly
    assert_param(IS_RCC_ADCCLK(RCC_PCLK2));
F:\share\TinyOS-STM-v0.9b\tos\chips\stm32\fwlib\src\stm32f10x_rcc.c(831): warning:  #223-D: function "assert_param" declared implicitly
    assert_param(IS_RCC_LSE(RCC_LSE));
F:\share\TinyOS-STM-v0.9b\tos\chips\stm32\fwlib\src\stm32f10x_rcc.c(864): warning:  #223-D: function "assert_param" declared implicitly
    assert_param(IS_FUNCTIONAL_STATE(NewState));
F:\share\TinyOS-STM-v0.9b\tos\chips\stm32\fwlib\src\stm32f10x_rcc.c(881): warning:  #223-D: function "assert_param" declared implicitly
    assert_param(IS_RCC_RTCCLK_SOURCE(RCC_RTCCLKSource));
F:\share\TinyOS-STM-v0.9b\tos\chips\stm32\fwlib\src\stm32f10x_rcc.c(895): warning:  #223-D: function "assert_param" declared implicitly
    assert_param(IS_FUNCTIONAL_STATE(NewState));
F:\share\TinyOS-STM-v0.9b\tos\chips\stm32\fwlib\src\stm32f10x_rcc.c(1066): warning:  #223-D: function "assert_param" declared implicitly
    assert_param(IS_RCC_AHB_PERIPH(RCC_AHBPeriph));
F:\share\TinyOS-STM-v0.9b\tos\chips\stm32\fwlib\src\stm32f10x_rcc.c(1097): warning:  #223-D: function "assert_param" declared implicitly
    assert_param(IS_RCC_APB2_PERIPH(RCC_APB2Periph));
F:\share\TinyOS-STM-v0.9b\tos\chips\stm32\fwlib\src\stm32f10x_rcc.c(1128): warning:  #223-D: function "assert_param" declared implicitly
    assert_param(IS_RCC_APB1_PERIPH(RCC_APB1Periph));
F:\share\TinyOS-STM-v0.9b\tos\chips\stm32\fwlib\src\stm32f10x_rcc.c(1187): warning:  #223-D: function "assert_param" declared implicitly
    assert_param(IS_RCC_APB2_PERIPH(RCC_APB2Periph));
F:\share\TinyOS-STM-v0.9b\tos\chips\stm32\fwlib\src\stm32f10x_rcc.c(1218): warning:  #223-D: function "assert_param" declared implicitly
    assert_param(IS_RCC_APB1_PERIPH(RCC_APB1Periph));
F:\share\TinyOS-STM-v0.9b\tos\chips\stm32\fwlib\src\stm32f10x_rcc.c(1239): warning:  #223-D: function "assert_param" declared implicitly
    assert_param(IS_FUNCTIONAL_STATE(NewState));
F:\share\TinyOS-STM-v0.9b\tos\chips\stm32\fwlib\src\stm32f10x_rcc.c(1252): warning:  #223-D: function "assert_param" declared implicitly
    assert_param(IS_FUNCTIONAL_STATE(NewState));
F:\share\TinyOS-STM-v0.9b\tos\chips\stm32\fwlib\src\stm32f10x_rcc.c(1284): warning:  #223-D: function "assert_param" declared implicitly
    assert_param(IS_RCC_MCO(RCC_MCO));
F:\share\TinyOS-STM-v0.9b\tos\chips\stm32\fwlib\src\stm32f10x_rcc.c(1331): warning:  #223-D: function "assert_param" declared implicitly
    assert_param(IS_RCC_FLAG(RCC_FLAG));
F:\share\TinyOS-STM-v0.9b\tos\chips\stm32\fwlib\src\stm32f10x_rcc.c(1405): warning:  #223-D: function "assert_param" declared implicitly
    assert_param(IS_RCC_GET_IT(RCC_IT));
F:\share\TinyOS-STM-v0.9b\tos\chips\stm32\fwlib\src\stm32f10x_rcc.c(1450): warning:  #223-D: function "assert_param" declared implicitly
    assert_param(IS_RCC_CLEAR_IT(RCC_IT));
F:\share\TinyOS-STM-v0.9b\tos\chips\stm32\fwlib\src\stm32f10x_rcc.c: 27 warnings, 1 error
compiling Serial.c...
".\obj\tinyos-stm32.axf" - 2 Error(s), 58 Warning(s).
Target not created
g(s).
Target not created
declaration USART1_Init - give arg types
  void USART1_Init();
F:\share\TinyOS-STM-v0.9b\tos\chips\stm32\uart-serial\usart_conf.h(27): warning:  #1295-D: Deprecated declaration USART1_irt - give arg types
  void USART1_irt();
F:\share\TinyOS-STM-v0.9b\tos\chips\stm32\uart-serial\Serial.c: 2 warnings, 0 errors
compiling usart_conf.c...
F:\share\TinyOS-STM-v0.9b\tos\chips\stm32\uart-serial\usart_conf.h(26): warning:  #1295-D: Deprecated declaration USART1_Init - give arg types
  void USART1_Init();
F:\share\TinyOS-STM-v0.9b\tos\chips\stm32\uart-serial\usart_conf.h(27): warning:  #1295-D: Deprecated declaration USART1_irt - give arg types
  void USART1_irt();
F:\share\TinyOS-STM-v0.9b\tos\chips\stm32\uart-serial\usart_conf.c: 2 warnings, 0 errors
".\obj\tinyos-stm32.axf" - 2 Error(s), 62 Warning(s).
Target not created
S-STM-v0.9b\tos\chips\stm32\fwlib\src\stm32f10x_can.c: 18 warnings, 0 errors
compiling stm32f10x_cec.c...
F:\share\TinyOS-STM-v0.9b\tos\chips\stm32\fwlib\src\stm32f10x_cec.c(139): warning:  #223-D: function "assert_param" declared implicitly
    assert_param(IS_CEC_BIT_TIMING_ERROR_MODE(CEC_InitStruct->CEC_BitTimingMode)); 
F:\share\TinyOS-STM-v0.9b\tos\chips\stm32\fwlib\src\stm32f10x_cec.c(166): warning:  #223-D: function "assert_param" declared implicitly
    assert_param(IS_FUNCTIONAL_STATE(NewState));
F:\share\TinyOS-STM-v0.9b\tos\chips\stm32\fwlib\src\stm32f10x_cec.c(188): warning:  #223-D: function "assert_param" declared implicitly
    assert_param(IS_FUNCTIONAL_STATE(NewState));
F:\share\TinyOS-STM-v0.9b\tos\chips\stm32\fwlib\src\stm32f10x_cec.c(201): warning:  #223-D: function "assert_param" declared implicitly
    assert_param(IS_CEC_ADDRESS(CEC_OwnAddress));
F:\share\TinyOS-STM-v0.9b\tos\chips\stm32\fwlib\src\stm32f10x_cec.c(215): warning:  #223-D: function "assert_param" declared implicitly
    assert_param(IS_CEC_PRESCALER(CEC_Prescaler));
F:\share\TinyOS-STM-v0.9b\tos\chips\stm32\fwlib\src\stm32f10x_cec.c(264): warning:  #223-D: function "assert_param" declared implicitly
    assert_param(IS_FUNCTIONAL_STATE(NewState));
F:\share\TinyOS-STM-v0.9b\tos\chips\stm32\fwlib\src\stm32f10x_cec.c(296): warning:  #223-D: function "assert_param" declared implicitly
    assert_param(IS_CEC_GET_FLAG(CEC_FLAG));
F:\share\TinyOS-STM-v0.9b\tos\chips\stm32\fwlib\src\stm32f10x_cec.c(353): warning:  #223-D: function "assert_param" declared implicitly
    assert_param(IS_CEC_CLEAR_FLAG(CEC_FLAG));
F:\share\TinyOS-STM-v0.9b\tos\chips\stm32\fwlib\src\stm32f10x_cec.c(377): warning:  #223-D: function "assert_param" declared implicitly
     assert_param(IS_CEC_GET_IT(CEC_IT));
F:\share\TinyOS-STM-v0.9b\tos\chips\stm32\fwlib\src\stm32f10x_cec.c(412): warning:  #223-D: function "assert_param" declared implicitly
    assert_param(IS_CEC_GET_IT(CEC_IT));
F:\share\TinyOS-STM-v0.9b\tos\chips\stm32\fwlib\src\stm32f10x_cec.c: 10 warnings, 0 errors
compiling stm32f10x_crc.c...
compiling stm32f10x_dac.c...
F:\share\TinyOS-STM-v0.9b\tos\chips\stm32\fwlib\src\stm32f10x_dac.c(120): warning:  #223-D: function "assert_param" declared implicitly
    assert_param(IS_DAC_TRIGGER(DAC_InitStruct->DAC_Trigger));
F:\share\TinyOS-STM-v0.9b\tos\chips\stm32\fwlib\src\stm32f10x_dac.c(175): warning:  #223-D: function "assert_param" declared implicitly
    assert_param(IS_DAC_CHANNEL(DAC_Channel));
F:\share\TinyOS-STM-v0.9b\tos\chips\stm32\fwlib\src\stm32f10x_dac.c(235): warning:  #223-D: function "assert_param" declared implicitly
    assert_param(IS_DAC_CHANNEL(DAC_Channel));
F:\share\TinyOS-STM-v0.9b\tos\chips\stm32\fwlib\src\stm32f10x_dac.c(262): warning:  #223-D: function "assert_param" declared implicitly
    assert_param(IS_DAC_CHANNEL(DAC_Channel));
F:\share\TinyOS-STM-v0.9b\tos\chips\stm32\fwlib\src\stm32f10x_dac.c(286): warning:  #223-D: function "assert_param" declared implicitly
    assert_param(IS_FUNCTIONAL_STATE(NewState));
F:\share\TinyOS-STM-v0.9b\tos\chips\stm32\fwlib\src\stm32f10x_dac.c(316): warning:  #223-D: function "assert_param" declared implicitly
    assert_param(IS_DAC_CHANNEL(DAC_Channel));
F:\share\TinyOS-STM-v0.9b\tos\chips\stm32\fwlib\src\stm32f10x_dac.c(346): warning:  #223-D: function "assert_param" declared implicitly
    assert_param(IS_DAC_ALIGN(DAC_Align));
F:\share\TinyOS-STM-v0.9b\tos\chips\stm32\fwlib\src\stm32f10x_dac.c(371): warning:  #223-D: function "assert_param" declared implicitly
    assert_param(IS_DAC_ALIGN(DAC_Align));
F:\share\TinyOS-STM-v0.9b\tos\chips\stm32\fwlib\src\stm32f10x_dac.c(400): warning:  #223-D: function "assert_param" declared implicitly
    assert_param(IS_DAC_ALIGN(DAC_Align));
F:\share\TinyOS-STM-v0.9b\tos\chips\stm32\fwlib\src\stm32f10x_dac.c(434): warning:  #223-D: function "assert_param" declared implicitly
    assert_param(IS_DAC_CHANNEL(DAC_Channel));
F:\share\TinyOS-STM-v0.9b\tos\chips\stm32\fwlib\src\stm32f10x_dac.c: 10 warnings, 0 errors
compiling stm32f10x_dbgmcu.c...
F:\share\TinyOS-STM-v0.9b\tos\chips\stm32\fwlib\src\stm32f10x_dbgmcu.c(136): warning:  #223-D: function "assert_param" declared implicitly
    assert_param(IS_DBGMCU_PERIPH(DBGMCU_Periph));
F:\share\TinyOS-STM-v0.9b\tos\chips\stm32\fwlib\src\stm32f10x_dbgmcu.c: 1 warning, 0 errors
compiling stm32f10x_dma.c...
F:\share\TinyOS-STM-v0.9b\tos\chips\stm32\fwlib\src\stm32f10x_dma.c(110): warning:  #223-D: function "assert_param" declared implicitly
    assert_param(IS_DMA_ALL_PERIPH(DMAy_Channelx));
F:\share\TinyOS-STM-v0.9b\tos\chips\stm32\fwlib\src\stm32f10x_dma.c(206): warning:  #223-D: function "assert_param" declared implicitly
    assert_param(IS_DMA_ALL_PERIPH(DMAy_Channelx));
F:\share\TinyOS-STM-v0.9b\tos\chips\stm32\fwlib\src\stm32f10x_dma.c(296): warning:  #223-D: function "assert_param" declared implicitly
    assert_param(IS_DMA_ALL_PERIPH(DMAy_Channelx));
F:\share\TinyOS-STM-v0.9b\tos\chips\stm32\fwlib\src\stm32f10x_dma.c(328): warning:  #223-D: function "assert_param" declared implicitly
    assert_param(IS_DMA_ALL_PERIPH(DMAy_Channelx));
F:\share\TinyOS-STM-v0.9b\tos\chips\stm32\fwlib\src\stm32f10x_dma.c(355): warning:  #223-D: function "assert_param" declared implicitly
    assert_param(IS_DMA_ALL_PERIPH(DMAy_Channelx));
F:\share\TinyOS-STM-v0.9b\tos\chips\stm32\fwlib\src\stm32f10x_dma.c(373): warning:  #223-D: function "assert_param" declared implicitly
    assert_param(IS_DMA_ALL_PERIPH(DMAy_Channelx));
F:\share\TinyOS-STM-v0.9b\tos\chips\stm32\fwlib\src\stm32f10x_dma.c(437): warning:  #223-D: function "assert_param" declared implicitly
    assert_param(IS_DMA_GET_FLAG(DMA_FLAG));
F:\share\TinyOS-STM-v0.9b\tos\chips\stm32\fwlib\src\stm32f10x_dma.c(524): warning:  #223-D: function "assert_param" declared implicitly
    assert_param(IS_DMA_CLEAR_FLAG(DMA_FLAG));
F:\share\TinyOS-STM-v0.9b\tos\chips\stm32\fwlib\src\stm32f10x_dma.c(598): warning:  #223-D: function "assert_param" declared implicitly
    assert_param(IS_DMA_GET_IT(DMA_IT));
F:\share\TinyOS-STM-v0.9b\tos\chips\stm32\fwlib\src\stm32f10x_dma.c(684): warning:  #223-D: function "assert_param" declared implicitly
    assert_param(IS_DMA_CLEAR_IT(DMA_IT));
F:\share\TinyOS-STM-v0.9b\tos\chips\stm32\fwlib\src\stm32f10x_dma.c: 10 warnings, 0 errors
compiling stm32f10x_exti.c...
F:\share\TinyOS-STM-v0.9b\tos\chips\stm32\fwlib\src\stm32f10x_exti.c(105): warning:  #223-D: function "assert_param" declared implicitly
    assert_param(IS_EXTI_MODE(EXTI_InitStruct->EXTI_Mode));
F:\share\TinyOS-STM-v0.9b\tos\chips\stm32\fwlib\src\stm32f10x_exti.c(173): warning:  #223-D: function "assert_param" declared implicitly
    assert_param(IS_EXTI_LINE(EXTI_Line));
F:\share\TinyOS-STM-v0.9b\tos\chips\stm32\fwlib\src\stm32f10x_exti.c(189): warning:  #223-D: function "assert_param" declared implicitly
    assert_param(IS_GET_EXTI_LINE(EXTI_Line));
F:\share\TinyOS-STM-v0.9b\tos\chips\stm32\fwlib\src\stm32f10x_exti.c(211): warning:  #223-D: function "assert_param" declared implicitly
    assert_param(IS_EXTI_LINE(EXTI_Line));
F:\share\TinyOS-STM-v0.9b\tos\chips\stm32\fwlib\src\stm32f10x_exti.c(228): warning:  #223-D: function "assert_param" declared implicitly
    assert_param(IS_GET_EXTI_LINE(EXTI_Line));
F:\share\TinyOS-STM-v0.9b\tos\chips\stm32\fwlib\src\stm32f10x_exti.c(251): warning:  #223-D: function "assert_param" declared implicitly
    assert_param(IS_EXTI_LINE(EXTI_Line));
F:\share\TinyOS-STM-v0.9b\tos\chips\stm32\fwlib\src\stm32f10x_exti.c: 6 warnings, 0 errors
compiling stm32f10x_flash.c...
F:\share\TinyOS-STM-v0.9b\tos\chips\stm32\fwlib\src\stm32f10x_flash.c(258): warning:  #223-D: function "assert_param" declared implicitly
    assert_param(IS_FLASH_LATENCY(FLASH_Latency));
F:\share\TinyOS-STM-v0.9b\tos\chips\stm32\fwlib\src\stm32f10x_flash.c(283): warning:  #223-D: function "assert_param" declared implicitly
    assert_param(IS_FLASH_HALFCYCLEACCESS_STATE(FLASH_HalfCycleAccess));
F:\share\TinyOS-STM-v0.9b\tos\chips\stm32\fwlib\src\stm32f10x_flash.c(302): warning:  #223-D: function "assert_param" declared implicitly
    assert_param(IS_FLASH_PREFETCHBUFFER_STATE(FLASH_PrefetchBuffer));
F:\share\TinyOS-STM-v0.9b\tos\chips\stm32\fwlib\src\stm32f10x_flash.c(422): warning:  #223-D: function "assert_param" declared implicitly
    assert_param(IS_FLASH_ADDRESS(Page_Address));
F:\share\TinyOS-STM-v0.9b\tos\chips\stm32\fwlib\src\stm32f10x_flash.c(686): warning:  #223-D: function "assert_param" declared implicitly
    assert_param(IS_FLASH_ADDRESS(Address));
F:\share\TinyOS-STM-v0.9b\tos\chips\stm32\fwlib\src\stm32f10x_flash.c(861): warning:  #223-D: function "assert_param" declared implicitly
    assert_param(IS_FLASH_ADDRESS(Address));
F:\share\TinyOS-STM-v0.9b\tos\chips\stm32\fwlib\src\stm32f10x_flash.c(932): warning:  #223-D: function "assert_param" declared implicitly
    assert_param(IS_OB_DATA_ADDRESS(Address));
F:\share\TinyOS-STM-v0.9b\tos\chips\stm32\fwlib\src\stm32f10x_flash.c(981): warning:  #223-D: function "assert_param" declared implicitly
    assert_param(IS_FLASH_WRPROT_PAGE(FLASH_Pages));
F:\share\TinyOS-STM-v0.9b\tos\chips\stm32\fwlib\src\stm32f10x_flash.c(1052): warning:  #223-D: function "assert_param" declared implicitly
    assert_param(IS_FUNCTIONAL_STATE(NewState));
F:\share\TinyOS-STM-v0.9b\tos\chips\stm32\fwlib\src\stm32f10x_flash.c(1122): warning:  #223-D: function "assert_param" declared implicitly
    assert_param(IS_OB_IWDG_SOURCE(OB_IWDG));
F:\share\TinyOS-STM-v0.9b\tos\chips\stm32\fwlib\src\stm32f10x_flash.c(1174): warning:  #223-D: function "assert_param" declared implicitly
    assert_param(IS_FLASH_BOOT(FLASH_BOOT));
F:\share\TinyOS-STM-v0.9b\tos\chips\stm32\fwlib\src\stm32f10x_flash.c(1293): warning:  #223-D: function "assert_param" declared implicitly
    assert_param(IS_FLASH_IT(FLASH_IT)); 
F:\share\TinyOS-STM-v0.9b\tos\chips\stm32\fwlib\src\stm32f10x_flash.c(1362): warning:  #223-D: function "assert_param" declared implicitly
    assert_param(IS_FLASH_GET_FLAG(FLASH_FLAG)) ;
F:\share\TinyOS-STM-v0.9b\tos\chips\stm32\fwlib\src\stm32f10x_flash.c(1446): warning:  #223-D: function "assert_param" declared implicitly
    assert_param(IS_FLASH_CLEAR_FLAG(FLASH_FLAG)) ;
F:\share\TinyOS-STM-v0.9b\tos\chips\stm32\fwlib\src\stm32f10x_flash.c: 14 warnings, 0 errors
compiling stm32f10x_fsmc.c...
F:\share\TinyOS-STM-v0.9b\tos\chips\stm32\fwlib\src\stm32f10x_fsmc.c(104): warning:  #223-D: function "assert_param" declared implicitly
    assert_param(IS_FSMC_NORSRAM_BANK(FSMC_Bank));
F:\share\TinyOS-STM-v0.9b\tos\chips\stm32\fwlib\src\stm32f10x_fsmc.c(131): warning:  #223-D: function "assert_param" declared implicitly
    assert_param(IS_FSMC_NAND_BANK(FSMC_Bank));
F:\share\TinyOS-STM-v0.9b\tos\chips\stm32\fwlib\src\stm32f10x_fsmc.c(178): warning:  #223-D: function "assert_param" declared implicitly
    assert_param(IS_FSMC_NORSRAM_BANK(FSMC_NORSRAMInitStruct->FSMC_Bank));
F:\share\TinyOS-STM-v0.9b\tos\chips\stm32\fwlib\src\stm32f10x_fsmc.c(265): warning:  #223-D: function "assert_param" declared implicitly
    assert_param( IS_FSMC_NAND_BANK(FSMC_NANDInitStruct->FSMC_Bank));
F:\share\TinyOS-STM-v0.9b\tos\chips\stm32\fwlib\src\stm32f10x_fsmc.c(328): warning:  #223-D: function "assert_param" declared implicitly
    assert_param(IS_FSMC_WAIT_FEATURE(FSMC_PCCARDInitStruct->FSMC_Waitfeature));
F:\share\TinyOS-STM-v0.9b\tos\chips\stm32\fwlib\src\stm32f10x_fsmc.c(474): warning:  #223-D: function "assert_param" declared implicitly
    assert_param(IS_FSMC_NORSRAM_BANK(FSMC_Bank));
F:\share\TinyOS-STM-v0.9b\tos\chips\stm32\fwlib\src\stm32f10x_fsmc.c(500): warning:  #223-D: function "assert_param" declared implicitly
    assert_param(IS_FSMC_NAND_BANK(FSMC_Bank));
F:\share\TinyOS-STM-v0.9b\tos\chips\stm32\fwlib\src\stm32f10x_fsmc.c(537): warning:  #223-D: function "assert_param" declared implicitly
    assert_param(IS_FUNCTIONAL_STATE(NewState));
F:\share\TinyOS-STM-v0.9b\tos\chips\stm32\fwlib\src\stm32f10x_fsmc.c(563): warning:  #223-D: function "assert_param" declared implicitly
    assert_param(IS_FSMC_NAND_BANK(FSMC_Bank));
F:\share\TinyOS-STM-v0.9b\tos\chips\stm32\fwlib\src\stm32f10x_fsmc.c(636): warning:  #223-D: function "assert_param" declared implicitly
    assert_param(IS_FSMC_IT_BANK(FSMC_Bank));
F:\share\TinyOS-STM-v0.9b\tos\chips\stm32\fwlib\src\stm32f10x_fsmc.c(700): warning:  #223-D: function "assert_param" declared implicitly
    assert_param(IS_FSMC_GETFLAG_BANK(FSMC_Bank));
F:\share\TinyOS-STM-v0.9b\tos\chips\stm32\fwlib\src\stm32f10x_fsmc.c(747): warning:  #223-D: function "assert_param" declared implicitly
    assert_param(IS_FSMC_GETFLAG_BANK(FSMC_Bank));
F:\share\TinyOS-STM-v0.9b\tos\chips\stm32\fwlib\src\stm32f10x_fsmc.c(785): warning:  #223-D: function "assert_param" declared implicitly
    assert_param(IS_FSMC_IT_BANK(FSMC_Bank));
F:\share\TinyOS-STM-v0.9b\tos\chips\stm32\fwlib\src\stm32f10x_fsmc.c(833): warning:  #223-D: function "assert_param" declared implicitly
    assert_param(IS_FSMC_IT_BANK(FSMC_Bank));
F:\share\TinyOS-STM-v0.9b\tos\chips\stm32\fwlib\src\stm32f10x_fsmc.c: 14 warnings, 0 errors
compiling stm32f10x_gpio.c...
F:\share\TinyOS-STM-v0.9b\tos\chips\stm32\fwlib\src\stm32f10x_gpio.c(110): warning:  #223-D: function "assert_param" declared implicitly
    assert_param(IS_GPIO_ALL_PERIPH(GPIOx));
F:\share\TinyOS-STM-v0.9b\tos\chips\stm32\fwlib\src\stm32f10x_gpio.c(177): warning:  #223-D: function "assert_param" declared implicitly
    assert_param(IS_GPIO_ALL_PERIPH(GPIOx));
F:\share\TinyOS-STM-v0.9b\tos\chips\stm32\fwlib\src\stm32f10x_gpio.c(285): warning:  #223-D: function "assert_param" declared implicitly
    assert_param(IS_GPIO_ALL_PERIPH(GPIOx));
F:\share\TinyOS-STM-v0.9b\tos\chips\stm32\fwlib\src\stm32f10x_gpio.c(307): warning:  #223-D: function "assert_param" declared implicitly
    assert_param(IS_GPIO_ALL_PERIPH(GPIOx));
F:\share\TinyOS-STM-v0.9b\tos\chips\stm32\fwlib\src\stm32f10x_gpio.c(323): warning:  #223-D: function "assert_param" declared implicitly
    assert_param(IS_GPIO_ALL_PERIPH(GPIOx));
F:\share\TinyOS-STM-v0.9b\tos\chips\stm32\fwlib\src\stm32f10x_gpio.c(345): warning:  #223-D: function "assert_param" declared implicitly
    assert_param(IS_GPIO_ALL_PERIPH(GPIOx));
F:\share\TinyOS-STM-v0.9b\tos\chips\stm32\fwlib\src\stm32f10x_gpio.c(360): warning:  #223-D: function "assert_param" declared implicitly
    assert_param(IS_GPIO_ALL_PERIPH(GPIOx));
F:\share\TinyOS-STM-v0.9b\tos\chips\stm32\fwlib\src\stm32f10x_gpio.c(376): warning:  #223-D: function "assert_param" declared implicitly
    assert_param(IS_GPIO_ALL_PERIPH(GPIOx));
F:\share\TinyOS-STM-v0.9b\tos\chips\stm32\fwlib\src\stm32f10x_gpio.c(396): warning:  #223-D: function "assert_param" declared implicitly
    assert_param(IS_GPIO_ALL_PERIPH(GPIOx));
F:\share\TinyOS-STM-v0.9b\tos\chips\stm32\fwlib\src\stm32f10x_gpio.c(419): warning:  #223-D: function "assert_param" declared implicitly
    assert_param(IS_GPIO_ALL_PERIPH(GPIOx));
F:\share\TinyOS-STM-v0.9b\tos\chips\stm32\fwlib\src\stm32f10x_gpio.c(436): warning:  #223-D: function "assert_param" declared implicitly
    assert_param(IS_GPIO_ALL_PERIPH(GPIOx));
F:\share\TinyOS-STM-v0.9b\tos\chips\stm32\fwlib\src\stm32f10x_gpio.c(465): warning:  #223-D: function "assert_param" declared implicitly
    assert_param(IS_GPIO_EVENTOUT_PORT_SOURCE(GPIO_PortSource));
F:\share\TinyOS-STM-v0.9b\tos\chips\stm32\fwlib\src\stm32f10x_gpio.c(485): warning:  #223-D: function "assert_param" declared implicitly
    assert_param(IS_FUNCTIONAL_STATE(NewState));
F:\share\TinyOS-STM-v0.9b\tos\chips\stm32\fwlib\src\stm32f10x_gpio.c(551): warning:  #223-D: function "assert_param" declared implicitly
    assert_param(IS_GPIO_REMAP(GPIO_Remap));
F:\share\TinyOS-STM-v0.9b\tos\chips\stm32\fwlib\src\stm32f10x_gpio.c(610): warning:  #223-D: function "assert_param" declared implicitly
    assert_param(IS_GPIO_EXTI_PORT_SOURCE(GPIO_PortSource));
F:\share\TinyOS-STM-v0.9b\tos\chips\stm32\fwlib\src\stm32f10x_gpio.c(629): warning:  #223-D: function "assert_param" declared implicitly
    assert_param(IS_GPIO_ETH_MEDIA_INTERFACE(GPIO_ETH_MediaInterface)); 
F:\share\TinyOS-STM-v0.9b\tos\chips\stm32\fwlib\src\stm32f10x_gpio.c: 16 warnings, 0 errors
compiling stm32f10x_i2c.c...
F:\share\TinyOS-STM-v0.9b\tos\chips\stm32\fwlib\src\stm32f10x_i2c.c(164): warning:  #223-D: function "assert_param" declared implicitly
    assert_param(IS_I2C_ALL_PERIPH(I2Cx));
F:\share\TinyOS-STM-v0.9b\tos\chips\stm32\fwlib\src\stm32f10x_i2c.c(197): warning:  #223-D: function "assert_param" declared implicitly
    assert_param(IS_I2C_ALL_PERIPH(I2Cx));
F:\share\TinyOS-STM-v0.9b\tos\chips\stm32\fwlib\src\stm32f10x_i2c.c(324): warning:  #223-D: function "assert_param" declared implicitly
    assert_param(IS_I2C_ALL_PERIPH(I2Cx));
F:\share\TinyOS-STM-v0.9b\tos\chips\stm32\fwlib\src\stm32f10x_i2c.c(348): warning:  #223-D: function "assert_param" declared implicitly
    assert_param(IS_I2C_ALL_PERIPH(I2Cx));
F:\share\TinyOS-STM-v0.9b\tos\chips\stm32\fwlib\src\stm32f10x_i2c.c(372): warning:  #223-D: function "assert_param" declared implicitly
    assert_param(IS_I2C_ALL_PERIPH(I2Cx));
F:\share\TinyOS-STM-v0.9b\tos\chips\stm32\fwlib\src\stm32f10x_i2c.c(396): warning:  #223-D: function "assert_param" declared implicitly
    assert_param(IS_I2C_ALL_PERIPH(I2Cx));
F:\share\TinyOS-STM-v0.9b\tos\chips\stm32\fwlib\src\stm32f10x_i2c.c(420): warning:  #223-D: function "assert_param" declared implicitly
    assert_param(IS_I2C_ALL_PERIPH(I2Cx));
F:\share\TinyOS-STM-v0.9b\tos\chips\stm32\fwlib\src\stm32f10x_i2c.c(444): warning:  #223-D: function "assert_param" declared implicitly
    assert_param(IS_I2C_ALL_PERIPH(I2Cx));
F:\share\TinyOS-STM-v0.9b\tos\chips\stm32\fwlib\src\stm32f10x_i2c.c(469): warning:  #223-D: function "assert_param" declared implicitly
    assert_param(IS_I2C_ALL_PERIPH(I2Cx));
F:\share\TinyOS-STM-v0.9b\tos\chips\stm32\fwlib\src\stm32f10x_i2c.c(494): warning:  #223-D: function "assert_param" declared implicitly
    assert_param(IS_I2C_ALL_PERIPH(I2Cx));
F:\share\TinyOS-STM-v0.9b\tos\chips\stm32\fwlib\src\stm32f10x_i2c.c(518): warning:  #223-D: function "assert_param" declared implicitly
    assert_param(IS_I2C_ALL_PERIPH(I2Cx));
F:\share\TinyOS-STM-v0.9b\tos\chips\stm32\fwlib\src\stm32f10x_i2c.c(547): warning:  #223-D: function "assert_param" declared implicitly
    assert_param(IS_I2C_ALL_PERIPH(I2Cx));
F:\share\TinyOS-STM-v0.9b\tos\chips\stm32\fwlib\src\stm32f10x_i2c.c(572): warning:  #223-D: function "assert_param" declared implicitly
    assert_param(IS_I2C_ALL_PERIPH(I2Cx));
F:\share\TinyOS-STM-v0.9b\tos\chips\stm32\fwlib\src\stm32f10x_i2c.c(585): warning:  #223-D: function "assert_param" declared implicitly
    assert_param(IS_I2C_ALL_PERIPH(I2Cx));
F:\share\TinyOS-STM-v0.9b\tos\chips\stm32\fwlib\src\stm32f10x_i2c.c(603): warning:  #223-D: function "assert_param" declared implicitly
    assert_param(IS_I2C_ALL_PERIPH(I2Cx));
F:\share\TinyOS-STM-v0.9b\tos\chips\stm32\fwlib\src\stm32f10x_i2c.c(640): warning:  #223-D: function "assert_param" declared implicitly
    assert_param(IS_I2C_ALL_PERIPH(I2Cx));
F:\share\TinyOS-STM-v0.9b\tos\chips\stm32\fwlib\src\stm32f10x_i2c.c(660): warning:  #223-D: function "assert_param" declared implicitly
    assert_param(IS_I2C_ALL_PERIPH(I2Cx));
F:\share\TinyOS-STM-v0.9b\tos\chips\stm32\fwlib\src\stm32f10x_i2c.c(686): warning:  #223-D: function "assert_param" declared implicitly
    assert_param(IS_I2C_ALL_PERIPH(I2Cx));
F:\share\TinyOS-STM-v0.9b\tos\chips\stm32\fwlib\src\stm32f10x_i2c.c(710): warning:  #223-D: function "assert_param" declared implicitly
    assert_param(IS_I2C_ALL_PERIPH(I2Cx));
F:\share\TinyOS-STM-v0.9b\tos\chips\stm32\fwlib\src\stm32f10x_i2c.c(736): warning:  #223-D: function "assert_param" declared implicitly
    assert_param(IS_I2C_ALL_PERIPH(I2Cx));
F:\share\TinyOS-STM-v0.9b\tos\chips\stm32\fwlib\src\stm32f10x_i2c.c(760): warning:  #223-D: function "assert_param" declared implicitly
    assert_param(IS_I2C_ALL_PERIPH(I2Cx));
F:\share\TinyOS-STM-v0.9b\tos\chips\stm32\fwlib\src\stm32f10x_i2c.c(782): warning:  #223-D: function "assert_param" declared implicitly
    assert_param(IS_I2C_ALL_PERIPH(I2Cx));
F:\share\TinyOS-STM-v0.9b\tos\chips\stm32\fwlib\src\stm32f10x_i2c.c(797): warning:  #223-D: function "assert_param" declared implicitly
    assert_param(IS_I2C_ALL_PERIPH(I2Cx));
F:\share\TinyOS-STM-v0.9b\tos\chips\stm32\fwlib\src\stm32f10x_i2c.c(821): warning:  #223-D: function "assert_param" declared implicitly
    assert_param(IS_I2C_ALL_PERIPH(I2Cx));
F:\share\TinyOS-STM-v0.9b\tos\chips\stm32\fwlib\src\stm32f10x_i2c.c(847): warning:  #223-D: function "assert_param" declared implicitly
    assert_param(IS_I2C_ALL_PERIPH(I2Cx));
F:\share\TinyOS-STM-v0.9b\tos\chips\stm32\fwlib\src\stm32f10x_i2c.c(991): warning:  #223-D: function "assert_param" declared implicitly
    assert_param(IS_I2C_ALL_PERIPH(I2Cx));
F:\share\TinyOS-STM-v0.9b\tos\chips\stm32\fwlib\src\stm32f10x_i2c.c(1006): error:  #20: identifier "SUCCESS_fwlib" is undefined
      status = SUCCESS_fwlib;
F:\share\TinyOS-STM-v0.9b\tos\chips\stm32\fwlib\src\stm32f10x_i2c.c(1038): warning:  #223-D: function "assert_param" declared implicitly
    assert_param(IS_I2C_ALL_PERIPH(I2Cx));
F:\share\TinyOS-STM-v0.9b\tos\chips\stm32\fwlib\src\stm32f10x_i2c.c(1093): warning:  #223-D: function "assert_param" declared implicitly
    assert_param(IS_I2C_ALL_PERIPH(I2Cx));
F:\share\TinyOS-STM-v0.9b\tos\chips\stm32\fwlib\src\stm32f10x_i2c.c(1170): warning:  #223-D: function "assert_param" declared implicitly
    assert_param(IS_I2C_ALL_PERIPH(I2Cx));
F:\share\TinyOS-STM-v0.9b\tos\chips\stm32\fwlib\src\stm32f10x_i2c.c(1206): warning:  #223-D: function "assert_param" declared implicitly
    assert_param(IS_I2C_ALL_PERIPH(I2Cx));
F:\share\TinyOS-STM-v0.9b\tos\chips\stm32\fwlib\src\stm32f10x_i2c.c(1265): warning:  #223-D: function "assert_param" declared implicitly
    assert_param(IS_I2C_ALL_PERIPH(I2Cx));
F:\share\TinyOS-STM-v0.9b\tos\chips\stm32\fwlib\src\stm32f10x_i2c.c: 31 warnings, 1 error
compiling stm32f10x_iwdg.c...
F:\share\TinyOS-STM-v0.9b\tos\chips\stm32\fwlib\src\stm32f10x_iwdg.c(94): warning:  #223-D: function "assert_param" declared implicitly
    assert_param(IS_IWDG_WRITE_ACCESS(IWDG_WriteAccess));
F:\share\TinyOS-STM-v0.9b\tos\chips\stm32\fwlib\src\stm32f10x_iwdg.c(114): warning:  #223-D: function "assert_param" declared implicitly
    assert_param(IS_IWDG_PRESCALER(IWDG_Prescaler));
F:\share\TinyOS-STM-v0.9b\tos\chips\stm32\fwlib\src\stm32f10x_iwdg.c(127): warning:  #223-D: function "assert_param" declared implicitly
    assert_param(IS_IWDG_RELOAD(Reload));
F:\share\TinyOS-STM-v0.9b\tos\chips\stm32\fwlib\src\stm32f10x_iwdg.c(164): warning:  #223-D: function "assert_param" declared implicitly
    assert_param(IS_IWDG_FLAG(IWDG_FLAG));
F:\share\TinyOS-STM-v0.9b\tos\chips\stm32\fwlib\src\stm32f10x_iwdg.c: 4 warnings, 0 errors
compiling stm32f10x_pwr.c...
F:\share\TinyOS-STM-v0.9b\tos\chips\stm32\fwlib\src\stm32f10x_pwr.c(126): warning:  #223-D: function "assert_param" declared implicitly
    assert_param(IS_FUNCTIONAL_STATE(NewState));
F:\share\TinyOS-STM-v0.9b\tos\chips\stm32\fwlib\src\stm32f10x_pwr.c(139): warning:  #223-D: function "assert_param" declared implicitly
    assert_param(IS_FUNCTIONAL_STATE(NewState));
F:\share\TinyOS-STM-v0.9b\tos\chips\stm32\fwlib\src\stm32f10x_pwr.c(161): warning:  #223-D: function "assert_param" declared implicitly
    assert_param(IS_PWR_PVD_LEVEL(PWR_PVDLevel));
F:\share\TinyOS-STM-v0.9b\tos\chips\stm32\fwlib\src\stm32f10x_pwr.c(180): warning:  #223-D: function "assert_param" declared implicitly
    assert_param(IS_FUNCTIONAL_STATE(NewState));
F:\share\TinyOS-STM-v0.9b\tos\chips\stm32\fwlib\src\stm32f10x_pwr.c(200): warning:  #223-D: function "assert_param" declared implicitly
    assert_param(IS_PWR_REGULATOR(PWR_Regulator));
F:\share\TinyOS-STM-v0.9b\tos\chips\stm32\fwlib\src\stm32f10x_pwr.c(264): warning:  #223-D: function "assert_param" declared implicitly
    assert_param(IS_PWR_GET_FLAG(PWR_FLAG));
F:\share\TinyOS-STM-v0.9b\tos\chips\stm32\fwlib\src\stm32f10x_pwr.c(289): warning:  #223-D: function "assert_param" declared implicitly
    assert_param(IS_PWR_CLEAR_FLAG(PWR_FLAG));
F:\share\TinyOS-STM-v0.9b\tos\chips\stm32\fwlib\src\stm32f10x_pwr.c: 7 warnings, 0 errors
compiling stm32f10x_rcc.c...
F:\share\TinyOS-STM-v0.9b\tos\chips\stm32\fwlib\src\stm32f10x_rcc.c(272): warning:  #223-D: function "assert_param" declared implicitly
    assert_param(IS_RCC_HSE(RCC_HSE));
F:\share\TinyOS-STM-v0.9b\tos\chips\stm32\fwlib\src\stm32f10x_rcc.c(318): error:  #20: identifier "SUCCESS_fwlib" is undefined
      status = SUCCESS_fwlib;
F:\share\TinyOS-STM-v0.9b\tos\chips\stm32\fwlib\src\stm32f10x_rcc.c(337): warning:  #223-D: function "assert_param" declared implicitly
    assert_param(IS_RCC_CALIBRATION_VALUE(HSICalibrationValue));
F:\share\TinyOS-STM-v0.9b\tos\chips\stm32\fwlib\src\stm32f10x_rcc.c(356): warning:  #223-D: function "assert_param" declared implicitly
    assert_param(IS_FUNCTIONAL_STATE(NewState));
F:\share\TinyOS-STM-v0.9b\tos\chips\stm32\fwlib\src\stm32f10x_rcc.c(382): warning:  #223-D: function "assert_param" declared implicitly
    assert_param(IS_RCC_PLL_SOURCE(RCC_PLLSource));
F:\share\TinyOS-STM-v0.9b\tos\chips\stm32\fwlib\src\stm32f10x_rcc.c(403): warning:  #223-D: function "assert_param" declared implicitly
    assert_param(IS_FUNCTIONAL_STATE(NewState));
F:\share\TinyOS-STM-v0.9b\tos\chips\stm32\fwlib\src\stm32f10x_rcc.c(567): warning:  #223-D: function "assert_param" declared implicitly
    assert_param(IS_RCC_SYSCLK_SOURCE(RCC_SYSCLKSource));
F:\share\TinyOS-STM-v0.9b\tos\chips\stm32\fwlib\src\stm32f10x_rcc.c(611): warning:  #223-D: function "assert_param" declared implicitly
    assert_param(IS_RCC_HCLK(RCC_SYSCLK));
F:\share\TinyOS-STM-v0.9b\tos\chips\stm32\fwlib\src\stm32f10x_rcc.c(637): warning:  #223-D: function "assert_param" declared implicitly
    assert_param(IS_RCC_PCLK(RCC_HCLK));
F:\share\TinyOS-STM-v0.9b\tos\chips\stm32\fwlib\src\stm32f10x_rcc.c(663): warning:  #223-D: function "assert_param" declared implicitly
    assert_param(IS_RCC_PCLK(RCC_HCLK));
F:\share\TinyOS-STM-v0.9b\tos\chips\stm32\fwlib\src\stm32f10x_rcc.c(702): warning:  #223-D: function "assert_param" declared implicitly
    assert_param(IS_RCC_IT(RCC_IT));
F:\share\TinyOS-STM-v0.9b\tos\chips\stm32\fwlib\src\stm32f10x_rcc.c(730): warning:  #223-D: function "assert_param" declared implicitly
    assert_param(IS_RCC_USBCLK_SOURCE(RCC_USBCLKSource));
F:\share\TinyOS-STM-v0.9b\tos\chips\stm32\fwlib\src\stm32f10x_rcc.c(769): warning:  #223-D: function "assert_param" declared implicitly
    assert_param(IS_RCC_ADCCLK(RCC_PCLK2));
F:\share\TinyOS-STM-v0.9b\tos\chips\stm32\fwlib\src\stm32f10x_rcc.c(831): warning:  #223-D: function "assert_param" declared implicitly
    assert_param(IS_RCC_LSE(RCC_LSE));
F:\share\TinyOS-STM-v0.9b\tos\chips\stm32\fwlib\src\stm32f10x_rcc.c(864): warning:  #223-D: function "assert_param" declared implicitly
    assert_param(IS_FUNCTIONAL_STATE(NewState));
F:\share\TinyOS-STM-v0.9b\tos\chips\stm32\fwlib\src\stm32f10x_rcc.c(881): warning:  #223-D: function "assert_param" declared implicitly
    assert_param(IS_RCC_RTCCLK_SOURCE(RCC_RTCCLKSource));
F:\share\TinyOS-STM-v0.9b\tos\chips\stm32\fwlib\src\stm32f10x_rcc.c(895): warning:  #223-D: function "assert_param" declared implicitly
    assert_param(IS_FUNCTIONAL_STATE(NewState));
F:\share\TinyOS-STM-v0.9b\tos\chips\stm32\fwlib\src\stm32f10x_rcc.c(1066): warning:  #223-D: function "assert_param" declared implicitly
    assert_param(IS_RCC_AHB_PERIPH(RCC_AHBPeriph));
F:\share\TinyOS-STM-v0.9b\tos\chips\stm32\fwlib\src\stm32f10x_rcc.c(1097): warning:  #223-D: function "assert_param" declared implicitly
    assert_param(IS_RCC_APB2_PERIPH(RCC_APB2Periph));
F:\share\TinyOS-STM-v0.9b\tos\chips\stm32\fwlib\src\stm32f10x_rcc.c(1128): warning:  #223-D: function "assert_param" declared implicitly
    assert_param(IS_RCC_APB1_PERIPH(RCC_APB1Periph));
F:\share\TinyOS-STM-v0.9b\tos\chips\stm32\fwlib\src\stm32f10x_rcc.c(1187): warning:  #223-D: function "assert_param" declared implicitly
    assert_param(IS_RCC_APB2_PERIPH(RCC_APB2Periph));
F:\share\TinyOS-STM-v0.9b\tos\chips\stm32\fwlib\src\stm32f10x_rcc.c(1218): warning:  #223-D: function "assert_param" declared implicitly
    assert_param(IS_RCC_APB1_PERIPH(RCC_APB1Periph));
F:\share\TinyOS-STM-v0.9b\tos\chips\stm32\fwlib\src\stm32f10x_rcc.c(1239): warning:  #223-D: function "assert_param" declared implicitly
    assert_param(IS_FUNCTIONAL_STATE(NewState));
F:\share\TinyOS-STM-v0.9b\tos\chips\stm32\fwlib\src\stm32f10x_rcc.c(1252): warning:  #223-D: function "assert_param" declared implicitly
    assert_param(IS_FUNCTIONAL_STATE(NewState));
F:\share\TinyOS-STM-v0.9b\tos\chips\stm32\fwlib\src\stm32f10x_rcc.c(1284): warning:  #223-D: function "assert_param" declared implicitly
    assert_param(IS_RCC_MCO(RCC_MCO));
F:\share\TinyOS-STM-v0.9b\tos\chips\stm32\fwlib\src\stm32f10x_rcc.c(1331): warning:  #223-D: function "assert_param" declared implicitly
    assert_param(IS_RCC_FLAG(RCC_FLAG));
F:\share\TinyOS-STM-v0.9b\tos\chips\stm32\fwlib\src\stm32f10x_rcc.c(1405): warning:  #223-D: function "assert_param" declared implicitly
    assert_param(IS_RCC_GET_IT(RCC_IT));
F:\share\TinyOS-STM-v0.9b\tos\chips\stm32\fwlib\src\stm32f10x_rcc.c(1450): warning:  #223-D: function "assert_param" declared implicitly
    assert_param(IS_RCC_CLEAR_IT(RCC_IT));
F:\share\TinyOS-STM-v0.9b\tos\chips\stm32\fwlib\src\stm32f10x_rcc.c: 27 warnings, 1 error
compiling stm32f10x_rtc.c...
F:\share\TinyOS-STM-v0.9b\tos\chips\stm32\fwlib\src\stm32f10x_rtc.c(92): warning:  #223-D: function "assert_param" declared implicitly
    assert_param(IS_RTC_IT(RTC_IT));  
F:\share\TinyOS-STM-v0.9b\tos\chips\stm32\fwlib\src\stm32f10x_rtc.c(162): warning:  #223-D: function "assert_param" declared implicitly
    assert_param(IS_RTC_PRESCALER(PrescalerValue));
F:\share\TinyOS-STM-v0.9b\tos\chips\stm32\fwlib\src\stm32f10x_rtc.c(248): warning:  #223-D: function "assert_param" declared implicitly
    assert_param(IS_RTC_GET_FLAG(RTC_FLAG)); 
F:\share\TinyOS-STM-v0.9b\tos\chips\stm32\fwlib\src\stm32f10x_rtc.c(275): warning:  #223-D: function "assert_param" declared implicitly
    assert_param(IS_RTC_CLEAR_FLAG(RTC_FLAG)); 
F:\share\TinyOS-STM-v0.9b\tos\chips\stm32\fwlib\src\stm32f10x_rtc.c(294): warning:  #223-D: function "assert_param" declared implicitly
    assert_param(IS_RTC_GET_IT(RTC_IT)); 
F:\share\TinyOS-STM-v0.9b\tos\chips\stm32\fwlib\src\stm32f10x_rtc.c(320): warning:  #223-D: function "assert_param" declared implicitly
    assert_param(IS_RTC_IT(RTC_IT));  
F:\share\TinyOS-STM-v0.9b\tos\chips\stm32\fwlib\src\stm32f10x_rtc.c: 6 warnings, 0 errors
compiling stm32f10x_sdio.c...
F:\share\TinyOS-STM-v0.9b\tos\chips\stm32\fwlib\src\stm32f10x_sdio.c(185): warning:  #223-D: function "assert_param" declared implicitly
    assert_param(IS_SDIO_CLOCK_EDGE(SDIO_InitStruct->SDIO_ClockEdge));
F:\share\TinyOS-STM-v0.9b\tos\chips\stm32\fwlib\src\stm32f10x_sdio.c(237): warning:  #223-D: function "assert_param" declared implicitly
    assert_param(IS_FUNCTIONAL_STATE(NewState));
F:\share\TinyOS-STM-v0.9b\tos\chips\stm32\fwlib\src\stm32f10x_sdio.c(253): warning:  #223-D: function "assert_param" declared implicitly
    assert_param(IS_SDIO_POWER_STATE(SDIO_PowerState));
F:\share\TinyOS-STM-v0.9b\tos\chips\stm32\fwlib\src\stm32f10x_sdio.c(309): warning:  #223-D: function "assert_param" declared implicitly
    assert_param(IS_SDIO_IT(SDIO_IT));
F:\share\TinyOS-STM-v0.9b\tos\chips\stm32\fwlib\src\stm32f10x_sdio.c(333): warning:  #223-D: function "assert_param" declared implicitly
    assert_param(IS_FUNCTIONAL_STATE(NewState));
F:\share\TinyOS-STM-v0.9b\tos\chips\stm32\fwlib\src\stm32f10x_sdio.c(350): warning:  #223-D: function "assert_param" declared implicitly
    assert_param(IS_SDIO_CMD_INDEX(SDIO_CmdInitStruct->SDIO_CmdIndex));
F:\share\TinyOS-STM-v0.9b\tos\chips\stm32\fwlib\src\stm32f10x_sdio.c(416): warning:  #223-D: function "assert_param" declared implicitly
    assert_param(IS_SDIO_RESP(SDIO_RESP));
F:\share\TinyOS-STM-v0.9b\tos\chips\stm32\fwlib\src\stm32f10x_sdio.c(435): warning:  #223-D: function "assert_param" declared implicitly
    assert_param(IS_SDIO_DATA_LENGTH(SDIO_DataInitStruct->SDIO_DataLength));
F:\share\TinyOS-STM-v0.9b\tos\chips\stm32\fwlib\src\stm32f10x_sdio.c(531): warning:  #223-D: function "assert_param" declared implicitly
    assert_param(IS_FUNCTIONAL_STATE(NewState));
F:\share\TinyOS-STM-v0.9b\tos\chips\stm32\fwlib\src\stm32f10x_sdio.c(545): warning:  #223-D: function "assert_param" declared implicitly
    assert_param(IS_FUNCTIONAL_STATE(NewState));
F:\share\TinyOS-STM-v0.9b\tos\chips\stm32\fwlib\src\stm32f10x_sdio.c(561): warning:  #223-D: function "assert_param" declared implicitly
    assert_param(IS_SDIO_READWAIT_MODE(SDIO_ReadWaitMode));
F:\share\TinyOS-STM-v0.9b\tos\chips\stm32\fwlib\src\stm32f10x_sdio.c(575): warning:  #223-D: function "assert_param" declared implicitly
    assert_param(IS_FUNCTIONAL_STATE(NewState));
F:\share\TinyOS-STM-v0.9b\tos\chips\stm32\fwlib\src\stm32f10x_sdio.c(589): warning:  #223-D: function "assert_param" declared implicitly
    assert_param(IS_FUNCTIONAL_STATE(NewState));
F:\share\TinyOS-STM-v0.9b\tos\chips\stm32\fwlib\src\stm32f10x_sdio.c(603): warning:  #223-D: function "assert_param" declared implicitly
    assert_param(IS_FUNCTIONAL_STATE(NewState));
F:\share\TinyOS-STM-v0.9b\tos\chips\stm32\fwlib\src\stm32f10x_sdio.c(616): warning:  #223-D: function "assert_param" declared implicitly
    assert_param(IS_FUNCTIONAL_STATE(NewState));
F:\share\TinyOS-STM-v0.9b\tos\chips\stm32\fwlib\src\stm32f10x_sdio.c(629): warning:  #223-D: function "assert_param" declared implicitly
    assert_param(IS_FUNCTIONAL_STATE(NewState));
F:\share\TinyOS-STM-v0.9b\tos\chips\stm32\fwlib\src\stm32f10x_sdio.c(670): warning:  #223-D: function "assert_param" declared implicitly
    assert_param(IS_SDIO_FLAG(SDIO_FLAG));
F:\share\TinyOS-STM-v0.9b\tos\chips\stm32\fwlib\src\stm32f10x_sdio.c(706): warning:  #223-D: function "assert_param" declared implicitly
    assert_param(IS_SDIO_CLEAR_FLAG(SDIO_FLAG));
F:\share\TinyOS-STM-v0.9b\tos\chips\stm32\fwlib\src\stm32f10x_sdio.c(747): warning:  #223-D: function "assert_param" declared implicitly
    assert_param(IS_SDIO_GET_IT(SDIO_IT));
F:\share\TinyOS-STM-v0.9b\tos\chips\stm32\fwlib\src\stm32f10x_sdio.c(781): warning:  #223-D: function "assert_param" declared implicitly
    assert_param(IS_SDIO_CLEAR_IT(SDIO_IT));
F:\share\TinyOS-STM-v0.9b\tos\chips\stm32\fwlib\src\stm32f10x_sdio.c: 20 warnings, 0 errors
compiling stm32f10x_spi.c...
F:\share\TinyOS-STM-v0.9b\tos\chips\stm32\fwlib\src\stm32f10x_spi.c(121): warning:  #223-D: function "assert_param" declared implicitly
    assert_param(IS_SPI_ALL_PERIPH(SPIx));
F:\share\TinyOS-STM-v0.9b\tos\chips\stm32\fwlib\src\stm32f10x_spi.c(162): warning:  #223-D: function "assert_param" declared implicitly
    assert_param(IS_SPI_ALL_PERIPH(SPIx));   
F:\share\TinyOS-STM-v0.9b\tos\chips\stm32\fwlib\src\stm32f10x_spi.c(226): warning:  #223-D: function "assert_param" declared implicitly
    assert_param(IS_SPI_23_PERIPH(SPIx));
F:\share\TinyOS-STM-v0.9b\tos\chips\stm32\fwlib\src\stm32f10x_spi.c(429): warning:  #223-D: function "assert_param" declared implicitly
    assert_param(IS_SPI_ALL_PERIPH(SPIx));
F:\share\TinyOS-STM-v0.9b\tos\chips\stm32\fwlib\src\stm32f10x_spi.c(453): warning:  #223-D: function "assert_param" declared implicitly
    assert_param(IS_SPI_23_PERIPH(SPIx));
F:\share\TinyOS-STM-v0.9b\tos\chips\stm32\fwlib\src\stm32f10x_spi.c(485): warning:  #223-D: function "assert_param" declared implicitly
    assert_param(IS_SPI_ALL_PERIPH(SPIx));
F:\share\TinyOS-STM-v0.9b\tos\chips\stm32\fwlib\src\stm32f10x_spi.c(523): warning:  #223-D: function "assert_param" declared implicitly
    assert_param(IS_SPI_ALL_PERIPH(SPIx));
F:\share\TinyOS-STM-v0.9b\tos\chips\stm32\fwlib\src\stm32f10x_spi.c(549): warning:  #223-D: function "assert_param" declared implicitly
    assert_param(IS_SPI_ALL_PERIPH(SPIx));
F:\share\TinyOS-STM-v0.9b\tos\chips\stm32\fwlib\src\stm32f10x_spi.c(565): warning:  #223-D: function "assert_param" declared implicitly
    assert_param(IS_SPI_ALL_PERIPH(SPIx));
F:\share\TinyOS-STM-v0.9b\tos\chips\stm32\fwlib\src\stm32f10x_spi.c(583): warning:  #223-D: function "assert_param" declared implicitly
    assert_param(IS_SPI_ALL_PERIPH(SPIx));
F:\share\TinyOS-STM-v0.9b\tos\chips\stm32\fwlib\src\stm32f10x_spi.c(607): warning:  #223-D: function "assert_param" declared implicitly
    assert_param(IS_SPI_ALL_PERIPH(SPIx));
F:\share\TinyOS-STM-v0.9b\tos\chips\stm32\fwlib\src\stm32f10x_spi.c(633): warning:  #223-D: function "assert_param" declared implicitly
    assert_param(IS_SPI_ALL_PERIPH(SPIx));
F:\share\TinyOS-STM-v0.9b\tos\chips\stm32\fwlib\src\stm32f10x_spi.c(649): warning:  #223-D: function "assert_param" declared implicitly
    assert_param(IS_SPI_ALL_PERIPH(SPIx));
F:\share\TinyOS-STM-v0.9b\tos\chips\stm32\fwlib\src\stm32f10x_spi.c(665): warning:  #223-D: function "assert_param" declared implicitly
    assert_param(IS_SPI_ALL_PERIPH(SPIx));
F:\share\TinyOS-STM-v0.9b\tos\chips\stm32\fwlib\src\stm32f10x_spi.c(692): warning:  #223-D: function "assert_param" declared implicitly
    assert_param(IS_SPI_ALL_PERIPH(SPIx));
F:\share\TinyOS-STM-v0.9b\tos\chips\stm32\fwlib\src\stm32f10x_spi.c(716): warning:  #223-D: function "assert_param" declared implicitly
    assert_param(IS_SPI_ALL_PERIPH(SPIx));
F:\share\TinyOS-STM-v0.9b\tos\chips\stm32\fwlib\src\stm32f10x_spi.c(734): warning:  #223-D: function "assert_param" declared implicitly
    assert_param(IS_SPI_ALL_PERIPH(SPIx));
F:\share\TinyOS-STM-v0.9b\tos\chips\stm32\fwlib\src\stm32f10x_spi.c(769): warning:  #223-D: function "assert_param" declared implicitly
    assert_param(IS_SPI_ALL_PERIPH(SPIx));
F:\share\TinyOS-STM-v0.9b\tos\chips\stm32\fwlib\src\stm32f10x_spi.c(806): warning:  #223-D: function "assert_param" declared implicitly
    assert_param(IS_SPI_ALL_PERIPH(SPIx));
F:\share\TinyOS-STM-v0.9b\tos\chips\stm32\fwlib\src\stm32f10x_spi.c(834): warning:  #223-D: function "assert_param" declared implicitly
    assert_param(IS_SPI_ALL_PERIPH(SPIx));
F:\share\TinyOS-STM-v0.9b\tos\chips\stm32\fwlib\src\stm32f10x_spi.c(886): warning:  #223-D: function "assert_param" declared implicitly
    assert_param(IS_SPI_ALL_PERIPH(SPIx));
F:\share\TinyOS-STM-v0.9b\tos\chips\stm32\fwlib\src\stm32f10x_spi.c: 21 warnings, 0 errors
compiling stm32f10x_tim.c...
F:\share\TinyOS-STM-v0.9b\tos\chips\stm32\fwlib\src\stm32f10x_tim.c(124): warning:  #223-D: function "assert_param" declared implicitly
    assert_param(IS_TIM_ALL_PERIPH(TIMx)); 
F:\share\TinyOS-STM-v0.9b\tos\chips\stm32\fwlib\src\stm32f10x_tim.c(229): warning:  #223-D: function "assert_param" declared implicitly
    assert_param(IS_TIM_ALL_PERIPH(TIMx)); 
F:\share\TinyOS-STM-v0.9b\tos\chips\stm32\fwlib\src\stm32f10x_tim.c(282): warning:  #223-D: function "assert_param" declared implicitly
    assert_param(IS_TIM_LIST8_PERIPH(TIMx));
F:\share\TinyOS-STM-v0.9b\tos\chips\stm32\fwlib\src\stm32f10x_tim.c(365): warning:  #223-D: function "assert_param" declared implicitly
    assert_param(IS_TIM_LIST6_PERIPH(TIMx)); 
F:\share\TinyOS-STM-v0.9b\tos\chips\stm32\fwlib\src\stm32f10x_tim.c(447): warning:  #223-D: function "assert_param" declared implicitly
    assert_param(IS_TIM_LIST3_PERIPH(TIMx)); 
F:\share\TinyOS-STM-v0.9b\tos\chips\stm32\fwlib\src\stm32f10x_tim.c(526): warning:  #223-D: function "assert_param" declared implicitly
    assert_param(IS_TIM_LIST3_PERIPH(TIMx)); 
F:\share\TinyOS-STM-v0.9b\tos\chips\stm32\fwlib\src\stm32f10x_tim.c(588): warning:  #223-D: function "assert_param" declared implicitly
    assert_param(IS_TIM_CHANNEL(TIM_ICInitStruct->TIM_Channel));  
F:\share\TinyOS-STM-v0.9b\tos\chips\stm32\fwlib\src\stm32f10x_tim.c(657): warning:  #223-D: function "assert_param" declared implicitly
    assert_param(IS_TIM_LIST6_PERIPH(TIMx));
F:\share\TinyOS-STM-v0.9b\tos\chips\stm32\fwlib\src\stm32f10x_tim.c(713): warning:  #223-D: function "assert_param" declared implicitly
    assert_param(IS_TIM_LIST2_PERIPH(TIMx));
F:\share\TinyOS-STM-v0.9b\tos\chips\stm32\fwlib\src\stm32f10x_tim.c(807): warning:  #223-D: function "assert_param" declared implicitly
    assert_param(IS_TIM_ALL_PERIPH(TIMx));
F:\share\TinyOS-STM-v0.9b\tos\chips\stm32\fwlib\src\stm32f10x_tim.c(832): warning:  #223-D: function "assert_param" declared implicitly
    assert_param(IS_TIM_LIST2_PERIPH(TIMx));
F:\share\TinyOS-STM-v0.9b\tos\chips\stm32\fwlib\src\stm32f10x_tim.c(873): warning:  #223-D: function "assert_param" declared implicitly
    assert_param(IS_TIM_ALL_PERIPH(TIMx));
F:\share\TinyOS-STM-v0.9b\tos\chips\stm32\fwlib\src\stm32f10x_tim.c(910): warning:  #223-D: function "assert_param" declared implicitly
    assert_param(IS_TIM_ALL_PERIPH(TIMx));
F:\share\TinyOS-STM-v0.9b\tos\chips\stm32\fwlib\src\stm32f10x_tim.c(938): warning:  #223-D: function "assert_param" declared implicitly
    assert_param(IS_TIM_LIST4_PERIPH(TIMx));
F:\share\TinyOS-STM-v0.9b\tos\chips\stm32\fwlib\src\stm32f10x_tim.c(965): warning:  #223-D: function "assert_param" declared implicitly
    assert_param(IS_TIM_LIST9_PERIPH(TIMx));
F:\share\TinyOS-STM-v0.9b\tos\chips\stm32\fwlib\src\stm32f10x_tim.c(990): warning:  #223-D: function "assert_param" declared implicitly
    assert_param(IS_TIM_LIST6_PERIPH(TIMx));
F:\share\TinyOS-STM-v0.9b\tos\chips\stm32\fwlib\src\stm32f10x_tim.c(1009): warning:  #223-D: function "assert_param" declared implicitly
    assert_param(IS_TIM_LIST6_PERIPH(TIMx));
F:\share\TinyOS-STM-v0.9b\tos\chips\stm32\fwlib\src\stm32f10x_tim.c(1037): warning:  #223-D: function "assert_param" declared implicitly
    assert_param(IS_TIM_LIST6_PERIPH(TIMx));
F:\share\TinyOS-STM-v0.9b\tos\chips\stm32\fwlib\src\stm32f10x_tim.c(1078): warning:  #223-D: function "assert_param" declared implicitly
    assert_param(IS_TIM_LIST3_PERIPH(TIMx));
F:\share\TinyOS-STM-v0.9b\tos\chips\stm32\fwlib\src\stm32f10x_tim.c(1119): warning:  #223-D: function "assert_param" declared implicitly
    assert_param(IS_TIM_LIST3_PERIPH(TIMx));
F:\share\TinyOS-STM-v0.9b\tos\chips\stm32\fwlib\src\stm32f10x_tim.c(1151): warning:  #223-D: function "assert_param" declared implicitly
    assert_param(IS_TIM_LIST3_PERIPH(TIMx));
F:\share\TinyOS-STM-v0.9b\tos\chips\stm32\fwlib\src\stm32f10x_tim.c(1177): warning:  #223-D: function "assert_param" declared implicitly
    assert_param(IS_TIM_ALL_PERIPH(TIMx));
F:\share\TinyOS-STM-v0.9b\tos\chips\stm32\fwlib\src\stm32f10x_tim.c(1201): warning:  #223-D: function "assert_param" declared implicitly
    assert_param(IS_TIM_LIST3_PERIPH(TIMx));
F:\share\TinyOS-STM-v0.9b\tos\chips\stm32\fwlib\src\stm32f10x_tim.c(1231): warning:  #223-D: function "assert_param" declared implicitly
    assert_param(IS_TIM_LIST6_PERIPH(TIMx));
F:\share\TinyOS-STM-v0.9b\tos\chips\stm32\fwlib\src\stm32f10x_tim.c(1270): warning:  #223-D: function "assert_param" declared implicitly
    assert_param(IS_TIM_LIST5_PERIPH(TIMx));
F:\share\TinyOS-STM-v0.9b\tos\chips\stm32\fwlib\src\stm32f10x_tim.c(1317): warning:  #223-D: function "assert_param" declared implicitly
    assert_param(IS_TIM_LIST8_PERIPH(TIMx));
F:\share\TinyOS-STM-v0.9b\tos\chips\stm32\fwlib\src\stm32f10x_tim.c(1341): warning:  #223-D: function "assert_param" declared implicitly
    assert_param(IS_TIM_LIST6_PERIPH(TIMx));
F:\share\TinyOS-STM-v0.9b\tos\chips\stm32\fwlib\src\stm32f10x_tim.c(1365): warning:  #223-D: function "assert_param" declared implicitly
    assert_param(IS_TIM_LIST3_PERIPH(TIMx));
F:\share\TinyOS-STM-v0.9b\tos\chips\stm32\fwlib\src\stm32f10x_tim.c(1389): warning:  #223-D: function "assert_param" declared implicitly
    assert_param(IS_TIM_LIST3_PERIPH(TIMx));
F:\share\TinyOS-STM-v0.9b\tos\chips\stm32\fwlib\src\stm32f10x_tim.c(1410): warning:  #223-D: function "assert_param" declared implicitly
    assert_param(IS_TIM_ALL_PERIPH(TIMx));
F:\share\TinyOS-STM-v0.9b\tos\chips\stm32\fwlib\src\stm32f10x_tim.c(1434): warning:  #223-D: function "assert_param" declared implicitly
    assert_param(IS_TIM_LIST2_PERIPH(TIMx));
F:\share\TinyOS-STM-v0.9b\tos\chips\stm32\fwlib\src\stm32f10x_tim.c(1459): warning:  #223-D: function "assert_param" declared implicitly
    assert_param(IS_TIM_LIST4_PERIPH(TIMx));
F:\share\TinyOS-STM-v0.9b\tos\chips\stm32\fwlib\src\stm32f10x_tim.c(1484): warning:  #223-D: function "assert_param" declared implicitly
    assert_param(IS_TIM_LIST5_PERIPH(TIMx));
F:\share\TinyOS-STM-v0.9b\tos\chips\stm32\fwlib\src\stm32f10x_tim.c(1511): warning:  #223-D: function "assert_param" declared implicitly
    assert_param(IS_TIM_LIST8_PERIPH(TIMx));
F:\share\TinyOS-STM-v0.9b\tos\chips\stm32\fwlib\src\stm32f10x_tim.c(1536): warning:  #223-D: function "assert_param" declared implicitly
    assert_param(IS_TIM_LIST6_PERIPH(TIMx));
F:\share\TinyOS-STM-v0.9b\tos\chips\stm32\fwlib\src\stm32f10x_tim.c(1560): warning:  #223-D: function "assert_param" declared implicitly
    assert_param(IS_TIM_LIST3_PERIPH(TIMx));
F:\share\TinyOS-STM-v0.9b\tos\chips\stm32\fwlib\src\stm32f10x_tim.c(1584): warning:  #223-D: function "assert_param" declared implicitly
    assert_param(IS_TIM_LIST3_PERIPH(TIMx));
F:\share\TinyOS-STM-v0.9b\tos\chips\stm32\fwlib\src\stm32f10x_tim.c(1608): warning:  #223-D: function "assert_param" declared implicitly
    assert_param(IS_TIM_LIST8_PERIPH(TIMx));
F:\share\TinyOS-STM-v0.9b\tos\chips\stm32\fwlib\src\stm32f10x_tim.c(1634): warning:  #223-D: function "assert_param" declared implicitly
    assert_param(IS_TIM_LIST6_PERIPH(TIMx));
F:\share\TinyOS-STM-v0.9b\tos\chips\stm32\fwlib\src\stm32f10x_tim.c(1659): warning:  #223-D: function "assert_param" declared implicitly
    assert_param(IS_TIM_LIST3_PERIPH(TIMx));
F:\share\TinyOS-STM-v0.9b\tos\chips\stm32\fwlib\src\stm32f10x_tim.c(1684): warning:  #223-D: function "assert_param" declared implicitly
    assert_param(IS_TIM_LIST3_PERIPH(TIMx));
F:\share\TinyOS-STM-v0.9b\tos\chips\stm32\fwlib\src\stm32f10x_tim.c(1709): warning:  #223-D: function "assert_param" declared implicitly
    assert_param(IS_TIM_LIST3_PERIPH(TIMx));
F:\share\TinyOS-STM-v0.9b\tos\chips\stm32\fwlib\src\stm32f10x_tim.c(1735): warning:  #223-D: function "assert_param" declared implicitly
    assert_param(IS_TIM_LIST3_PERIPH(TIMx));
F:\share\TinyOS-STM-v0.9b\tos\chips\stm32\fwlib\src\stm32f10x_tim.c(1759): warning:  #223-D: function "assert_param" declared implicitly
    assert_param(IS_TIM_LIST3_PERIPH(TIMx));
F:\share\TinyOS-STM-v0.9b\tos\chips\stm32\fwlib\src\stm32f10x_tim.c(1783): warning:  #223-D: function "assert_param" declared implicitly
    assert_param(IS_TIM_LIST3_PERIPH(TIMx));
F:\share\TinyOS-STM-v0.9b\tos\chips\stm32\fwlib\src\stm32f10x_tim.c(1807): warning:  #223-D: function "assert_param" declared implicitly
    assert_param(IS_TIM_LIST8_PERIPH(TIMx));
F:\share\TinyOS-STM-v0.9b\tos\chips\stm32\fwlib\src\stm32f10x_tim.c(1830): warning:  #223-D: function "assert_param" declared implicitly
    assert_param(IS_TIM_LIST2_PERIPH(TIMx));
F:\share\TinyOS-STM-v0.9b\tos\chips\stm32\fwlib\src\stm32f10x_tim.c(1854): warning:  #223-D: function "assert_param" declared implicitly
    assert_param(IS_TIM_LIST6_PERIPH(TIMx));
F:\share\TinyOS-STM-v0.9b\tos\chips\stm32\fwlib\src\stm32f10x_tim.c(1877): warning:  #223-D: function "assert_param" declared implicitly
    assert_param(IS_TIM_LIST1_PERIPH(TIMx));
F:\share\TinyOS-STM-v0.9b\tos\chips\stm32\fwlib\src\stm32f10x_tim.c(1901): warning:  #223-D: function "assert_param" declared implicitly
    assert_param(IS_TIM_LIST3_PERIPH(TIMx));
F:\share\TinyOS-STM-v0.9b\tos\chips\stm32\fwlib\src\stm32f10x_tim.c(1925): warning:  #223-D: function "assert_param" declared implicitly
    assert_param(IS_TIM_LIST1_PERIPH(TIMx));
F:\share\TinyOS-STM-v0.9b\tos\chips\stm32\fwlib\src\stm32f10x_tim.c(1949): warning:  #223-D: function "assert_param" declared implicitly
    assert_param(IS_TIM_LIST3_PERIPH(TIMx));
F:\share\TinyOS-STM-v0.9b\tos\chips\stm32\fwlib\src\stm32f10x_tim.c(1977): warning:  #223-D: function "assert_param" declared implicitly
    assert_param(IS_TIM_LIST8_PERIPH(TIMx));
F:\share\TinyOS-STM-v0.9b\tos\chips\stm32\fwlib\src\stm32f10x_tim.c(2007): warning:  #223-D: function "assert_param" declared implicitly
    assert_param(IS_TIM_LIST2_PERIPH(TIMx));
F:\share\TinyOS-STM-v0.9b\tos\chips\stm32\fwlib\src\stm32f10x_tim.c(2049): warning:  #223-D: function "assert_param" declared implicitly
    assert_param(IS_TIM_LIST8_PERIPH(TIMx));
F:\share\TinyOS-STM-v0.9b\tos\chips\stm32\fwlib\src\stm32f10x_tim.c(2093): warning:  #223-D: function "assert_param" declared implicitly
    assert_param(IS_TIM_ALL_PERIPH(TIMx));
F:\share\TinyOS-STM-v0.9b\tos\chips\stm32\fwlib\src\stm32f10x_tim.c(2121): warning:  #223-D: function "assert_param" declared implicitly
    assert_param(IS_TIM_ALL_PERIPH(TIMx));
F:\share\TinyOS-STM-v0.9b\tos\chips\stm32\fwlib\src\stm32f10x_tim.c(2145): warning:  #223-D: function "assert_param" declared implicitly
    assert_param(IS_TIM_LIST6_PERIPH(TIMx));
F:\share\TinyOS-STM-v0.9b\tos\chips\stm32\fwlib\src\stm32f10x_tim.c(2171): warning:  #223-D: function "assert_param" declared implicitly
    assert_param(IS_TIM_ALL_PERIPH(TIMx));
F:\share\TinyOS-STM-v0.9b\tos\chips\stm32\fwlib\src\stm32f10x_tim.c(2203): warning:  #223-D: function "assert_param" declared implicitly
    assert_param(IS_TIM_LIST7_PERIPH(TIMx));
F:\share\TinyOS-STM-v0.9b\tos\chips\stm32\fwlib\src\stm32f10x_tim.c(2226): warning:  #223-D: function "assert_param" declared implicitly
    assert_param(IS_TIM_LIST6_PERIPH(TIMx));
F:\share\TinyOS-STM-v0.9b\tos\chips\stm32\fwlib\src\stm32f10x_tim.c(2247): warning:  #223-D: function "assert_param" declared implicitly
    assert_param(IS_TIM_LIST6_PERIPH(TIMx));
F:\share\TinyOS-STM-v0.9b\tos\chips\stm32\fwlib\src\stm32f10x_tim.c(2265): warning:  #223-D: function "assert_param" declared implicitly
    assert_param(IS_TIM_ALL_PERIPH(TIMx));
F:\share\TinyOS-STM-v0.9b\tos\chips\stm32\fwlib\src\stm32f10x_tim.c(2279): warning:  #223-D: function "assert_param" declared implicitly
    assert_param(IS_TIM_ALL_PERIPH(TIMx));
F:\share\TinyOS-STM-v0.9b\tos\chips\stm32\fwlib\src\stm32f10x_tim.c(2293): warning:  #223-D: function "assert_param" declared implicitly
    assert_param(IS_TIM_LIST8_PERIPH(TIMx));
F:\share\TinyOS-STM-v0.9b\tos\chips\stm32\fwlib\src\stm32f10x_tim.c(2307): warning:  #223-D: function "assert_param" declared implicitly
    assert_param(IS_TIM_LIST6_PERIPH(TIMx));
F:\share\TinyOS-STM-v0.9b\tos\chips\stm32\fwlib\src\stm32f10x_tim.c(2321): warning:  #223-D: function "assert_param" declared implicitly
    assert_param(IS_TIM_LIST3_PERIPH(TIMx));
F:\share\TinyOS-STM-v0.9b\tos\chips\stm32\fwlib\src\stm32f10x_tim.c(2335): warning:  #223-D: function "assert_param" declared implicitly
    assert_param(IS_TIM_LIST3_PERIPH(TIMx));
F:\share\TinyOS-STM-v0.9b\tos\chips\stm32\fwlib\src\stm32f10x_tim.c(2354): warning:  #223-D: function "assert_param" declared implicitly
    assert_param(IS_TIM_LIST8_PERIPH(TIMx));
F:\share\TinyOS-STM-v0.9b\tos\chips\stm32\fwlib\src\stm32f10x_tim.c(2376): warning:  #223-D: function "assert_param" declared implicitly
    assert_param(IS_TIM_LIST6_PERIPH(TIMx));
F:\share\TinyOS-STM-v0.9b\tos\chips\stm32\fwlib\src\stm32f10x_tim.c(2398): warning:  #223-D: function "assert_param" declared implicitly
    assert_param(IS_TIM_LIST3_PERIPH(TIMx));
F:\share\TinyOS-STM-v0.9b\tos\chips\stm32\fwlib\src\stm32f10x_tim.c(2420): warning:  #223-D: function "assert_param" declared implicitly
    assert_param(IS_TIM_LIST3_PERIPH(TIMx));
F:\share\TinyOS-STM-v0.9b\tos\chips\stm32\fwlib\src\stm32f10x_tim.c(2442): warning:  #223-D: function "assert_param" declared implicitly
    assert_param(IS_TIM_LIST8_PERIPH(TIMx));
F:\share\TinyOS-STM-v0.9b\tos\chips\stm32\fwlib\src\stm32f10x_tim.c(2458): warning:  #223-D: function "assert_param" declared implicitly
    assert_param(IS_TIM_LIST8_PERIPH(TIMx));
F:\share\TinyOS-STM-v0.9b\tos\chips\stm32\fwlib\src\stm32f10x_tim.c(2471): warning:  #223-D: function "assert_param" declared implicitly
    assert_param(IS_TIM_LIST6_PERIPH(TIMx));
F:\share\TinyOS-STM-v0.9b\tos\chips\stm32\fwlib\src\stm32f10x_tim.c(2484): warning:  #223-D: function "assert_param" declared implicitly
    assert_param(IS_TIM_LIST3_PERIPH(TIMx)); 
F:\share\TinyOS-STM-v0.9b\tos\chips\stm32\fwlib\src\stm32f10x_tim.c(2497): warning:  #223-D: function "assert_param" declared implicitly
    assert_param(IS_TIM_LIST3_PERIPH(TIMx));
F:\share\TinyOS-STM-v0.9b\tos\chips\stm32\fwlib\src\stm32f10x_tim.c(2510): warning:  #223-D: function "assert_param" declared implicitly
    assert_param(IS_TIM_ALL_PERIPH(TIMx));
F:\share\TinyOS-STM-v0.9b\tos\chips\stm32\fwlib\src\stm32f10x_tim.c(2523): warning:  #223-D: function "assert_param" declared implicitly
    assert_param(IS_TIM_ALL_PERIPH(TIMx));
F:\share\TinyOS-STM-v0.9b\tos\chips\stm32\fwlib\src\stm32f10x_tim.c(2558): warning:  #223-D: function "assert_param" declared implicitly
    assert_param(IS_TIM_ALL_PERIPH(TIMx));
F:\share\TinyOS-STM-v0.9b\tos\chips\stm32\fwlib\src\stm32f10x_tim.c(2601): warning:  #223-D: function "assert_param" declared implicitly
    assert_param(IS_TIM_ALL_PERIPH(TIMx));
F:\share\TinyOS-STM-v0.9b\tos\chips\stm32\fwlib\src\stm32f10x_tim.c(2635): warning:  #223-D: function "assert_param" declared implicitly
    assert_param(IS_TIM_ALL_PERIPH(TIMx));
F:\share\TinyOS-STM-v0.9b\tos\chips\stm32\fwlib\src\stm32f10x_tim.c(2677): warning:  #223-D: function "assert_param" declared implicitly
    assert_param(IS_TIM_ALL_PERIPH(TIMx));
F:\share\TinyOS-STM-v0.9b\tos\chips\stm32\fwlib\src\stm32f10x_tim.c: 83 warnings, 0 errors
compiling stm32f10x_usart.c...
F:\share\TinyOS-STM-v0.9b\tos\chips\stm32\fwlib\src\stm32f10x_usart.c(131): warning:  #223-D: function "assert_param" declared implicitly
    assert_param(IS_USART_ALL_PERIPH(USARTx));
F:\share\TinyOS-STM-v0.9b\tos\chips\stm32\fwlib\src\stm32f10x_usart.c(181): warning:  #223-D: function "assert_param" declared implicitly
    assert_param(IS_USART_ALL_PERIPH(USARTx));
F:\share\TinyOS-STM-v0.9b\tos\chips\stm32\fwlib\src\stm32f10x_usart.c(303): warning:  #223-D: function "assert_param" declared implicitly
    assert_param(IS_USART_123_PERIPH(USARTx));
F:\share\TinyOS-STM-v0.9b\tos\chips\stm32\fwlib\src\stm32f10x_usart.c(351): warning:  #223-D: function "assert_param" declared implicitly
    assert_param(IS_USART_ALL_PERIPH(USARTx));
F:\share\TinyOS-STM-v0.9b\tos\chips\stm32\fwlib\src\stm32f10x_usart.c(390): warning:  #223-D: function "assert_param" declared implicitly
    assert_param(IS_USART_ALL_PERIPH(USARTx));
F:\share\TinyOS-STM-v0.9b\tos\chips\stm32\fwlib\src\stm32f10x_usart.c(448): warning:  #223-D: function "assert_param" declared implicitly
    assert_param(IS_USART_ALL_PERIPH(USARTx));
F:\share\TinyOS-STM-v0.9b\tos\chips\stm32\fwlib\src\stm32f10x_usart.c(476): warning:  #223-D: function "assert_param" declared implicitly
    assert_param(IS_USART_ALL_PERIPH(USARTx));
F:\share\TinyOS-STM-v0.9b\tos\chips\stm32\fwlib\src\stm32f10x_usart.c(499): warning:  #223-D: function "assert_param" declared implicitly
    assert_param(IS_USART_ALL_PERIPH(USARTx));
F:\share\TinyOS-STM-v0.9b\tos\chips\stm32\fwlib\src\stm32f10x_usart.c(518): warning:  #223-D: function "assert_param" declared implicitly
    assert_param(IS_USART_ALL_PERIPH(USARTx));
F:\share\TinyOS-STM-v0.9b\tos\chips\stm32\fwlib\src\stm32f10x_usart.c(547): warning:  #223-D: function "assert_param" declared implicitly
    assert_param(IS_USART_ALL_PERIPH(USARTx));
F:\share\TinyOS-STM-v0.9b\tos\chips\stm32\fwlib\src\stm32f10x_usart.c(566): warning:  #223-D: function "assert_param" declared implicitly
    assert_param(IS_USART_ALL_PERIPH(USARTx));
F:\share\TinyOS-STM-v0.9b\tos\chips\stm32\fwlib\src\stm32f10x_usart.c(592): warning:  #223-D: function "assert_param" declared implicitly
    assert_param(IS_USART_ALL_PERIPH(USARTx));
F:\share\TinyOS-STM-v0.9b\tos\chips\stm32\fwlib\src\stm32f10x_usart.c(609): warning:  #223-D: function "assert_param" declared implicitly
    assert_param(IS_USART_ALL_PERIPH(USARTx));
F:\share\TinyOS-STM-v0.9b\tos\chips\stm32\fwlib\src\stm32f10x_usart.c(625): warning:  #223-D: function "assert_param" declared implicitly
    assert_param(IS_USART_ALL_PERIPH(USARTx));
F:\share\TinyOS-STM-v0.9b\tos\chips\stm32\fwlib\src\stm32f10x_usart.c(641): warning:  #223-D: function "assert_param" declared implicitly
    assert_param(IS_USART_123_PERIPH(USARTx));
F:\share\TinyOS-STM-v0.9b\tos\chips\stm32\fwlib\src\stm32f10x_usart.c(661): warning:  #223-D: function "assert_param" declared implicitly
    assert_param(IS_USART_ALL_PERIPH(USARTx));
F:\share\TinyOS-STM-v0.9b\tos\chips\stm32\fwlib\src\stm32f10x_usart.c(680): warning:  #223-D: function "assert_param" declared implicitly
    assert_param(IS_USART_123_PERIPH(USARTx));
F:\share\TinyOS-STM-v0.9b\tos\chips\stm32\fwlib\src\stm32f10x_usart.c(705): warning:  #223-D: function "assert_param" declared implicitly
    assert_param(IS_USART_123_PERIPH(USARTx));  
F:\share\TinyOS-STM-v0.9b\tos\chips\stm32\fwlib\src\stm32f10x_usart.c(731): warning:  #223-D: function "assert_param" declared implicitly
    assert_param(IS_USART_ALL_PERIPH(USARTx));
F:\share\TinyOS-STM-v0.9b\tos\chips\stm32\fwlib\src\stm32f10x_usart.c(762): warning:  #223-D: function "assert_param" declared implicitly
    assert_param(IS_USART_ALL_PERIPH(USARTx));
F:\share\TinyOS-STM-v0.9b\tos\chips\stm32\fwlib\src\stm32f10x_usart.c(789): warning:  #223-D: function "assert_param" declared implicitly
    assert_param(IS_USART_ALL_PERIPH(USARTx));
F:\share\TinyOS-STM-v0.9b\tos\chips\stm32\fwlib\src\stm32f10x_usart.c(818): warning:  #223-D: function "assert_param" declared implicitly
    assert_param(IS_USART_ALL_PERIPH(USARTx));
F:\share\TinyOS-STM-v0.9b\tos\chips\stm32\fwlib\src\stm32f10x_usart.c(837): warning:  #223-D: function "assert_param" declared implicitly
    assert_param(IS_USART_ALL_PERIPH(USARTx));
F:\share\TinyOS-STM-v0.9b\tos\chips\stm32\fwlib\src\stm32f10x_usart.c(875): warning:  #223-D: function "assert_param" declared implicitly
    assert_param(IS_USART_ALL_PERIPH(USARTx));
F:\share\TinyOS-STM-v0.9b\tos\chips\stm32\fwlib\src\stm32f10x_usart.c(923): warning:  #223-D: function "assert_param" declared implicitly
    assert_param(IS_USART_ALL_PERIPH(USARTx));
F:\share\TinyOS-STM-v0.9b\tos\chips\stm32\fwlib\src\stm32f10x_usart.c(958): warning:  #223-D: function "assert_param" declared implicitly
    assert_param(IS_USART_ALL_PERIPH(USARTx));
F:\share\TinyOS-STM-v0.9b\tos\chips\stm32\fwlib\src\stm32f10x_usart.c(1031): warning:  #223-D: function "assert_param" declared implicitly
    assert_param(IS_USART_ALL_PERIPH(USARTx));
F:\share\TinyOS-STM-v0.9b\tos\chips\stm32\fwlib\src\stm32f10x_usart.c: 27 warnings, 0 errors
compiling stm32f10x_wwdg.c...
F:\share\TinyOS-STM-v0.9b\tos\chips\stm32\fwlib\src\stm32f10x_wwdg.c(121): warning:  #223-D: function "assert_param" declared implicitly
    assert_param(IS_WWDG_PRESCALER(WWDG_Prescaler));
F:\share\TinyOS-STM-v0.9b\tos\chips\stm32\fwlib\src\stm32f10x_wwdg.c(141): warning:  #223-D: function "assert_param" declared implicitly
    assert_param(IS_WWDG_WINDOW_VALUE(WindowValue));
F:\share\TinyOS-STM-v0.9b\tos\chips\stm32\fwlib\src\stm32f10x_wwdg.c(172): warning:  #223-D: function "assert_param" declared implicitly
    assert_param(IS_WWDG_COUNTER(Counter));
F:\share\TinyOS-STM-v0.9b\tos\chips\stm32\fwlib\src\stm32f10x_wwdg.c(187): warning:  #223-D: function "assert_param" declared implicitly
    assert_param(IS_WWDG_COUNTER(Counter));
F:\share\TinyOS-STM-v0.9b\tos\chips\stm32\fwlib\src\stm32f10x_wwdg.c: 4 warnings, 0 errors
compiling system_stm32f10x.c...
F:\share\TinyOS-STM-v0.9b\tos\chips\stm32\fwlib\src\system_stm32f10x.c(99): warning:  #9-D: nested comment is not allowed
  /** @addtogroup STM32F10x_System_Private_Macros
F:\share\TinyOS-STM-v0.9b\tos\chips\stm32\fwlib\src\system_stm32f10x.c: 1 warning, 0 errors
compiling Serial.c...
F:\share\TinyOS-STM-v0.9b\tos\chips\stm32\uart-serial\usart_conf.h(27): warning:  #1295-D: Deprecated declaration USART1_irt - give arg types
  void USART1_irt();
F:\share\TinyOS-STM-v0.9b\tos\chips\stm32\uart-serial\Serial.c: 1 warning, 0 errors
compiling usart_conf.c...
F:\share\TinyOS-STM-v0.9b\tos\chips\stm32\uart-serial\usart_conf.h(27): warning:  #1295-D: Deprecated declaration USART1_irt - give arg types
  void USART1_irt();
F:\share\TinyOS-STM-v0.9b\tos\chips\stm32\uart-serial\usart_conf.c: 1 warning, 0 errors
".\obj\tinyos-stm32.axf" - 2 Error(s), 378 Warning(s).
Target not created
