ARM Linker, 5.03 [Build 76] [MDK-ARM Standard]

==============================================================================

Section Cross References

    startup_stm32f10x_xl.o(STACK) refers (Special) to heapauxi.o(.text) for __use_two_region_memory
    startup_stm32f10x_xl.o(HEAP) refers (Special) to heapauxi.o(.text) for __use_two_region_memory
    startup_stm32f10x_xl.o(RESET) refers (Special) to heapauxi.o(.text) for __use_two_region_memory
    startup_stm32f10x_xl.o(RESET) refers to startup_stm32f10x_xl.o(STACK) for __initial_sp
    startup_stm32f10x_xl.o(RESET) refers to startup_stm32f10x_xl.o(.text) for Reset_Handler
    startup_stm32f10x_xl.o(RESET) refers to appmangle.o(.text) for WWDG_IRQHandler
    startup_stm32f10x_xl.o(.text) refers (Special) to heapauxi.o(.text) for __use_two_region_memory
    startup_stm32f10x_xl.o(.text) refers to system_stm32f10x.o(.text) for SystemInit
    startup_stm32f10x_xl.o(.text) refers to __main.o(!!!main) for __main
    startup_stm32f10x_xl.o(.text) refers to startup_stm32f10x_xl.o(HEAP) for Heap_Mem
    startup_stm32f10x_xl.o(.text) refers to startup_stm32f10x_xl.o(STACK) for Stack_Mem
    appmangle.o(.text) refers to appmangle.o(i.__nesc_atomic_start) for __nesc_atomic_start
    appmangle.o(.text) refers to appmangle.o(i.__nesc_atomic_end) for __nesc_atomic_end
    appmangle.o(.text) refers to stm32f10x_rtc.o(.text) for RTC_ClearITPendingBit
    appmangle.o(.text) refers to stm32f10x_exti.o(.text) for EXTI_ClearITPendingBit
    appmangle.o(.text) refers to stm32f10x_pwr.o(.text) for PWR_GetFlagStatus
    appmangle.o(.text) refers to appmangle.o(.data) for SchedulerBasicP__m_head
    appmangle.o(.text) refers to appmangle.o(.bss) for VirtualizeTimerC__0__m_timers
    appmangle.o(.text) refers to serial.o(.text) for SER_PutChar
    appmangle.o(.text) refers to misc.o(.text) for NVIC_PriorityGroupConfig
    appmangle.o(.text) refers to stm32f10x_rcc.o(.text) for RCC_APB1PeriphClockCmd
    appmangle.o(.text) refers to stm32f10x_gpio.o(.text) for GPIO_Init
    appmangle.o(.text) refers to stm32f10x_bkp.o(.text) for BKP_DeInit
    appmangle.o(.text) refers to stm32f10x_tim.o(.text) for TIM_ICInit
    appmangle.o(.text) refers to system_stm32f10x.o(.text) for SystemInit
    appmangle.o(.text) refers to aeabi_memset.o(.text) for __aeabi_memset
    appmangle.o(.text) refers to usart_conf.o(.text) for USART1_irt
    stm32f10x_adc.o(.text) refers to stm32f10x_rcc.o(.text) for RCC_APB2PeriphResetCmd
    stm32f10x_bkp.o(.text) refers to stm32f10x_rcc.o(.text) for RCC_BackupResetCmd
    stm32f10x_can.o(.text) refers to stm32f10x_rcc.o(.text) for RCC_APB1PeriphResetCmd
    stm32f10x_cec.o(.text) refers to stm32f10x_rcc.o(.text) for RCC_APB1PeriphResetCmd
    stm32f10x_dac.o(.text) refers to stm32f10x_rcc.o(.text) for RCC_APB1PeriphResetCmd
    stm32f10x_gpio.o(.text) refers to stm32f10x_rcc.o(.text) for RCC_APB2PeriphResetCmd
    stm32f10x_i2c.o(.text) refers to stm32f10x_rcc.o(.text) for RCC_APB1PeriphResetCmd
    stm32f10x_pwr.o(.text) refers to stm32f10x_rcc.o(.text) for RCC_APB1PeriphResetCmd
    stm32f10x_rcc.o(.text) refers to stm32f10x_rcc.o(.data) for APBAHBPrescTable
    stm32f10x_spi.o(.text) refers to stm32f10x_rcc.o(.text) for RCC_APB2PeriphResetCmd
    stm32f10x_tim.o(.text) refers to stm32f10x_rcc.o(.text) for RCC_APB2PeriphResetCmd
    stm32f10x_usart.o(.text) refers to stm32f10x_rcc.o(.text) for RCC_APB2PeriphResetCmd
    stm32f10x_wwdg.o(.text) refers to stm32f10x_rcc.o(.text) for RCC_APB1PeriphResetCmd
    system_stm32f10x.o(.text) refers to system_stm32f10x.o(.data) for SystemCoreClock
    serial.o(.text) refers to usart_conf.o(.text) for USART1_Init
    usart_conf.o(.text) refers to misc.o(.text) for NVIC_Init
    usart_conf.o(.text) refers to stm32f10x_rcc.o(.text) for RCC_APB2PeriphClockCmd
    usart_conf.o(.text) refers to stm32f10x_gpio.o(.text) for GPIO_Init
    usart_conf.o(.text) refers to stm32f10x_usart.o(.text) for USART_Init
    aeabi_memset.o(.text) refers to rt_memclr.o(.text) for _memset
    __main.o(!!!main) refers to rtentry.o(.ARM.Collect$$rtentry$$00000000) for __rt_entry
    rtentry.o(.ARM.Collect$$rtentry$$00000000) refers (Special) to rtentry2.o(.ARM.Collect$$rtentry$$0000000A) for __rt_entry_li
    rtentry.o(.ARM.Collect$$rtentry$$00000000) refers (Special) to rtentry2.o(.ARM.Collect$$rtentry$$0000000D) for __rt_entry_main
    rtentry.o(.ARM.Collect$$rtentry$$00000000) refers (Special) to rtentry2.o(.ARM.Collect$$rtentry$$0000000C) for __rt_entry_postli_1
    rtentry.o(.ARM.Collect$$rtentry$$00000000) refers (Special) to rtentry2.o(.ARM.Collect$$rtentry$$00000009) for __rt_entry_postsh_1
    rtentry.o(.ARM.Collect$$rtentry$$00000000) refers (Special) to rtentry2.o(.ARM.Collect$$rtentry$$00000002) for __rt_entry_presh_1
    rtentry.o(.ARM.Collect$$rtentry$$00000000) refers (Special) to rtentry4.o(.ARM.Collect$$rtentry$$00000004) for __rt_entry_sh
    rt_memclr.o(.text) refers to rt_memclr_w.o(.text) for _memset_w
[...]
    rtentry2.o(.ARM.Collect$$rtentry$$0000000A) refers to libinit.o(.ARM.Collect$$libinit$$00000000) for __rt_lib_init
    rtentry2.o(.ARM.Collect$$rtentry$$0000000B) refers to boardinit3.o(.text) for _platform_post_lib_init
    rtentry2.o(.ARM.Collect$$rtentry$$0000000D) refers to appmangle.o(.text) for main
    rtentry2.o(.ARM.Collect$$rtentry$$0000000D) refers to exit.o(.text) for exit
    rtentry2.o(.ARM.exidx) refers to rtentry2.o(.ARM.Collect$$rtentry$$00000001) for .ARM.Collect$$rtentry$$00000001
    rtentry2.o(.ARM.exidx) refers to rtentry2.o(.ARM.Collect$$rtentry$$00000008) for .ARM.Collect$$rtentry$$00000008
    rtentry2.o(.ARM.exidx) refers to rtentry2.o(.ARM.Collect$$rtentry$$0000000A) for .ARM.Collect$$rtentry$$0000000A
    rtentry2.o(.ARM.exidx) refers to rtentry2.o(.ARM.Collect$$rtentry$$0000000B) for .ARM.Collect$$rtentry$$0000000B
    rtentry2.o(.ARM.exidx) refers to rtentry2.o(.ARM.Collect$$rtentry$$0000000D) for .ARM.Collect$$rtentry$$0000000D
    rtentry4.o(.ARM.Collect$$rtentry$$00000004) refers to sys_stackheap_outer.o(.text) for __user_setup_stackheap
    rtentry4.o(.ARM.exidx) refers to rtentry4.o(.ARM.Collect$$rtentry$$00000004) for .ARM.Collect$$rtentry$$00000004
    sys_stackheap_outer.o(.text) refers to libspace.o(.text) for __user_perproc_libspace
    sys_stackheap_outer.o(.text) refers to startup_stm32f10x_xl.o(.text) for __user_initial_stackheap
    exit.o(.text) refers to rtexit.o(.ARM.Collect$$rtexit$$00000000) for __rt_exit
    libinit.o(.ARM.Collect$$libinit$$00000000) refers (Special) to libinit2.o(.ARM.Collect$$libinit$$0000002C) for __rt_lib_init_alloca_1
    libinit.o(.ARM.Collect$$libinit$$00000000) refers (Special) to libinit2.o(.ARM.Collect$$libinit$$0000002A) for __rt_lib_init_argv_1
    libinit.o(.ARM.Collect$$libinit$$00000000) refers (Special) to libinit2.o(.ARM.Collect$$libinit$$00000019) for __rt_lib_init_atexit_1
    libinit.o(.ARM.Collect$$libinit$$00000000) refers (Special) to libinit2.o(.ARM.Collect$$libinit$$0000001F) for __rt_lib_init_clock_1
    libinit.o(.ARM.Collect$$libinit$$00000000) refers (Special) to libinit2.o(.ARM.Collect$$libinit$$00000030) for __rt_lib_init_cpp_1
    libinit.o(.ARM.Collect$$libinit$$00000000) refers (Special) to libinit2.o(.ARM.Collect$$libinit$$0000002E) for __rt_lib_init_exceptions_1
    libinit.o(.ARM.Collect$$libinit$$00000000) refers (Special) to libinit2.o(.ARM.Collect$$libinit$$00000002) for __rt_lib_init_fp_1
    libinit.o(.ARM.Collect$$libinit$$00000000) refers (Special) to libinit2.o(.ARM.Collect$$libinit$$0000001D) for __rt_lib_init_fp_trap_1
    libinit.o(.ARM.Collect$$libinit$$00000000) refers (Special) to libinit2.o(.ARM.Collect$$libinit$$00000021) for __rt_lib_init_getenv_1
    libinit.o(.ARM.Collect$$libinit$$00000000) refers (Special) to libinit2.o(.ARM.Collect$$libinit$$00000008) for __rt_lib_init_heap_1
    libinit.o(.ARM.Collect$$libinit$$00000000) refers (Special) to libinit2.o(.ARM.Collect$$libinit$$0000000F) for __rt_lib_init_lc_collate_1
    libinit.o(.ARM.Collect$$libinit$$00000000) refers (Special) to libinit2.o(.ARM.Collect$$libinit$$00000011) for __rt_lib_init_lc_ctype_1
    libinit.o(.ARM.Collect$$libinit$$00000000) refers (Special) to libinit2.o(.ARM.Collect$$libinit$$00000013) for __rt_lib_init_lc_monetary_1
    libinit.o(.ARM.Collect$$libinit$$00000000) refers (Special) to libinit2.o(.ARM.Collect$$libinit$$00000015) for __rt_lib_init_lc_numeric_1
    libinit.o(.ARM.Collect$$libinit$$00000000) refers (Special) to libinit2.o(.ARM.Collect$$libinit$$00000017) for __rt_lib_init_lc_time_1
    libinit.o(.ARM.Collect$$libinit$$00000000) refers (Special) to libinit2.o(.ARM.Collect$$libinit$$0000000C) for __rt_lib_init_rand_1
    libinit.o(.ARM.Collect$$libinit$$00000000) refers (Special) to libinit2.o(.ARM.Collect$$libinit$$00000031) for __rt_lib_init_return
    libinit.o(.ARM.Collect$$libinit$$00000000) refers (Special) to libinit2.o(.ARM.Collect$$libinit$$0000001B) for __rt_lib_init_signal_1
    libinit.o(.ARM.Collect$$libinit$$00000000) refers (Special) to libinit2.o(.ARM.Collect$$libinit$$00000023) for __rt_lib_init_stdio_1
    libinit.o(.ARM.Collect$$libinit$$00000000) refers (Special) to libinit2.o(.ARM.Collect$$libinit$$0000000A) for __rt_lib_init_user_alloc_1
    libspace.o(.text) refers to libspace.o(.bss) for __libspace_start
    rtexit.o(.ARM.Collect$$rtexit$$00000000) refers (Special) to rtexit2.o(.ARM.Collect$$rtexit$$00000004) for __rt_exit_exit
    rtexit.o(.ARM.Collect$$rtexit$$00000000) refers (Special) to rtexit2.o(.ARM.Collect$$rtexit$$00000003) for __rt_exit_ls
    rtexit.o(.ARM.Collect$$rtexit$$00000000) refers (Special) to rtexit2.o(.ARM.Collect$$rtexit$$00000002) for __rt_exit_prels_1
    rtexit.o(.ARM.exidx) refers (Special) to rtexit2.o(.ARM.Collect$$rtexit$$00000004) for __rt_exit_exit
    rtexit.o(.ARM.exidx) refers (Special) to rtexit2.o(.ARM.Collect$$rtexit$$00000003) for __rt_exit_ls
    rtexit.o(.ARM.exidx) refers (Special) to rtexit2.o(.ARM.Collect$$rtexit$$00000002) for __rt_exit_prels_1
    rtexit.o(.ARM.exidx) refers to rtexit.o(.ARM.Collect$$rtexit$$00000000) for .ARM.Collect$$rtexit$$00000000
    libinit2.o(.ARM.Collect$$libinit$$0000000E) refers to libinit2.o(.ARM.Collect$$libinit$$0000000D) for .ARM.Collect$$libinit$$0000000D
    libinit2.o(.ARM.Collect$$libinit$$00000010) refers to libinit2.o(.ARM.Collect$$libinit$$0000000D) for .ARM.Collect$$libinit$$0000000D
    libinit2.o(.ARM.Collect$$libinit$$00000012) refers to libinit2.o(.ARM.Collect$$libinit$$0000000D) for .ARM.Collect$$libinit$$0000000D
    libinit2.o(.ARM.Collect$$libinit$$00000014) refers to libinit2.o(.ARM.Collect$$libinit$$0000000D) for .ARM.Collect$$libinit$$0000000D
    libinit2.o(.ARM.Collect$$libinit$$00000016) refers to libinit2.o(.ARM.Collect$$libinit$$0000000D) for .ARM.Collect$$libinit$$0000000D
    libinit2.o(.ARM.Collect$$libinit$$00000024) refers to argv_veneer.o(.emb_text) for __ARM_argv_veneer
    libinit2.o(.ARM.Collect$$libinit$$00000025) refers to argv_veneer.o(.emb_text) for __ARM_argv_veneer
    rtexit2.o(.ARM.Collect$$rtexit$$00000003) refers to libshutdown.o(.ARM.Collect$$libshutdown$$00000000) for __rt_lib_shutdown
    rtexit2.o(.ARM.Collect$$rtexit$$00000004) refers to sys_exit.o(.text) for _sys_exit
    rtexit2.o(.ARM.exidx) refers to rtexit2.o(.ARM.Collect$$rtexit$$00000001) for .ARM.Collect$$rtexit$$00000001
    rtexit2.o(.ARM.exidx) refers to rtexit2.o(.ARM.Collect$$rtexit$$00000003) for .ARM.Collect$$rtexit$$00000003
    rtexit2.o(.ARM.exidx) refers to rtexit2.o(.ARM.Collect$$rtexit$$00000004) for .ARM.Collect$$rtexit$$00000004
    argv_veneer.o(.emb_text) refers to no_argv.o(.text) for __ARM_get_argv
    sys_exit.o(.text) refers (Special) to use_no_semi.o(.text) for __I$use$semihosting
    sys_exit.o(.text) refers (Special) to indicate_semi.o(.text) for __semihosting_library_function
    _get_argv_nomalloc.o(.text) refers (Special) to hrguard.o(.text) for __heap_region$guard
    _get_argv_nomalloc.o(.text) refers to defsig_rtmem_outer.o(.text) for __rt_SIGRTMEM
    _get_argv_nomalloc.o(.text) refers to sys_command.o(.text) for _sys_command_string
    libshutdown.o(.ARM.Collect$$libshutdown$$00000000) refers (Special) to libshutdown2.o(.ARM.Collect$$libshutdown$$00000006) for __rt_lib_shutdown_fp_trap_1
    libshutdown.o(.ARM.Collect$$libshutdown$$00000000) refers (Special) to libshutdown2.o(.ARM.Collect$$libshutdown$$0000000E) for __rt_lib_shutdown_heap_1
    libshutdown.o(.ARM.Collect$$libshutdown$$00000000) refers (Special) to libshutdown2.o(.ARM.Collect$$libshutdown$$0000000F) for __rt_lib_shutdown_return
    libshutdown.o(.ARM.Collect$$libshutdown$$00000000) refers (Special) to libshutdown2.o(.ARM.Collect$$libshutdown$$00000009) for __rt_lib_shutdown_signal_1
    libshutdown.o(.ARM.Collect$$libshutdown$$00000000) refers (Special) to libshutdown2.o(.ARM.Collect$$libshutdown$$00000003) for __rt_lib_shutdown_stdio_1
    libshutdown.o(.ARM.Collect$$libshutdown$$00000000) refers (Special) to libshutdown2.o(.ARM.Collect$$libshutdown$$0000000B) for __rt_lib_shutdown_user_alloc_1
    sys_command.o(.text) refers (Special) to use_no_semi.o(.text) for __I$use$semihosting
    sys_command.o(.text) refers (Special) to indicate_semi.o(.text) for __semihosting_library_function
    defsig_rtmem_outer.o(.text) refers to defsig_rtmem_inner.o(.text) for __rt_SIGRTMEM_inner
    defsig_rtmem_outer.o(.text) refers to defsig_exit.o(.text) for __sig_exit
    defsig_rtmem_formal.o(.text) refers to rt_raise.o(.text) for __rt_raise
    rt_raise.o(.text) refers to __raise.o(.text) for __raise
    rt_raise.o(.text) refers to sys_exit.o(.text) for _sys_exit
    defsig_exit.o(.text) refers to sys_exit.o(.text) for _sys_exit
    defsig_rtmem_inner.o(.text) refers to defsig_general.o(.text) for __default_signal_display
    __raise.o(.text) refers to defsig.o(CL$$defsig) for __default_signal_handler
    defsig_general.o(.text) refers to sys_wrch.o(.text) for _ttywrch
    sys_wrch.o(.text) refers (Special) to use_no_semi.o(.text) for __I$use$semihosting
    sys_wrch.o(.text) refers (Special) to indicate_semi.o(.text) for __semihosting_library_function
    defsig.o(CL$$defsig) refers to defsig_rtmem_inner.o(.text) for __rt_SIGRTMEM_inner
    defsig_abrt_inner.o(.text) refers to defsig_general.o(.text) for __default_signal_display
    defsig_fpe_inner.o(.text) refers to defsig_general.o(.text) for __default_signal_display
    defsig_rtred_inner.o(.text) refers to defsig_general.o(.text) for __default_signal_display
    defsig_stak_inner.o(.text) refers to defsig_general.o(.text) for __default_signal_display
    defsig_pvfn_inner.o(.text) refers to defsig_general.o(.text) for __default_signal_display
    defsig_cppl_inner.o(.text) refers to defsig_general.o(.text) for __default_signal_display
    defsig_segv_inner.o(.text) refers to defsig_general.o(.text) for __default_signal_display
    defsig_other.o(.text) refers to defsig_general.o(.text) for __default_signal_display
    appmangle.o(i.__nesc_atomic_start) refers to appmangle.o(.text) for __nesc_enable_interrupt


==============================================================================

Removing Unused input sections from the image.

    Removing core_cm3.o(.emb_text), (32 bytes).
    Removing stm32f10x_adc.o(.text), (1102 bytes).
    Removing stm32f10x_can.o(.text), (2212 bytes).
    Removing stm32f10x_cec.o(.text), (288 bytes).
    Removing stm32f10x_crc.o(.text), (72 bytes).
    Removing stm32f10x_dac.o(.text), (396 bytes).
    Removing stm32f10x_dbgmcu.o(.text), (48 bytes).
    Removing stm32f10x_dma.o(.text), (592 bytes).
    Removing stm32f10x_flash.o(.text), (2280 bytes).
    Removing stm32f10x_fsmc.o(.text), (1560 bytes).
    Removing stm32f10x_i2c.o(.text), (1000 bytes).
    Removing stm32f10x_iwdg.o(.text), (64 bytes).
    Removing stm32f10x_sdio.o(.text), (472 bytes).
    Removing stm32f10x_spi.o(.text), (780 bytes).
    Removing stm32f10x_wwdg.o(.text), (136 bytes).

15 unused section(s) (total 11034 bytes) removed from the image.

==============================================================================

Image Symbol Table

    Local Symbols

    Symbol Name                              Value     Ov Type        Size  Object(Section)

    ../clib/angel/boardlib.s                 0x00000000   Number         0  boardinit3.o ABSOLUTE
    ../clib/angel/boardlib.s                 0x00000000   Number         0  boardinit2.o ABSOLUTE
    ../clib/angel/boardlib.s                 0x00000000   Number         0  boardinit1.o ABSOLUTE
    ../clib/angel/boardlib.s                 0x00000000   Number         0  boardshut.o ABSOLUTE
    ../clib/angel/handlers.s                 0x00000000   Number         0  __scatter_copy.o ABSOLUTE
    ../clib/angel/handlers.s                 0x00000000   Number         0  __scatter_zi.o ABSOLUTE
    ../clib/angel/kernel.s                   0x00000000   Number         0  rtexit.o ABSOLUTE
    ../clib/angel/kernel.s                   0x00000000   Number         0  rtentry4.o ABSOLUTE
    ../clib/angel/kernel.s                   0x00000000   Number         0  rtentry2.o ABSOLUTE
    ../clib/angel/kernel.s                   0x00000000   Number         0  rtexit2.o ABSOLUTE
    ../clib/angel/kernel.s                   0x00000000   Number         0  rtentry.o ABSOLUTE
    ../clib/angel/rt.s                       0x00000000   Number         0  rt_raise.o ABSOLUTE
    ../clib/angel/scatter.s                  0x00000000   Number         0  __scatter.o ABSOLUTE
    ../clib/angel/startup.s                  0x00000000   Number         0  __main.o ABSOLUTE
    ../clib/angel/sys.s                      0x00000000   Number         0  use_no_semi.o ABSOLUTE
    ../clib/angel/sys.s                      0x00000000   Number         0  indicate_semi.o ABSOLUTE
    ../clib/angel/sys.s                      0x00000000   Number         0  libspace.o ABSOLUTE
    ../clib/angel/sys.s                      0x00000000   Number         0  sys_stackheap_outer.o ABSOLUTE
    ../clib/angel/sysapp.c                   0x00000000   Number         0  sys_wrch.o ABSOLUTE
    ../clib/angel/sysapp.c                   0x00000000   Number         0  sys_command.o ABSOLUTE
    ../clib/angel/sysapp.c                   0x00000000   Number         0  sys_exit.o ABSOLUTE
    ../clib/armsys.c                         0x00000000   Number         0  argv_veneer.o ABSOLUTE
    ../clib/armsys.c                         0x00000000   Number         0  argv_veneer.o ABSOLUTE
    ../clib/armsys.c                         0x00000000   Number         0  no_argv.o ABSOLUTE
    ../clib/armsys.c                         0x00000000   Number         0  _get_argv_nomalloc.o ABSOLUTE
    ../clib/heapalloc.c                      0x00000000   Number         0  hrguard.o ABSOLUTE
    ../clib/heapaux.c                        0x00000000   Number         0  heapauxi.o ABSOLUTE
    ../clib/libinit.s                        0x00000000   Number         0  libinit2.o ABSOLUTE
    ../clib/libinit.s                        0x00000000   Number         0  libshutdown2.o ABSOLUTE
    ../clib/libinit.s                        0x00000000   Number         0  libshutdown.o ABSOLUTE
    ../clib/libinit.s                        0x00000000   Number         0  libinit.o ABSOLUTE
    ../clib/memcpset.s                       0x00000000   Number         0  rt_memclr.o ABSOLUTE
    ../clib/memcpset.s                       0x00000000   Number         0  aeabi_memset.o ABSOLUTE
    ../clib/memcpset.s                       0x00000000   Number         0  rt_memclr_w.o ABSOLUTE
    ../clib/signal.c                         0x00000000   Number         0  defsig_other.o ABSOLUTE
    ../clib/signal.c                         0x00000000   Number         0  defsig_segv_inner.o ABSOLUTE
    ../clib/signal.c                         0x00000000   Number         0  defsig_rtmem_formal.o ABSOLUTE
    ../clib/signal.c                         0x00000000   Number         0  defsig_exit.o ABSOLUTE
    ../clib/signal.c                         0x00000000   Number         0  defsig_rtmem_inner.o ABSOLUTE
    ../clib/signal.c                         0x00000000   Number         0  __raise.o ABSOLUTE
    ../clib/signal.c                         0x00000000   Number         0  defsig_general.o ABSOLUTE
    ../clib/signal.c                         0x00000000   Number         0  defsig_abrt_inner.o ABSOLUTE
    ../clib/signal.c                         0x00000000   Number         0  defsig_fpe_inner.o ABSOLUTE
    ../clib/signal.c                         0x00000000   Number         0  defsig_cppl_inner.o ABSOLUTE
    ../clib/signal.c                         0x00000000   Number         0  defsig_rtmem_outer.o ABSOLUTE
    ../clib/signal.c                         0x00000000   Number         0  defsig_rtred_inner.o ABSOLUTE
    ../clib/signal.c                         0x00000000   Number         0  defsig_stak_inner.o ABSOLUTE
    ../clib/signal.c                         0x00000000   Number         0  defsig_pvfn_inner.o ABSOLUTE
    ../clib/signal.s                         0x00000000   Number         0  defsig.o ABSOLUTE
    ../clib/stdlib.c                         0x00000000   Number         0  exit.o ABSOLUTE
    ../fplib/fpinit.s                        0x00000000   Number         0  fpinit.o ABSOLUTE
    F:\\share\\TinyOS-STM-v0.9b\\tos\\chips\\stm32\\fwlib\\src\\core_cm3.c 0x00000000   Number         0  core_cm3.o ABSOLUTE
    F:\share\TinyOS-STM-v0.9b\apps\UsartSerialTest\build\emote\appmangle.c 0x00000000   Number         0  appmangle.o ABSOLUTE
    F:\share\TinyOS-STM-v0.9b\tos\chips\stm32\fwlib\src\core_cm3.c 0x00000000   Number         0  core_cm3.o ABSOLUTE
    F:\share\TinyOS-STM-v0.9b\tos\chips\stm32\fwlib\src\misc.c 0x00000000   Number         0  misc.o ABSOLUTE
    F:\share\TinyOS-STM-v0.9b\tos\chips\stm32\fwlib\src\stm32f10x_adc.c 0x00000000   Number         0  stm32f10x_adc.o ABSOLUTE
    F:\share\TinyOS-STM-v0.9b\tos\chips\stm32\fwlib\src\stm32f10x_bkp.c 0x00000000   Number         0  stm32f10x_bkp.o ABSOLUTE
    F:\share\TinyOS-STM-v0.9b\tos\chips\stm32\fwlib\src\stm32f10x_can.c 0x00000000   Number         0  stm32f10x_can.o ABSOLUTE
    F:\share\TinyOS-STM-v0.9b\tos\chips\stm32\fwlib\src\stm32f10x_cec.c 0x00000000   Number         0  stm32f10x_cec.o ABSOLUTE
    F:\share\TinyOS-STM-v0.9b\tos\chips\stm32\fwlib\src\stm32f10x_crc.c 0x00000000   Number         0  stm32f10x_crc.o ABSOLUTE
    F:\share\TinyOS-STM-v0.9b\tos\chips\stm32\fwlib\src\stm32f10x_dac.c 0x00000000   Number         0  stm32f10x_dac.o ABSOLUTE
    F:\share\TinyOS-STM-v0.9b\tos\chips\stm32\fwlib\src\stm32f10x_dbgmcu.c 0x00000000   Number         0  stm32f10x_dbgmcu.o ABSOLUTE
    F:\share\TinyOS-STM-v0.9b\tos\chips\stm32\fwlib\src\stm32f10x_dma.c 0x00000000   Number         0  stm32f10x_dma.o ABSOLUTE
    F:\share\TinyOS-STM-v0.9b\tos\chips\stm32\fwlib\src\stm32f10x_exti.c 0x00000000   Number         0  stm32f10x_exti.o ABSOLUTE
    F:\share\TinyOS-STM-v0.9b\tos\chips\stm32\fwlib\src\stm32f10x_flash.c 0x00000000   Number         0  stm32f10x_flash.o ABSOLUTE
    F:\share\TinyOS-STM-v0.9b\tos\chips\stm32\fwlib\src\stm32f10x_fsmc.c 0x00000000   Number         0  stm32f10x_fsmc.o ABSOLUTE
    F:\share\TinyOS-STM-v0.9b\tos\chips\stm32\fwlib\src\stm32f10x_gpio.c 0x00000000   Number         0  stm32f10x_gpio.o ABSOLUTE
    F:\share\TinyOS-STM-v0.9b\tos\chips\stm32\fwlib\src\stm32f10x_i2c.c 0x00000000   Number         0  stm32f10x_i2c.o ABSOLUTE
    F:\share\TinyOS-STM-v0.9b\tos\chips\stm32\fwlib\src\stm32f10x_iwdg.c 0x00000000   Number         0  stm32f10x_iwdg.o ABSOLUTE
    F:\share\TinyOS-STM-v0.9b\tos\chips\stm32\fwlib\src\stm32f10x_pwr.c 0x00000000   Number         0  stm32f10x_pwr.o ABSOLUTE
    F:\share\TinyOS-STM-v0.9b\tos\chips\stm32\fwlib\src\stm32f10x_rcc.c 0x00000000   Number         0  stm32f10x_rcc.o ABSOLUTE
    F:\share\TinyOS-STM-v0.9b\tos\chips\stm32\fwlib\src\stm32f10x_rtc.c 0x00000000   Number         0  stm32f10x_rtc.o ABSOLUTE
    F:\share\TinyOS-STM-v0.9b\tos\chips\stm32\fwlib\src\stm32f10x_sdio.c 0x00000000   Number         0  stm32f10x_sdio.o ABSOLUTE
    F:\share\TinyOS-STM-v0.9b\tos\chips\stm32\fwlib\src\stm32f10x_spi.c 0x00000000   Number         0  stm32f10x_spi.o ABSOLUTE
    F:\share\TinyOS-STM-v0.9b\tos\chips\stm32\fwlib\src\stm32f10x_tim.c 0x00000000   Number         0  stm32f10x_tim.o ABSOLUTE
    F:\share\TinyOS-STM-v0.9b\tos\chips\stm32\fwlib\src\stm32f10x_usart.c 0x00000000   Number         0  stm32f10x_usart.o ABSOLUTE
    F:\share\TinyOS-STM-v0.9b\tos\chips\stm32\fwlib\src\stm32f10x_wwdg.c 0x00000000   Number         0  stm32f10x_wwdg.o ABSOLUTE
    F:\share\TinyOS-STM-v0.9b\tos\chips\stm32\fwlib\src\system_stm32f10x.c 0x00000000   Number         0  system_stm32f10x.o ABSOLUTE
    F:\share\TinyOS-STM-v0.9b\tos\chips\stm32\uart-serial\Serial.c 0x00000000   Number         0  serial.o ABSOLUTE
    F:\share\TinyOS-STM-v0.9b\tos\chips\stm32\uart-serial\usart_conf.c 0x00000000   Number         0  usart_conf.o ABSOLUTE
    dc.s                                     0x00000000   Number         0  dc.o ABSOLUTE
    startup_stm32f10x_xl.s                   0x00000000   Number         0  startup_stm32f10x_xl.o ABSOLUTE
    RESET                                    0x08006000   Section      304  startup_stm32f10x_xl.o(RESET)
    !!!main                                  0x08006130   Section        8  __main.o(!!!main)
    !!!scatter                               0x08006138   Section       52  __scatter.o(!!!scatter)
    !!handler_copy                           0x0800616c   Section       26  __scatter_copy.o(!!handler_copy)
    !!handler_zi                             0x08006188   Section       28  __scatter_zi.o(!!handler_zi)
    .ARM.Collect$$libinit$$00000000          0x080061a4   Section        2  libinit.o(.ARM.Collect$$libinit$$00000000)
    .ARM.Collect$$libinit$$00000002          0x080061a6   Section        0  libinit2.o(.ARM.Collect$$libinit$$00000002)
    .ARM.Collect$$libinit$$00000008          0x080061a6   Section        0  libinit2.o(.ARM.Collect$$libinit$$00000008)
    .ARM.Collect$$libinit$$0000000A          0x080061a6   Section        0  libinit2.o(.ARM.Collect$$libinit$$0000000A)
    .ARM.Collect$$libinit$$0000000C          0x080061a6   Section        0  libinit2.o(.ARM.Collect$$libinit$$0000000C)
    .ARM.Collect$$libinit$$0000000F          0x080061a6   Section        0  libinit2.o(.ARM.Collect$$libinit$$0000000F)
    .ARM.Collect$$libinit$$00000011          0x080061a6   Section        0  libinit2.o(.ARM.Collect$$libinit$$00000011)
    .ARM.Collect$$libinit$$00000013          0x080061a6   Section        0  libinit2.o(.ARM.Collect$$libinit$$00000013)
    .ARM.Collect$$libinit$$00000015          0x080061a6   Section        0  libinit2.o(.ARM.Collect$$libinit$$00000015)
    .ARM.Collect$$libinit$$00000017          0x080061a6   Section        0  libinit2.o(.ARM.Collect$$libinit$$00000017)
    .ARM.Collect$$libinit$$00000019          0x080061a6   Section        0  libinit2.o(.ARM.Collect$$libinit$$00000019)
    .ARM.Collect$$libinit$$0000001B          0x080061a6   Section        0  libinit2.o(.ARM.Collect$$libinit$$0000001B)
    .ARM.Collect$$libinit$$0000001D          0x080061a6   Section        0  libinit2.o(.ARM.Collect$$libinit$$0000001D)
    .ARM.Collect$$libinit$$0000001F          0x080061a6   Section        0  libinit2.o(.ARM.Collect$$libinit$$0000001F)
    .ARM.Collect$$libinit$$00000021          0x080061a6   Section        0  libinit2.o(.ARM.Collect$$libinit$$00000021)
    .ARM.Collect$$libinit$$00000023          0x080061a6   Section        0  libinit2.o(.ARM.Collect$$libinit$$00000023)
    .ARM.Collect$$libinit$$0000002A          0x080061a6   Section        0  libinit2.o(.ARM.Collect$$libinit$$0000002A)
    .ARM.Collect$$libinit$$0000002C          0x080061a6   Section        0  libinit2.o(.ARM.Collect$$libinit$$0000002C)
    .ARM.Collect$$libinit$$0000002E          0x080061a6   Section        0  libinit2.o(.ARM.Collect$$libinit$$0000002E)
    .ARM.Collect$$libinit$$00000030          0x080061a6   Section        0  libinit2.o(.ARM.Collect$$libinit$$00000030)
    .ARM.Collect$$libinit$$00000031          0x080061a6   Section        2  libinit2.o(.ARM.Collect$$libinit$$00000031)
    .ARM.Collect$$libshutdown$$00000000      0x080061a8   Section        2  libshutdown.o(.ARM.Collect$$libshutdown$$00000000)
    .ARM.Collect$$libshutdown$$00000003      0x080061aa   Section        0  libshutdown2.o(.ARM.Collect$$libshutdown$$00000003)
    .ARM.Collect$$libshutdown$$00000006      0x080061aa   Section        0  libshutdown2.o(.ARM.Collect$$libshutdown$$00000006)
    .ARM.Collect$$libshutdown$$00000009      0x080061aa   Section        0  libshutdown2.o(.ARM.Collect$$libshutdown$$00000009)
    .ARM.Collect$$libshutdown$$0000000B      0x080061aa   Section        0  libshutdown2.o(.ARM.Collect$$libshutdown$$0000000B)
    .ARM.Collect$$libshutdown$$0000000E      0x080061aa   Section        0  libshutdown2.o(.ARM.Collect$$libshutdown$$0000000E)
    .ARM.Collect$$libshutdown$$0000000F      0x080061aa   Section        2  libshutdown2.o(.ARM.Collect$$libshutdown$$0000000F)
    .ARM.Collect$$rtentry$$00000000          0x080061ac   Section        0  rtentry.o(.ARM.Collect$$rtentry$$00000000)
    .ARM.Collect$$rtentry$$00000002          0x080061ac   Section        0  rtentry2.o(.ARM.Collect$$rtentry$$00000002)
    .ARM.Collect$$rtentry$$00000004          0x080061ac   Section        6  rtentry4.o(.ARM.Collect$$rtentry$$00000004)
    .ARM.Collect$$rtentry$$00000009          0x080061b2   Section        0  rtentry2.o(.ARM.Collect$$rtentry$$00000009)
    .ARM.Collect$$rtentry$$0000000A          0x080061b2   Section        4  rtentry2.o(.ARM.Collect$$rtentry$$0000000A)
    .ARM.Collect$$rtentry$$0000000C          0x080061b6   Section        0  rtentry2.o(.ARM.Collect$$rtentry$$0000000C)
    .ARM.Collect$$rtentry$$0000000D          0x080061b6   Section        8  rtentry2.o(.ARM.Collect$$rtentry$$0000000D)
    .ARM.Collect$$rtexit$$00000000           0x080061be   Section        2  rtexit.o(.ARM.Collect$$rtexit$$00000000)
    .ARM.Collect$$rtexit$$00000002           0x080061c0   Section        0  rtexit2.o(.ARM.Collect$$rtexit$$00000002)
    .ARM.Collect$$rtexit$$00000003           0x080061c0   Section        4  rtexit2.o(.ARM.Collect$$rtexit$$00000003)
    .ARM.Collect$$rtexit$$00000004           0x080061c4   Section        6  rtexit2.o(.ARM.Collect$$rtexit$$00000004)
    .text                                    0x080061cc   Section       64  startup_stm32f10x_xl.o(.text)
    .text                                    0x0800620c   Section        0  appmangle.o(.text)
    SchedulerBasicP__popTask                 0x0800620d   Thumb Code    48  appmangle.o(.text)
    STM32RtcC__Counter__default__overflow    0x0800623d   Thumb Code     2  appmangle.o(.text)
    STM32RtcC__Counter__overflow             0x0800623f   Thumb Code     8  appmangle.o(.text)
    SchedulerBasicP__isWaiting               0x08006247   Thumb Code    26  appmangle.o(.text)
    SchedulerBasicP__pushTask                0x08006261   Thumb Code    50  appmangle.o(.text)
    SchedulerBasicP__TaskBasic__postTask     0x08006293   Thumb Code    36  appmangle.o(.text)
    AlarmToTimerC__0__fired__postTask        0x080062b7   Thumb Code    14  appmangle.o(.text)
    AlarmToTimerC__0__Alarm__fired           0x080062c5   Thumb Code     8  appmangle.o(.text)
    STM32RtcC__Alarm__fired                  0x080062cd   Thumb Code     8  appmangle.o(.text)
    STM32RtcC__disableInterrupt              0x080062d5   Thumb Code    44  appmangle.o(.text)
    STM32RtcC__Alarm__stop                   0x08006301   Thumb Code     8  appmangle.o(.text)
    PlatformP__Interrupt__fired              0x08006359   Thumb Code     2  appmangle.o(.text)
    HplSTM32InterruptM__Irq__fired           0x0800635b   Thumb Code     8  appmangle.o(.text)
    SchedulerBasicP__TaskBasic__default__runTask 0x0800643b   Thumb Code     2  appmangle.o(.text)
    STM32RtcC__Alarm__getNow                 0x0800643d   Thumb Code    12  appmangle.o(.text)
    AlarmToTimerC__0__Alarm__getNow          0x08006449   Thumb Code    12  appmangle.o(.text)
    AlarmToTimerC__0__Timer__getNow          0x08006455   Thumb Code     8  appmangle.o(.text)
    VirtualizeTimerC__0__TimerFrom__getNow   0x0800645d   Thumb Code    12  appmangle.o(.text)
    VirtualizeTimerC__0__updateFromTimer__postTask 0x08006469   Thumb Code    14  appmangle.o(.text)
    VirtualizeTimerC__0__Timer__default__fired 0x08006477   Thumb Code     2  appmangle.o(.text)
    UartC__Timer2__fired                     0x08006479   Thumb Code     2  appmangle.o(.text)
    UartC__Timer1__fired                     0x0800647b   Thumb Code     2  appmangle.o(.text)
    UartC__my_send__postTask                 0x0800647d   Thumb Code    14  appmangle.o(.text)
    UartC__Timer0__fired                     0x0800648b   Thumb Code     8  appmangle.o(.text)
    VirtualizeTimerC__0__Timer__fired        0x08006493   Thumb Code    46  appmangle.o(.text)
    VirtualizeTimerC__0__fireTimers          0x080064c1   Thumb Code    92  appmangle.o(.text)
    VirtualizeTimerC__0__TimerFrom__fired    0x0800651d   Thumb Code    14  appmangle.o(.text)
    AlarmToTimerC__0__Timer__fired           0x0800652b   Thumb Code     8  appmangle.o(.text)
    STM32RtcC__Alarm__getAlarm               0x08006533   Thumb Code     6  appmangle.o(.text)
    AlarmToTimerC__0__Alarm__getAlarm        0x08006539   Thumb Code    12  appmangle.o(.text)
    STM32RtcC__enableInterrupt               0x08006545   Thumb Code    34  appmangle.o(.text)
    STM32RtcC__Alarm__startAt                0x08006567   Thumb Code   158  appmangle.o(.text)
    AlarmToTimerC__0__Alarm__startAt         0x08006605   Thumb Code    16  appmangle.o(.text)
    AlarmToTimerC__0__start                  0x08006615   Thumb Code    26  appmangle.o(.text)
    AlarmToTimerC__0__fired__runTask         0x0800662f   Thumb Code    32  appmangle.o(.text)
    AlarmToTimerC__0__Timer__startOneShotAt  0x0800664f   Thumb Code    18  appmangle.o(.text)
    VirtualizeTimerC__0__TimerFrom__startOneShotAt 0x08006661   Thumb Code    16  appmangle.o(.text)
    AlarmToTimerC__0__Alarm__stop            0x08006671   Thumb Code     8  appmangle.o(.text)
    AlarmToTimerC__0__Timer__stop            0x08006679   Thumb Code     8  appmangle.o(.text)
    VirtualizeTimerC__0__TimerFrom__stop     0x08006681   Thumb Code     8  appmangle.o(.text)
    VirtualizeTimerC__0__updateFromTimer__runTask 0x08006689   Thumb Code    94  appmangle.o(.text)
    UsartSerialC__UartStream__send           0x080066e7   Thumb Code    26  appmangle.o(.text)
    UartC__UartStream__send                  0x08006701   Thumb Code    20  appmangle.o(.text)
    UartC__my_send__runTask                  0x08006715   Thumb Code    18  appmangle.o(.text)
    SchedulerBasicP__TaskBasic__runTask      0x08006727   Thumb Code    46  appmangle.o(.text)
    McuSleepC__McuSleep__sleep               0x08006755   Thumb Code     4  appmangle.o(.text)
    SchedulerBasicP__McuSleep__sleep         0x08006759   Thumb Code     8  appmangle.o(.text)
    SchedulerBasicP__Scheduler__taskLoop     0x08006761   Thumb Code    38  appmangle.o(.text)
    RealMainP__Scheduler__taskLoop           0x08006787   Thumb Code     4  appmangle.o(.text)
    UsartSerialC__Init__init                 0x0800678b   Thumb Code    10  appmangle.o(.text)
    UartC__Init__init                        0x08006795   Thumb Code    12  appmangle.o(.text)
    VirtualizeTimerC__0__startTimer          0x080067a1   Thumb Code    52  appmangle.o(.text)
    VirtualizeTimerC__0__Timer__startPeriodic 0x080067d5   Thumb Code    26  appmangle.o(.text)
    UartC__Timer2__startPeriodic             0x080067ef   Thumb Code    14  appmangle.o(.text)
    UartC__Timer1__startPeriodic             0x080067fd   Thumb Code    14  appmangle.o(.text)
    UartC__Timer0__startPeriodic             0x0800680b   Thumb Code    14  appmangle.o(.text)
    UartC__Boot__booted                      0x08006819   Thumb Code    30  appmangle.o(.text)
    RealMainP__Boot__booted                  0x08006837   Thumb Code     8  appmangle.o(.text)
    SchedulerBasicP__Scheduler__runNextTask  0x0800683f   Thumb Code    26  appmangle.o(.text)
    RealMainP__Scheduler__runNextTask        0x08006859   Thumb Code    12  appmangle.o(.text)
    STM32RtcC__Init__init                    0x08006865   Thumb Code   268  appmangle.o(.text)
    RealMainP__SoftwareInit__init            0x08006971   Thumb Code    12  appmangle.o(.text)
    PlatformP__Init__init                    0x0800697d   Thumb Code    18  appmangle.o(.text)
    RealMainP__PlatformInit__init            0x0800698f   Thumb Code    12  appmangle.o(.text)
    SchedulerBasicP__Scheduler__init         0x0800699b   Thumb Code    24  appmangle.o(.text)
    RealMainP__Scheduler__init               0x080069b3   Thumb Code     8  appmangle.o(.text)
    __nesc_enable_interrupt                  0x08006a25   Thumb Code     6  appmangle.o(.text)
    .text                                    0x08006a2c   Section        0  misc.o(.text)
    .text                                    0x08006b08   Section        0  stm32f10x_bkp.o(.text)
    .text                                    0x08006bcc   Section        0  stm32f10x_exti.o(.text)
    .text                                    0x08006ce8   Section        0  stm32f10x_gpio.o(.text)
    .text                                    0x08007040   Section        0  stm32f10x_pwr.o(.text)
    .text                                    0x0800710c   Section        0  stm32f10x_rcc.o(.text)
    .text                                    0x080074b0   Section        0  stm32f10x_rtc.o(.text)
    .text                                    0x080075f4   Section        0  stm32f10x_tim.o(.text)
    TI4_Config                               0x08007a9b   Thumb Code   130  stm32f10x_tim.o(.text)
    TI3_Config                               0x08007b2f   Thumb Code   122  stm32f10x_tim.o(.text)
    TI2_Config                               0x08007bc3   Thumb Code   130  stm32f10x_tim.o(.text)
    TI1_Config                               0x08007c57   Thumb Code   108  stm32f10x_tim.o(.text)
    .text                                    0x08008410   Section        0  stm32f10x_usart.o(.text)
    .text                                    0x08008818   Section        0  system_stm32f10x.o(.text)
    SetSysClockTo72                          0x08008819   Thumb Code   212  system_stm32f10x.o(.text)
    SetSysClock                              0x080088ed   Thumb Code     8  system_stm32f10x.o(.text)
    .text                                    0x080089f8   Section        0  serial.o(.text)
    .text                                    0x08008b5c   Section        0  usart_conf.o(.text)
    .text                                    0x08008cbc   Section       16  aeabi_memset.o(.text)
    .text                                    0x08008ccc   Section        0  heapauxi.o(.text)
    .text                                    0x08008cd2   Section       68  rt_memclr.o(.text)
    .text                                    0x08008d16   Section       78  rt_memclr_w.o(.text)
    .text                                    0x08008d64   Section       74  sys_stackheap_outer.o(.text)
    .text                                    0x08008dae   Section        0  exit.o(.text)
    .text                                    0x08008dbc   Section        8  libspace.o(.text)
    .text                                    0x08008dc4   Section        0  sys_exit.o(.text)
    .text                                    0x08008dd0   Section        2  use_no_semi.o(.text)
    .text                                    0x08008dd2   Section        0  indicate_semi.o(.text)
    i.__nesc_atomic_end                      0x08008dd2   Section        0  appmangle.o(i.__nesc_atomic_end)
    i.__nesc_atomic_start                    0x08008de0   Section        0  appmangle.o(i.__nesc_atomic_start)
    .data                                    0x20000000   Section       21  appmangle.o(.data)
    .data                                    0x20000015   Section       20  stm32f10x_rcc.o(.data)
    APBAHBPrescTable                         0x20000015   Data          16  stm32f10x_rcc.o(.data)
    ADCPrescTable                            0x20000025   Data           4  stm32f10x_rcc.o(.data)
    .data                                    0x2000002c   Section       20  system_stm32f10x.o(.data)
    .bss                                     0x20000040   Section       36  appmangle.o(.bss)
    .bss                                     0x20000064   Section       96  libspace.o(.bss)
    HEAP                                     0x200000c8   Section      512  startup_stm32f10x_xl.o(HEAP)
    Heap_Mem                                 0x200000c8   Data         512  startup_stm32f10x_xl.o(HEAP)
    STACK                                    0x200002c8   Section     1024  startup_stm32f10x_xl.o(STACK)
    Stack_Mem                                0x200002c8   Data        1024  startup_stm32f10x_xl.o(STACK)
    __initial_sp                             0x200006c8   Data           0  startup_stm32f10x_xl.o(STACK)

    Global Symbols

    Symbol Name                              Value     Ov Type        Size  Object(Section)

    BuildAttributes$$THM_ISAv4$P$D$K$B$S$PE$A:L22UL41UL21$X:L11$S22US41US21$IEEE1$IW$USESV6$~STKCKD$USESV7$~SHL$OSPACE$ROPI$EBA8$UX$STANDARDLIB$REQ8$PRES8$EABIv2 0x00000000   Number         0  anon$$obj.o ABSOLUTE
    __ARM_use_no_argv                        0x00000000   Number         0  appmangle.o ABSOLUTE
    __ARM_exceptions_init                     - Undefined Weak Reference
    __alloca_initialize                       - Undefined Weak Reference
    __cpp_initialize__aeabi_                  - Undefined Weak Reference
    __cxa_finalize                            - Undefined Weak Reference
    __rt_locale                               - Undefined Weak Reference
    __sigvec_lookup                           - Undefined Weak Reference
    _atexit_init                              - Undefined Weak Reference
    _call_atexit_fns                          - Undefined Weak Reference
    _clock_init                               - Undefined Weak Reference
    _fp_trap_init                             - Undefined Weak Reference
    _fp_trap_shutdown                         - Undefined Weak Reference
    _get_lc_collate                           - Undefined Weak Reference
    _get_lc_ctype                             - Undefined Weak Reference
    _get_lc_monetary                          - Undefined Weak Reference
    _get_lc_numeric                           - Undefined Weak Reference
    _get_lc_time                              - Undefined Weak Reference
    _getenv_init                              - Undefined Weak Reference
    _handle_redirection                       - Undefined Weak Reference
    _init_alloc                               - Undefined Weak Reference
    _init_user_alloc                          - Undefined Weak Reference
    _initio                                   - Undefined Weak Reference
    _rand_init                                - Undefined Weak Reference
    _signal_finish                            - Undefined Weak Reference
    _signal_init                              - Undefined Weak Reference
    _terminate_alloc                          - Undefined Weak Reference
    _terminate_user_alloc                     - Undefined Weak Reference
    _terminateio                              - Undefined Weak Reference
    __Vectors_Size                           0x00000130   Number         0  startup_stm32f10x_xl.o ABSOLUTE
    __Vectors                                0x08006000   Data           4  startup_stm32f10x_xl.o(RESET)
    __Vectors_End                            0x08006130   Data           0  startup_stm32f10x_xl.o(RESET)
    __main                                   0x08006131   Thumb Code     8  __main.o(!!!main)
    __scatterload                            0x08006139   Thumb Code     0  __scatter.o(!!!scatter)
    __scatterload_rt2                        0x08006139   Thumb Code    44  __scatter.o(!!!scatter)
    __scatterload_rt2_thumb_only             0x08006139   Thumb Code     0  __scatter.o(!!!scatter)
    __scatterload_null                       0x08006147   Thumb Code     0  __scatter.o(!!!scatter)
    __scatterload_copy                       0x0800616d   Thumb Code    26  __scatter_copy.o(!!handler_copy)
    __scatterload_zeroinit                   0x08006189   Thumb Code    28  __scatter_zi.o(!!handler_zi)
    __rt_lib_init                            0x080061a5   Thumb Code     0  libinit.o(.ARM.Collect$$libinit$$00000000)
    __rt_lib_init_alloca_1                   0x080061a7   Thumb Code     0  libinit2.o(.ARM.Collect$$libinit$$0000002C)
    __rt_lib_init_argv_1                     0x080061a7   Thumb Code     0  libinit2.o(.ARM.Collect$$libinit$$0000002A)
    __rt_lib_init_atexit_1                   0x080061a7   Thumb Code     0  libinit2.o(.ARM.Collect$$libinit$$00000019)
    __rt_lib_init_clock_1                    0x080061a7   Thumb Code     0  libinit2.o(.ARM.Collect$$libinit$$0000001F)
    __rt_lib_init_cpp_1                      0x080061a7   Thumb Code     0  libinit2.o(.ARM.Collect$$libinit$$00000030)
    __rt_lib_init_exceptions_1               0x080061a7   Thumb Code     0  libinit2.o(.ARM.Collect$$libinit$$0000002E)
    __rt_lib_init_fp_1                       0x080061a7   Thumb Code     0  libinit2.o(.ARM.Collect$$libinit$$00000002)
    __rt_lib_init_fp_trap_1                  0x080061a7   Thumb Code     0  libinit2.o(.ARM.Collect$$libinit$$0000001D)
    __rt_lib_init_getenv_1                   0x080061a7   Thumb Code     0  libinit2.o(.ARM.Collect$$libinit$$00000021)
    __rt_lib_init_heap_1                     0x080061a7   Thumb Code     0  libinit2.o(.ARM.Collect$$libinit$$00000008)
    __rt_lib_init_lc_collate_1               0x080061a7   Thumb Code     0  libinit2.o(.ARM.Collect$$libinit$$0000000F)
    __rt_lib_init_lc_ctype_1                 0x080061a7   Thumb Code     0  libinit2.o(.ARM.Collect$$libinit$$00000011)
    __rt_lib_init_lc_monetary_1              0x080061a7   Thumb Code     0  libinit2.o(.ARM.Collect$$libinit$$00000013)
    __rt_lib_init_lc_numeric_1               0x080061a7   Thumb Code     0  libinit2.o(.ARM.Collect$$libinit$$00000015)
    __rt_lib_init_lc_time_1                  0x080061a7   Thumb Code     0  libinit2.o(.ARM.Collect$$libinit$$00000017)
    __rt_lib_init_rand_1                     0x080061a7   Thumb Code     0  libinit2.o(.ARM.Collect$$libinit$$0000000C)
    __rt_lib_init_return                     0x080061a7   Thumb Code     0  libinit2.o(.ARM.Collect$$libinit$$00000031)
    __rt_lib_init_signal_1                   0x080061a7   Thumb Code     0  libinit2.o(.ARM.Collect$$libinit$$0000001B)
    __rt_lib_init_stdio_1                    0x080061a7   Thumb Code     0  libinit2.o(.ARM.Collect$$libinit$$00000023)
    __rt_lib_init_user_alloc_1               0x080061a7   Thumb Code     0  libinit2.o(.ARM.Collect$$libinit$$0000000A)
    __rt_lib_shutdown                        0x080061a9   Thumb Code     0  libshutdown.o(.ARM.Collect$$libshutdown$$00000000)
    __rt_lib_shutdown_fp_trap_1              0x080061ab   Thumb Code     0  libshutdown2.o(.ARM.Collect$$libshutdown$$00000006)
    __rt_lib_shutdown_heap_1                 0x080061ab   Thumb Code     0  libshutdown2.o(.ARM.Collect$$libshutdown$$0000000E)
    __rt_lib_shutdown_return                 0x080061ab   Thumb Code     0  libshutdown2.o(.ARM.Collect$$libshutdown$$0000000F)
    __rt_lib_shutdown_signal_1               0x080061ab   Thumb Code     0  libshutdown2.o(.ARM.Collect$$libshutdown$$00000009)
    __rt_lib_shutdown_stdio_1                0x080061ab   Thumb Code     0  libshutdown2.o(.ARM.Collect$$libshutdown$$00000003)
    __rt_lib_shutdown_user_alloc_1           0x080061ab   Thumb Code     0  libshutdown2.o(.ARM.Collect$$libshutdown$$0000000B)
    __rt_entry                               0x080061ad   Thumb Code     0  rtentry.o(.ARM.Collect$$rtentry$$00000000)
    __rt_entry_presh_1                       0x080061ad   Thumb Code     0  rtentry2.o(.ARM.Collect$$rtentry$$00000002)
    __rt_entry_sh                            0x080061ad   Thumb Code     0  rtentry4.o(.ARM.Collect$$rtentry$$00000004)
    __rt_entry_li                            0x080061b3   Thumb Code     0  rtentry2.o(.ARM.Collect$$rtentry$$0000000A)
    __rt_entry_postsh_1                      0x080061b3   Thumb Code     0  rtentry2.o(.ARM.Collect$$rtentry$$00000009)
    __rt_entry_main                          0x080061b7   Thumb Code     0  rtentry2.o(.ARM.Collect$$rtentry$$0000000D)
    __rt_entry_postli_1                      0x080061b7   Thumb Code     0  rtentry2.o(.ARM.Collect$$rtentry$$0000000C)
    __rt_exit                                0x080061bf   Thumb Code     0  rtexit.o(.ARM.Collect$$rtexit$$00000000)
    __rt_exit_ls                             0x080061c1   Thumb Code     0  rtexit2.o(.ARM.Collect$$rtexit$$00000003)
    __rt_exit_prels_1                        0x080061c1   Thumb Code     0  rtexit2.o(.ARM.Collect$$rtexit$$00000002)
    __rt_exit_exit                           0x080061c5   Thumb Code     0  rtexit2.o(.ARM.Collect$$rtexit$$00000004)
    Reset_Handler                            0x080061cd   Thumb Code     8  startup_stm32f10x_xl.o(.text)
    NMI_Handler                              0x080061d5   Thumb Code     2  startup_stm32f10x_xl.o(.text)
    HardFault_Handler                        0x080061d7   Thumb Code     2  startup_stm32f10x_xl.o(.text)
    MemManage_Handler                        0x080061d9   Thumb Code     2  startup_stm32f10x_xl.o(.text)
    BusFault_Handler                         0x080061db   Thumb Code     2  startup_stm32f10x_xl.o(.text)
    UsageFault_Handler                       0x080061dd   Thumb Code     2  startup_stm32f10x_xl.o(.text)
    SVC_Handler                              0x080061df   Thumb Code     2  startup_stm32f10x_xl.o(.text)
    DebugMon_Handler                         0x080061e1   Thumb Code     2  startup_stm32f10x_xl.o(.text)
    PendSV_Handler                           0x080061e3   Thumb Code     2  startup_stm32f10x_xl.o(.text)
    SysTick_Handler                          0x080061e5   Thumb Code     2  startup_stm32f10x_xl.o(.text)
    ADC1_2_IRQHandler                        0x080061e7   Thumb Code     0  startup_stm32f10x_xl.o(.text)
    ADC3_IRQHandler                          0x080061e7   Thumb Code     0  startup_stm32f10x_xl.o(.text)
    CAN1_RX1_IRQHandler                      0x080061e7   Thumb Code     0  startup_stm32f10x_xl.o(.text)
    CAN1_SCE_IRQHandler                      0x080061e7   Thumb Code     0  startup_stm32f10x_xl.o(.text)
    DMA1_Channel1_IRQHandler                 0x080061e7   Thumb Code     0  startup_stm32f10x_xl.o(.text)
    DMA1_Channel2_IRQHandler                 0x080061e7   Thumb Code     0  startup_stm32f10x_xl.o(.text)
    DMA1_Channel3_IRQHandler                 0x080061e7   Thumb Code     0  startup_stm32f10x_xl.o(.text)
    DMA1_Channel4_IRQHandler                 0x080061e7   Thumb Code     0  startup_stm32f10x_xl.o(.text)
    DMA1_Channel5_IRQHandler                 0x080061e7   Thumb Code     0  startup_stm32f10x_xl.o(.text)
    DMA1_Channel6_IRQHandler                 0x080061e7   Thumb Code     0  startup_stm32f10x_xl.o(.text)
    DMA1_Channel7_IRQHandler                 0x080061e7   Thumb Code     0  startup_stm32f10x_xl.o(.text)
    DMA2_Channel1_IRQHandler                 0x080061e7   Thumb Code     0  startup_stm32f10x_xl.o(.text)
    DMA2_Channel2_IRQHandler                 0x080061e7   Thumb Code     0  startup_stm32f10x_xl.o(.text)
    DMA2_Channel3_IRQHandler                 0x080061e7   Thumb Code     0  startup_stm32f10x_xl.o(.text)
    DMA2_Channel4_5_IRQHandler               0x080061e7   Thumb Code     0  startup_stm32f10x_xl.o(.text)
    FSMC_IRQHandler                          0x080061e7   Thumb Code     0  startup_stm32f10x_xl.o(.text)
    SDIO_IRQHandler                          0x080061e7   Thumb Code     0  startup_stm32f10x_xl.o(.text)
    SPI3_IRQHandler                          0x080061e7   Thumb Code     0  startup_stm32f10x_xl.o(.text)
    TIM1_BRK_TIM9_IRQHandler                 0x080061e7   Thumb Code     0  startup_stm32f10x_xl.o(.text)
    TIM1_TRG_COM_TIM11_IRQHandler            0x080061e7   Thumb Code     0  startup_stm32f10x_xl.o(.text)
    TIM1_UP_TIM10_IRQHandler                 0x080061e7   Thumb Code     0  startup_stm32f10x_xl.o(.text)
    TIM5_IRQHandler                          0x080061e7   Thumb Code     0  startup_stm32f10x_xl.o(.text)
    TIM6_IRQHandler                          0x080061e7   Thumb Code     0  startup_stm32f10x_xl.o(.text)
    TIM7_IRQHandler                          0x080061e7   Thumb Code     0  startup_stm32f10x_xl.o(.text)
    TIM8_BRK_TIM12_IRQHandler                0x080061e7   Thumb Code     0  startup_stm32f10x_xl.o(.text)
    TIM8_CC_IRQHandler                       0x080061e7   Thumb Code     0  startup_stm32f10x_xl.o(.text)
    TIM8_TRG_COM_TIM14_IRQHandler            0x080061e7   Thumb Code     0  startup_stm32f10x_xl.o(.text)
    TIM8_UP_TIM13_IRQHandler                 0x080061e7   Thumb Code     0  startup_stm32f10x_xl.o(.text)
    UART4_IRQHandler                         0x080061e7   Thumb Code     0  startup_stm32f10x_xl.o(.text)
    UART5_IRQHandler                         0x080061e7   Thumb Code     0  startup_stm32f10x_xl.o(.text)
    USB_HP_CAN1_TX_IRQHandler                0x080061e7   Thumb Code     0  startup_stm32f10x_xl.o(.text)
    USB_LP_CAN1_RX0_IRQHandler               0x080061e7   Thumb Code     0  startup_stm32f10x_xl.o(.text)
    __user_initial_stackheap                 0x080061e9   Thumb Code     0  startup_stm32f10x_xl.o(.text)
    RTC_IRQHandler                           0x08006309   Thumb Code    42  appmangle.o(.text)
    RTCAlarm_IRQHandler                      0x08006333   Thumb Code    38  appmangle.o(.text)
    NMIException                             0x08006363   Thumb Code     4  appmangle.o(.text)
    HardFaultException                       0x08006367   Thumb Code     4  appmangle.o(.text)
    MemManageException                       0x0800636b   Thumb Code     4  appmangle.o(.text)
    BusFaultException                        0x0800636f   Thumb Code     4  appmangle.o(.text)
    UsageFaultException                      0x08006373   Thumb Code     4  appmangle.o(.text)
    __STM32ReservedException7                0x08006377   Thumb Code     4  appmangle.o(.text)
    __STM32ReservedException8                0x0800637b   Thumb Code     4  appmangle.o(.text)
    __STM32ReservedException9                0x0800637f   Thumb Code     4  appmangle.o(.text)
    __STM32ReservedException10               0x08006383   Thumb Code     4  appmangle.o(.text)
    SVCHandler                               0x08006387   Thumb Code     4  appmangle.o(.text)
    DebugMonitor                             0x0800638b   Thumb Code     4  appmangle.o(.text)
    __STM32ReservedException13               0x0800638f   Thumb Code     4  appmangle.o(.text)
    PendSVC                                  0x08006393   Thumb Code     4  appmangle.o(.text)
    SysTickHandler                           0x08006397   Thumb Code     4  appmangle.o(.text)
    WWDG_IRQHandler                          0x0800639b   Thumb Code     4  appmangle.o(.text)
    PVD_IRQHandler                           0x0800639f   Thumb Code     4  appmangle.o(.text)
    TAMPER_IRQHandler                        0x080063a3   Thumb Code     4  appmangle.o(.text)
    FLASH_IRQHandler                         0x080063a7   Thumb Code     4  appmangle.o(.text)
    RCC_IRQHandler                           0x080063ab   Thumb Code     4  appmangle.o(.text)
    EXTI0_IRQHandler                         0x080063af   Thumb Code     4  appmangle.o(.text)
    EXTI1_IRQHandler                         0x080063b3   Thumb Code     4  appmangle.o(.text)
    EXTI2_IRQHandler                         0x080063b7   Thumb Code     4  appmangle.o(.text)
    EXTI3_IRQHandler                         0x080063bb   Thumb Code     4  appmangle.o(.text)
    EXTI4_IRQHandler                         0x080063bf   Thumb Code     4  appmangle.o(.text)
    DMAChannel1_IRQHandler                   0x080063c3   Thumb Code     4  appmangle.o(.text)
    DMAChannel2_IRQHandler                   0x080063c7   Thumb Code     4  appmangle.o(.text)
    DMAChannel3_IRQHandler                   0x080063cb   Thumb Code     4  appmangle.o(.text)
    DMAChannel4_IRQHandler                   0x080063cf   Thumb Code     4  appmangle.o(.text)
    DMAChannel5_IRQHandler                   0x080063d3   Thumb Code     4  appmangle.o(.text)
    DMAChannel6_IRQHandler                   0x080063d7   Thumb Code     4  appmangle.o(.text)
    DMAChannel7_IRQHandler                   0x080063db   Thumb Code     4  appmangle.o(.text)
    ADC_IRQHandler                           0x080063df   Thumb Code     4  appmangle.o(.text)
    USB_HP_CAN_TX_IRQHandler                 0x080063e3   Thumb Code     4  appmangle.o(.text)
    USB_LP_CAN_RX0_IRQHandler                0x080063e7   Thumb Code     4  appmangle.o(.text)
    CAN_RX1_IRQHandler                       0x080063eb   Thumb Code     4  appmangle.o(.text)
    CAN_SCE_IRQHandler                       0x080063ef   Thumb Code     4  appmangle.o(.text)
    EXTI9_5_IRQHandler                       0x080063f3   Thumb Code     4  appmangle.o(.text)
    TIM1_BRK_IRQHandler                      0x080063f7   Thumb Code     4  appmangle.o(.text)
    TIM1_UP_IRQHandler                       0x080063fb   Thumb Code     4  appmangle.o(.text)
    TIM1_TRG_COM_IRQHandler                  0x080063ff   Thumb Code     4  appmangle.o(.text)
    TIM1_CC_IRQHandler                       0x08006403   Thumb Code     4  appmangle.o(.text)
    TIM2_IRQHandler                          0x08006407   Thumb Code     4  appmangle.o(.text)
    TIM3_IRQHandler                          0x0800640b   Thumb Code     4  appmangle.o(.text)
    TIM4_IRQHandler                          0x0800640f   Thumb Code     4  appmangle.o(.text)
    I2C1_EV_IRQHandler                       0x08006413   Thumb Code     4  appmangle.o(.text)
    I2C1_ER_IRQHandler                       0x08006417   Thumb Code     4  appmangle.o(.text)
    I2C2_EV_IRQHandler                       0x0800641b   Thumb Code     4  appmangle.o(.text)
    I2C2_ER_IRQHandler                       0x0800641f   Thumb Code     4  appmangle.o(.text)
    SPI1_IRQHandler                          0x08006423   Thumb Code     4  appmangle.o(.text)
    SPI2_IRQHandler                          0x08006427   Thumb Code     4  appmangle.o(.text)
    USART2_IRQHandler                        0x0800642b   Thumb Code     4  appmangle.o(.text)
    USART3_IRQHandler                        0x0800642f   Thumb Code     4  appmangle.o(.text)
    EXTI15_10_IRQHandler                     0x08006433   Thumb Code     4  appmangle.o(.text)
    USBWakeUp_IRQHandler                     0x08006437   Thumb Code     4  appmangle.o(.text)
    main                                     0x080069bb   Thumb Code    56  appmangle.o(.text)
    USART1_IRQHandler                        0x080069f3   Thumb Code    50  appmangle.o(.text)
    NVIC_PriorityGroupConfig                 0x08006a2d   Thumb Code    10  misc.o(.text)
    NVIC_Init                                0x08006a37   Thumb Code   102  misc.o(.text)
    NVIC_SetVectorTable                      0x08006a9d   Thumb Code    14  misc.o(.text)
    NVIC_SystemLPConfig                      0x08006aab   Thumb Code    34  misc.o(.text)
    SysTick_CLKSourceConfig                  0x08006acd   Thumb Code    40  misc.o(.text)
    BKP_DeInit                               0x08006b09   Thumb Code    16  stm32f10x_bkp.o(.text)
    BKP_TamperPinLevelConfig                 0x08006b19   Thumb Code     6  stm32f10x_bkp.o(.text)
    BKP_TamperPinCmd                         0x08006b1f   Thumb Code     8  stm32f10x_bkp.o(.text)
    BKP_ITConfig                             0x08006b27   Thumb Code     8  stm32f10x_bkp.o(.text)
    BKP_RTCOutputConfig                      0x08006b2f   Thumb Code    22  stm32f10x_bkp.o(.text)
    BKP_SetRTCCalibrationValue               0x08006b45   Thumb Code    22  stm32f10x_bkp.o(.text)
    BKP_WriteBackupRegister                  0x08006b5b   Thumb Code    24  stm32f10x_bkp.o(.text)
    BKP_ReadBackupRegister                   0x08006b73   Thumb Code    26  stm32f10x_bkp.o(.text)
    BKP_GetFlagStatus                        0x08006b8d   Thumb Code    10  stm32f10x_bkp.o(.text)
    BKP_ClearFlag                            0x08006b97   Thumb Code    18  stm32f10x_bkp.o(.text)
    BKP_GetITStatus                          0x08006ba9   Thumb Code    10  stm32f10x_bkp.o(.text)
    BKP_ClearITPendingBit                    0x08006bb3   Thumb Code    18  stm32f10x_bkp.o(.text)
    EXTI_DeInit                              0x08006bcd   Thumb Code    28  stm32f10x_exti.o(.text)
    EXTI_Init                                0x08006be9   Thumb Code   142  stm32f10x_exti.o(.text)
    EXTI_StructInit                          0x08006c77   Thumb Code    16  stm32f10x_exti.o(.text)
    EXTI_GenerateSWInterrupt                 0x08006c87   Thumb Code    16  stm32f10x_exti.o(.text)
    EXTI_GetFlagStatus                       0x08006c97   Thumb Code    22  stm32f10x_exti.o(.text)
    EXTI_ClearFlag                           0x08006cad   Thumb Code     8  stm32f10x_exti.o(.text)
    EXTI_GetITStatus                         0x08006cb5   Thumb Code    34  stm32f10x_exti.o(.text)
    EXTI_ClearITPendingBit                   0x08006cd7   Thumb Code     8  stm32f10x_exti.o(.text)
    GPIO_DeInit                              0x08006ce9   Thumb Code   172  stm32f10x_gpio.o(.text)
    GPIO_AFIODeInit                          0x08006d95   Thumb Code    20  stm32f10x_gpio.o(.text)
    GPIO_Init                                0x08006da9   Thumb Code   274  stm32f10x_gpio.o(.text)
    GPIO_StructInit                          0x08006ebb   Thumb Code    16  stm32f10x_gpio.o(.text)
    GPIO_ReadInputDataBit                    0x08006ecb   Thumb Code    18  stm32f10x_gpio.o(.text)
    GPIO_ReadInputData                       0x08006edd   Thumb Code     8  stm32f10x_gpio.o(.text)
    GPIO_ReadOutputDataBit                   0x08006ee5   Thumb Code    18  stm32f10x_gpio.o(.text)
    GPIO_ReadOutputData                      0x08006ef7   Thumb Code     8  stm32f10x_gpio.o(.text)
    GPIO_SetBits                             0x08006eff   Thumb Code     4  stm32f10x_gpio.o(.text)
    GPIO_ResetBits                           0x08006f03   Thumb Code     4  stm32f10x_gpio.o(.text)
    GPIO_WriteBit                            0x08006f07   Thumb Code    10  stm32f10x_gpio.o(.text)
    GPIO_Write                               0x08006f11   Thumb Code     4  stm32f10x_gpio.o(.text)
    GPIO_PinLockConfig                       0x08006f15   Thumb Code    18  stm32f10x_gpio.o(.text)
    GPIO_EventOutputConfig                   0x08006f27   Thumb Code    26  stm32f10x_gpio.o(.text)
    GPIO_EventOutputCmd                      0x08006f41   Thumb Code     6  stm32f10x_gpio.o(.text)
    GPIO_PinRemapConfig                      0x08006f47   Thumb Code   138  stm32f10x_gpio.o(.text)
    GPIO_EXTILineConfig                      0x08006fd1   Thumb Code    66  stm32f10x_gpio.o(.text)
    GPIO_ETH_MediaInterfaceConfig            0x08007013   Thumb Code     6  stm32f10x_gpio.o(.text)
    PWR_DeInit                               0x08007041   Thumb Code    22  stm32f10x_pwr.o(.text)
    PWR_BackupAccessCmd                      0x08007057   Thumb Code     6  stm32f10x_pwr.o(.text)
    PWR_PVDCmd                               0x0800705d   Thumb Code     6  stm32f10x_pwr.o(.text)
    PWR_PVDLevelConfig                       0x08007063   Thumb Code    18  stm32f10x_pwr.o(.text)
    PWR_WakeUpPinCmd                         0x08007075   Thumb Code     6  stm32f10x_pwr.o(.text)
    PWR_EnterSTOPMode                        0x0800707b   Thumb Code    54  stm32f10x_pwr.o(.text)
    PWR_EnterSTANDBYMode                     0x080070b1   Thumb Code    42  stm32f10x_pwr.o(.text)
    PWR_GetFlagStatus                        0x080070db   Thumb Code    20  stm32f10x_pwr.o(.text)
    PWR_ClearFlag                            0x080070ef   Thumb Code    14  stm32f10x_pwr.o(.text)
    RCC_DeInit                               0x0800710d   Thumb Code    64  stm32f10x_rcc.o(.text)
    RCC_HSEConfig                            0x0800714d   Thumb Code    70  stm32f10x_rcc.o(.text)
    RCC_GetFlagStatus                        0x08007193   Thumb Code    56  stm32f10x_rcc.o(.text)
    RCC_WaitForHSEStartUp                    0x080071cb   Thumb Code    56  stm32f10x_rcc.o(.text)
    RCC_AdjustHSICalibrationValue            0x08007203   Thumb Code    20  stm32f10x_rcc.o(.text)
    RCC_HSICmd                               0x08007217   Thumb Code     6  stm32f10x_rcc.o(.text)
    RCC_PLLConfig                            0x0800721d   Thumb Code    24  stm32f10x_rcc.o(.text)
    RCC_PLLCmd                               0x08007235   Thumb Code     6  stm32f10x_rcc.o(.text)
    RCC_SYSCLKConfig                         0x0800723b   Thumb Code    18  stm32f10x_rcc.o(.text)
    RCC_GetSYSCLKSource                      0x0800724d   Thumb Code    10  stm32f10x_rcc.o(.text)
    RCC_HCLKConfig                           0x08007257   Thumb Code    18  stm32f10x_rcc.o(.text)
    RCC_PCLK1Config                          0x08007269   Thumb Code    18  stm32f10x_rcc.o(.text)
    RCC_PCLK2Config                          0x0800727b   Thumb Code    20  stm32f10x_rcc.o(.text)
    RCC_ITConfig                             0x0800728f   Thumb Code    26  stm32f10x_rcc.o(.text)
    RCC_USBCLKConfig                         0x080072a9   Thumb Code     6  stm32f10x_rcc.o(.text)
    RCC_ADCCLKConfig                         0x080072af   Thumb Code    18  stm32f10x_rcc.o(.text)
    RCC_LSEConfig                            0x080072c1   Thumb Code    44  stm32f10x_rcc.o(.text)
    RCC_LSICmd                               0x080072ed   Thumb Code     6  stm32f10x_rcc.o(.text)
    RCC_RTCCLKConfig                         0x080072f3   Thumb Code    12  stm32f10x_rcc.o(.text)
    RCC_RTCCLKCmd                            0x080072ff   Thumb Code     8  stm32f10x_rcc.o(.text)
    RCC_GetClocksFreq                        0x08007307   Thumb Code   192  stm32f10x_rcc.o(.text)
    RCC_AHBPeriphClockCmd                    0x080073c7   Thumb Code    26  stm32f10x_rcc.o(.text)
    RCC_APB2PeriphClockCmd                   0x080073e1   Thumb Code    26  stm32f10x_rcc.o(.text)
    RCC_APB1PeriphClockCmd                   0x080073fb   Thumb Code    26  stm32f10x_rcc.o(.text)
    RCC_APB2PeriphResetCmd                   0x08007415   Thumb Code    26  stm32f10x_rcc.o(.text)
    RCC_APB1PeriphResetCmd                   0x0800742f   Thumb Code    26  stm32f10x_rcc.o(.text)
    RCC_BackupResetCmd                       0x08007449   Thumb Code     8  stm32f10x_rcc.o(.text)
    RCC_ClockSecuritySystemCmd               0x08007451   Thumb Code     6  stm32f10x_rcc.o(.text)
    RCC_MCOConfig                            0x08007457   Thumb Code     6  stm32f10x_rcc.o(.text)
    RCC_ClearFlag                            0x0800745d   Thumb Code    14  stm32f10x_rcc.o(.text)
    RCC_GetITStatus                          0x0800746b   Thumb Code    20  stm32f10x_rcc.o(.text)
    RCC_ClearITPendingBit                    0x0800747f   Thumb Code     6  stm32f10x_rcc.o(.text)
    RTC_ITConfig                             0x080074b1   Thumb Code    26  stm32f10x_rtc.o(.text)
    RTC_EnterConfigMode                      0x080074cb   Thumb Code    18  stm32f10x_rtc.o(.text)
    RTC_ExitConfigMode                       0x080074dd   Thumb Code    20  stm32f10x_rtc.o(.text)
    RTC_GetCounter                           0x080074f1   Thumb Code    18  stm32f10x_rtc.o(.text)
    RTC_SetCounter                           0x08007503   Thumb Code    26  stm32f10x_rtc.o(.text)
    RTC_SetPrescaler                         0x0800751d   Thumb Code    28  stm32f10x_rtc.o(.text)
    RTC_SetAlarm                             0x08007539   Thumb Code    26  stm32f10x_rtc.o(.text)
    RTC_GetDivider                           0x08007553   Thumb Code    22  stm32f10x_rtc.o(.text)
    RTC_WaitForLastTask                      0x08007569   Thumb Code    16  stm32f10x_rtc.o(.text)
    RTC_WaitForSynchro                       0x08007579   Thumb Code    34  stm32f10x_rtc.o(.text)
    RTC_GetFlagStatus                        0x0800759b   Thumb Code    22  stm32f10x_rtc.o(.text)
    RTC_ClearFlag                            0x080075b1   Thumb Code    16  stm32f10x_rtc.o(.text)
    RTC_GetITStatus                          0x080075c1   Thumb Code    32  stm32f10x_rtc.o(.text)
    RTC_ClearITPendingBit                    0x080075e1   Thumb Code    16  stm32f10x_rtc.o(.text)
    TIM_DeInit                               0x080075f5   Thumb Code   424  stm32f10x_tim.o(.text)
    TIM_TimeBaseInit                         0x0800779d   Thumb Code   122  stm32f10x_tim.o(.text)
    TIM_OC1Init                              0x08007817   Thumb Code   132  stm32f10x_tim.o(.text)
    TIM_OC2Init                              0x0800789b   Thumb Code   154  stm32f10x_tim.o(.text)
    TIM_OC3Init                              0x08007935   Thumb Code   150  stm32f10x_tim.o(.text)
    TIM_OC4Init                              0x080079cb   Thumb Code   182  stm32f10x_tim.o(.text)
    TIM_SetIC4Prescaler                      0x08007a81   Thumb Code    26  stm32f10x_tim.o(.text)
    TIM_SetIC3Prescaler                      0x08007b1d   Thumb Code    18  stm32f10x_tim.o(.text)
    TIM_SetIC2Prescaler                      0x08007ba9   Thumb Code    26  stm32f10x_tim.o(.text)
    TIM_SetIC1Prescaler                      0x08007c45   Thumb Code    18  stm32f10x_tim.o(.text)
    TIM_ICInit                               0x08007cc3   Thumb Code   150  stm32f10x_tim.o(.text)
    TIM_PWMIConfig                           0x08007d59   Thumb Code   124  stm32f10x_tim.o(.text)
    TIM_BDTRConfig                           0x08007dd5   Thumb Code    32  stm32f10x_tim.o(.text)
    TIM_TimeBaseStructInit                   0x08007df5   Thumb Code    18  stm32f10x_tim.o(.text)
    TIM_OCStructInit                         0x08007e07   Thumb Code    20  stm32f10x_tim.o(.text)
    TIM_ICStructInit                         0x08007e1b   Thumb Code    18  stm32f10x_tim.o(.text)
    TIM_BDTRStructInit                       0x08007e2d   Thumb Code    40  stm32f10x_tim.o(.text)
    TIM_Cmd                                  0x08007e55   Thumb Code    24  stm32f10x_tim.o(.text)
    TIM_CtrlPWMOutputs                       0x08007e6d   Thumb Code    30  stm32f10x_tim.o(.text)
    TIM_ITConfig                             0x08007e8b   Thumb Code    18  stm32f10x_tim.o(.text)
    TIM_GenerateEvent                        0x08007e9d   Thumb Code     4  stm32f10x_tim.o(.text)
    TIM_DMAConfig                            0x08007ea1   Thumb Code    10  stm32f10x_tim.o(.text)
    TIM_DMACmd                               0x08007eab   Thumb Code    18  stm32f10x_tim.o(.text)
    TIM_InternalClockConfig                  0x08007ebd   Thumb Code    12  stm32f10x_tim.o(.text)
    TIM_SelectInputTrigger                   0x08007ec9   Thumb Code    18  stm32f10x_tim.o(.text)
    TIM_ITRxExternalClockConfig              0x08007edb   Thumb Code    24  stm32f10x_tim.o(.text)
    TIM_TIxExternalClockConfig               0x08007ef3   Thumb Code    62  stm32f10x_tim.o(.text)
    TIM_ETRConfig                            0x08007f31   Thumb Code    28  stm32f10x_tim.o(.text)
    TIM_ETRClockMode1Config                  0x08007f4d   Thumb Code    54  stm32f10x_tim.o(.text)
    TIM_ETRClockMode2Config                  0x08007f83   Thumb Code    32  stm32f10x_tim.o(.text)
    TIM_PrescalerConfig                      0x08007fa3   Thumb Code     6  stm32f10x_tim.o(.text)
    TIM_CounterModeConfig                    0x08007fa9   Thumb Code    18  stm32f10x_tim.o(.text)
    TIM_EncoderInterfaceConfig               0x08007fbb   Thumb Code    66  stm32f10x_tim.o(.text)
    TIM_ForcedOC1Config                      0x08007ffd   Thumb Code    18  stm32f10x_tim.o(.text)
    TIM_ForcedOC2Config                      0x0800800f   Thumb Code    26  stm32f10x_tim.o(.text)
    TIM_ForcedOC3Config                      0x08008029   Thumb Code    18  stm32f10x_tim.o(.text)
    TIM_ForcedOC4Config                      0x0800803b   Thumb Code    26  stm32f10x_tim.o(.text)
    TIM_ARRPreloadConfig                     0x08008055   Thumb Code    24  stm32f10x_tim.o(.text)
    TIM_SelectCOM                            0x0800806d   Thumb Code    24  stm32f10x_tim.o(.text)
    TIM_SelectCCDMA                          0x08008085   Thumb Code    24  stm32f10x_tim.o(.text)
    TIM_CCPreloadControl                     0x0800809d   Thumb Code    24  stm32f10x_tim.o(.text)
    TIM_OC1PreloadConfig                     0x080080b5   Thumb Code    18  stm32f10x_tim.o(.text)
    TIM_OC2PreloadConfig                     0x080080c7   Thumb Code    26  stm32f10x_tim.o(.text)
    TIM_OC3PreloadConfig                     0x080080e1   Thumb Code    18  stm32f10x_tim.o(.text)
    TIM_OC4PreloadConfig                     0x080080f3   Thumb Code    26  stm32f10x_tim.o(.text)
    TIM_OC1FastConfig                        0x0800810d   Thumb Code    18  stm32f10x_tim.o(.text)
    TIM_OC2FastConfig                        0x0800811f   Thumb Code    26  stm32f10x_tim.o(.text)
    TIM_OC3FastConfig                        0x08008139   Thumb Code    18  stm32f10x_tim.o(.text)
    TIM_OC4FastConfig                        0x0800814b   Thumb Code    26  stm32f10x_tim.o(.text)
    TIM_ClearOC1Ref                          0x08008165   Thumb Code    18  stm32f10x_tim.o(.text)
    TIM_ClearOC2Ref                          0x08008177   Thumb Code    24  stm32f10x_tim.o(.text)
    TIM_ClearOC3Ref                          0x0800818f   Thumb Code    18  stm32f10x_tim.o(.text)
    TIM_ClearOC4Ref                          0x080081a1   Thumb Code    24  stm32f10x_tim.o(.text)
    TIM_OC1PolarityConfig                    0x080081b9   Thumb Code    18  stm32f10x_tim.o(.text)
    TIM_OC1NPolarityConfig                   0x080081cb   Thumb Code    18  stm32f10x_tim.o(.text)
    TIM_OC2PolarityConfig                    0x080081dd   Thumb Code    26  stm32f10x_tim.o(.text)
    TIM_OC2NPolarityConfig                   0x080081f7   Thumb Code    26  stm32f10x_tim.o(.text)
    TIM_OC3PolarityConfig                    0x08008211   Thumb Code    26  stm32f10x_tim.o(.text)
    TIM_OC3NPolarityConfig                   0x0800822b   Thumb Code    26  stm32f10x_tim.o(.text)
    TIM_OC4PolarityConfig                    0x08008245   Thumb Code    26  stm32f10x_tim.o(.text)
    TIM_CCxCmd                               0x0800825f   Thumb Code    30  stm32f10x_tim.o(.text)
    TIM_CCxNCmd                              0x0800827d   Thumb Code    30  stm32f10x_tim.o(.text)
    TIM_SelectOCxM                           0x0800829b   Thumb Code    82  stm32f10x_tim.o(.text)
    TIM_UpdateDisableConfig                  0x080082ed   Thumb Code    24  stm32f10x_tim.o(.text)
    TIM_UpdateRequestConfig                  0x08008305   Thumb Code    24  stm32f10x_tim.o(.text)
    TIM_SelectHallSensor                     0x0800831d   Thumb Code    24  stm32f10x_tim.o(.text)
    TIM_SelectOnePulseMode                   0x08008335   Thumb Code    18  stm32f10x_tim.o(.text)
    TIM_SelectOutputTrigger                  0x08008347   Thumb Code    18  stm32f10x_tim.o(.text)
    TIM_SelectSlaveMode                      0x08008359   Thumb Code    18  stm32f10x_tim.o(.text)
    TIM_SelectMasterSlaveMode                0x0800836b   Thumb Code    18  stm32f10x_tim.o(.text)
    TIM_SetCounter                           0x0800837d   Thumb Code     4  stm32f10x_tim.o(.text)
    TIM_SetAutoreload                        0x08008381   Thumb Code     4  stm32f10x_tim.o(.text)
    TIM_SetCompare1                          0x08008385   Thumb Code     4  stm32f10x_tim.o(.text)
    TIM_SetCompare2                          0x08008389   Thumb Code     4  stm32f10x_tim.o(.text)
    TIM_SetCompare3                          0x0800838d   Thumb Code     4  stm32f10x_tim.o(.text)
    TIM_SetCompare4                          0x08008391   Thumb Code     6  stm32f10x_tim.o(.text)
    TIM_SetClockDivision                     0x08008397   Thumb Code    18  stm32f10x_tim.o(.text)
    TIM_GetCapture1                          0x080083a9   Thumb Code     6  stm32f10x_tim.o(.text)
    TIM_GetCapture2                          0x080083af   Thumb Code     6  stm32f10x_tim.o(.text)
    TIM_GetCapture3                          0x080083b5   Thumb Code     6  stm32f10x_tim.o(.text)
    TIM_GetCapture4                          0x080083bb   Thumb Code     8  stm32f10x_tim.o(.text)
    TIM_GetCounter                           0x080083c3   Thumb Code     6  stm32f10x_tim.o(.text)
    TIM_GetPrescaler                         0x080083c9   Thumb Code     6  stm32f10x_tim.o(.text)
    TIM_GetFlagStatus                        0x080083cf   Thumb Code    18  stm32f10x_tim.o(.text)
    TIM_ClearFlag                            0x080083e1   Thumb Code     6  stm32f10x_tim.o(.text)
    TIM_GetITStatus                          0x080083e7   Thumb Code    34  stm32f10x_tim.o(.text)
    TIM_ClearITPendingBit                    0x08008409   Thumb Code     6  stm32f10x_tim.o(.text)
    USART_DeInit                             0x08008411   Thumb Code   134  stm32f10x_usart.o(.text)
    USART_Init                               0x08008497   Thumb Code   210  stm32f10x_usart.o(.text)
    USART_StructInit                         0x08008569   Thumb Code    24  stm32f10x_usart.o(.text)
    USART_ClockInit                          0x08008581   Thumb Code    34  stm32f10x_usart.o(.text)
    USART_ClockStructInit                    0x080085a3   Thumb Code    12  stm32f10x_usart.o(.text)
    USART_Cmd                                0x080085af   Thumb Code    24  stm32f10x_usart.o(.text)
    USART_ITConfig                           0x080085c7   Thumb Code    74  stm32f10x_usart.o(.text)
    USART_DMACmd                             0x08008611   Thumb Code    18  stm32f10x_usart.o(.text)
    USART_SetAddress                         0x08008623   Thumb Code    18  stm32f10x_usart.o(.text)
    USART_WakeUpConfig                       0x08008635   Thumb Code    18  stm32f10x_usart.o(.text)
    USART_ReceiverWakeUpCmd                  0x08008647   Thumb Code    24  stm32f10x_usart.o(.text)
    USART_LINBreakDetectLengthConfig         0x0800865f   Thumb Code    18  stm32f10x_usart.o(.text)
    USART_LINCmd                             0x08008671   Thumb Code    24  stm32f10x_usart.o(.text)
    USART_SendData                           0x08008689   Thumb Code     8  stm32f10x_usart.o(.text)
    USART_ReceiveData                        0x08008691   Thumb Code    10  stm32f10x_usart.o(.text)
    USART_SendBreak                          0x0800869b   Thumb Code    10  stm32f10x_usart.o(.text)
    USART_SetGuardTime                       0x080086a5   Thumb Code    16  stm32f10x_usart.o(.text)
    USART_SetPrescaler                       0x080086b5   Thumb Code    16  stm32f10x_usart.o(.text)
    USART_SmartCardCmd                       0x080086c5   Thumb Code    24  stm32f10x_usart.o(.text)
    USART_SmartCardNACKCmd                   0x080086dd   Thumb Code    24  stm32f10x_usart.o(.text)
    USART_HalfDuplexCmd                      0x080086f5   Thumb Code    24  stm32f10x_usart.o(.text)
    USART_OverSampling8Cmd                   0x0800870d   Thumb Code    22  stm32f10x_usart.o(.text)
    USART_OneBitMethodCmd                    0x08008723   Thumb Code    24  stm32f10x_usart.o(.text)
    USART_IrDAConfig                         0x0800873b   Thumb Code    18  stm32f10x_usart.o(.text)
    USART_IrDACmd                            0x0800874d   Thumb Code    24  stm32f10x_usart.o(.text)
    USART_GetFlagStatus                      0x08008765   Thumb Code    26  stm32f10x_usart.o(.text)
    USART_ClearFlag                          0x0800877f   Thumb Code    18  stm32f10x_usart.o(.text)
    USART_GetITStatus                        0x08008791   Thumb Code    84  stm32f10x_usart.o(.text)
    USART_ClearITPendingBit                  0x080087e5   Thumb Code    52  stm32f10x_usart.o(.text)
    SystemInit                               0x080088f5   Thumb Code    76  system_stm32f10x.o(.text)
    SystemCoreClockUpdate                    0x08008941   Thumb Code   142  system_stm32f10x.o(.text)
    assert_failed                            0x080089f9   Thumb Code     4  serial.o(.text)
    SER_Init                                 0x080089fd   Thumb Code     8  serial.o(.text)
    SER_PutChar                              0x08008a05   Thumb Code    24  serial.o(.text)
    USART1_test                              0x08008a1d   Thumb Code    34  serial.o(.text)
    USART2_test                              0x08008a3f   Thumb Code    34  serial.o(.text)
    USART3_test                              0x08008a61   Thumb Code    34  serial.o(.text)
    USART4_test                              0x08008a83   Thumb Code    34  serial.o(.text)
    SER_GetChar                              0x08008aa5   Thumb Code    22  serial.o(.text)
    SER_CheckChar                            0x08008abb   Thumb Code    18  serial.o(.text)
    USART1_NVIC_conf                         0x08008b5d   Thumb Code    34  usart_conf.o(.text)
    USART1_GPIO_conf                         0x08008b7f   Thumb Code    70  usart_conf.o(.text)
    USART1_Init                              0x08008bc5   Thumb Code    70  usart_conf.o(.text)
    USART1_irt                               0x08008c0b   Thumb Code    90  usart_conf.o(.text)
    SerialGetChar                            0x08008c65   Thumb Code    22  usart_conf.o(.text)
    SerialPutChar                            0x08008c7b   Thumb Code    24  usart_conf.o(.text)
    SerialSend                               0x08008c93   Thumb Code    26  usart_conf.o(.text)
    __aeabi_memset                           0x08008cbd   Thumb Code    16  aeabi_memset.o(.text)
    __use_two_region_memory                  0x08008ccd   Thumb Code     2  heapauxi.o(.text)
    __rt_heap_escrow$2region                 0x08008ccf   Thumb Code     2  heapauxi.o(.text)
    __rt_heap_expand$2region                 0x08008cd1   Thumb Code     2  heapauxi.o(.text)
    __aeabi_memclr                           0x08008cd3   Thumb Code     0  rt_memclr.o(.text)
    __rt_memclr                              0x08008cd3   Thumb Code    68  rt_memclr.o(.text)
    _memset                                  0x08008cd7   Thumb Code     0  rt_memclr.o(.text)
    __aeabi_memclr4                          0x08008d17   Thumb Code     0  rt_memclr_w.o(.text)
    __aeabi_memclr8                          0x08008d17   Thumb Code     0  rt_memclr_w.o(.text)
    __rt_memclr_w                            0x08008d17   Thumb Code    78  rt_memclr_w.o(.text)
    _memset_w                                0x08008d1b   Thumb Code     0  rt_memclr_w.o(.text)
    __user_setup_stackheap                   0x08008d65   Thumb Code    74  sys_stackheap_outer.o(.text)
    exit                                     0x08008daf   Thumb Code    12  exit.o(.text)
    __user_libspace                          0x08008dbd   Thumb Code     8  libspace.o(.text)
    __user_perproc_libspace                  0x08008dbd   Thumb Code     0  libspace.o(.text)
    __user_perthread_libspace                0x08008dbd   Thumb Code     0  libspace.o(.text)
    _sys_exit                                0x08008dc5   Thumb Code     8  sys_exit.o(.text)
    __I$use$semihosting                      0x08008dd1   Thumb Code     0  use_no_semi.o(.text)
    __use_no_semihosting_swi                 0x08008dd1   Thumb Code     2  use_no_semi.o(.text)
    __nesc_atomic_end                        0x08008dd3   Thumb Code    14  appmangle.o(i.__nesc_atomic_end)
    __semihosting_library_function           0x08008dd3   Thumb Code     0  indicate_semi.o(.text)
    __nesc_atomic_start                      0x08008de1   Thumb Code    14  appmangle.o(i.__nesc_atomic_start)
    Region$$Table$$Base                      0x08008df0   Number         0  anon$$obj.o(Region$$Table)
    Region$$Table$$Limit                     0x08008e10   Number         0  anon$$obj.o(Region$$Table)
    bb                                       0x20000000   Data           1  appmangle.o(.data)
    SchedulerBasicP__m_head                  0x20000001   Data           1  appmangle.o(.data)
    SchedulerBasicP__m_tail                  0x20000002   Data           1  appmangle.o(.data)
    SchedulerBasicP__m_next                  0x20000003   Data           3  appmangle.o(.data)
    AlarmToTimerC__0__m_dt                   0x20000008   Data           4  appmangle.o(.data)
    AlarmToTimerC__0__m_oneshot              0x2000000c   Data           1  appmangle.o(.data)
    STM32RtcC__alarm                         0x20000010   Data           4  appmangle.o(.data)
    STM32RtcC__running                       0x20000014   Data           1  appmangle.o(.data)
    SystemCoreClock                          0x2000002c   Data           4  system_stm32f10x.o(.data)
    AHBPrescTable                            0x20000030   Data          16  system_stm32f10x.o(.data)
    VirtualizeTimerC__0__m_timers            0x20000040   Data          36  appmangle.o(.bss)
    __libspace_start                         0x20000064   Data          96  libspace.o(.bss)
    __temporary_stack_top$libspace           0x200000c4   Data           0  libspace.o(.bss)



==============================================================================

Memory Map of the image

  Image Entry point : 0x08006131

  Load Region LR_IROM1 (Base: 0x08006000, Size: 0x00002e50, Max: 0x000f0000, ABSOLUTE)

    Execution Region ER_IROM1 (Base: 0x08006000, Size: 0x00002e10, Max: 0x000f0000, ABSOLUTE)

    Base Addr    Size         Type   Attr      Idx    E Section Name        Object

    0x08006000   0x00000130   Data   RO            3    RESET               startup_stm32f10x_xl.o
    0x08006130   0x00000008   Code   RO          491  * !!!main             c_w.l(__main.o)
    0x08006138   0x00000034   Code   RO          649    !!!scatter          c_w.l(__scatter.o)
    0x0800616c   0x0000001a   Code   RO          651    !!handler_copy      c_w.l(__scatter_copy.o)
    0x08006186   0x00000002   PAD
    0x08006188   0x0000001c   Code   RO          653    !!handler_zi        c_w.l(__scatter_zi.o)
    0x080061a4   0x00000002   Code   RO          522    .ARM.Collect$$libinit$$00000000  c_w.l(libinit.o)
    0x080061a6   0x00000000   Code   RO          529    .ARM.Collect$$libinit$$00000002  c_w.l(libinit2.o)
    0x080061a6   0x00000000   Code   RO          532    .ARM.Collect$$libinit$$00000008  c_w.l(libinit2.o)
    0x080061a6   0x00000000   Code   RO          534    .ARM.Collect$$libinit$$0000000A  c_w.l(libinit2.o)
    0x080061a6   0x00000000   Code   RO          536    .ARM.Collect$$libinit$$0000000C  c_w.l(libinit2.o)
    0x080061a6   0x00000000   Code   RO          539    .ARM.Collect$$libinit$$0000000F  c_w.l(libinit2.o)
    0x080061a6   0x00000000   Code   RO          541    .ARM.Collect$$libinit$$00000011  c_w.l(libinit2.o)
    0x080061a6   0x00000000   Code   RO          543    .ARM.Collect$$libinit$$00000013  c_w.l(libinit2.o)
    0x080061a6   0x00000000   Code   RO          545    .ARM.Collect$$libinit$$00000015  c_w.l(libinit2.o)
    0x080061a6   0x00000000   Code   RO          547    .ARM.Collect$$libinit$$00000017  c_w.l(libinit2.o)
    0x080061a6   0x00000000   Code   RO          549    .ARM.Collect$$libinit$$00000019  c_w.l(libinit2.o)
    0x080061a6   0x00000000   Code   RO          551    .ARM.Collect$$libinit$$0000001B  c_w.l(libinit2.o)
    0x080061a6   0x00000000   Code   RO          553    .ARM.Collect$$libinit$$0000001D  c_w.l(libinit2.o)
    0x080061a6   0x00000000   Code   RO          555    .ARM.Collect$$libinit$$0000001F  c_w.l(libinit2.o)
    0x080061a6   0x00000000   Code   RO          557    .ARM.Collect$$libinit$$00000021  c_w.l(libinit2.o)
    0x080061a6   0x00000000   Code   RO          559    .ARM.Collect$$libinit$$00000023  c_w.l(libinit2.o)
    0x080061a6   0x00000000   Code   RO          563    .ARM.Collect$$libinit$$0000002A  c_w.l(libinit2.o)
    0x080061a6   0x00000000   Code   RO          565    .ARM.Collect$$libinit$$0000002C  c_w.l(libinit2.o)
    0x080061a6   0x00000000   Code   RO          567    .ARM.Collect$$libinit$$0000002E  c_w.l(libinit2.o)
    0x080061a6   0x00000000   Code   RO          569    .ARM.Collect$$libinit$$00000030  c_w.l(libinit2.o)
    0x080061a6   0x00000002   Code   RO          570    .ARM.Collect$$libinit$$00000031  c_w.l(libinit2.o)
    0x080061a8   0x00000002   Code   RO          590    .ARM.Collect$$libshutdown$$00000000  c_w.l(libshutdown.o)
    0x080061aa   0x00000000   Code   RO          604    .ARM.Collect$$libshutdown$$00000003  c_w.l(libshutdown2.o)
    0x080061aa   0x00000000   Code   RO          607    .ARM.Collect$$libshutdown$$00000006  c_w.l(libshutdown2.o)
    0x080061aa   0x00000000   Code   RO          610    .ARM.Collect$$libshutdown$$00000009  c_w.l(libshutdown2.o)
    0x080061aa   0x00000000   Code   RO          612    .ARM.Collect$$libshutdown$$0000000B  c_w.l(libshutdown2.o)
    0x080061aa   0x00000000   Code   RO          615    .ARM.Collect$$libshutdown$$0000000E  c_w.l(libshutdown2.o)
    0x080061aa   0x00000002   Code   RO          616    .ARM.Collect$$libshutdown$$0000000F  c_w.l(libshutdown2.o)
    0x080061ac   0x00000000   Code   RO          493    .ARM.Collect$$rtentry$$00000000  c_w.l(rtentry.o)
    0x080061ac   0x00000000   Code   RO          497    .ARM.Collect$$rtentry$$00000002  c_w.l(rtentry2.o)
    0x080061ac   0x00000006   Code   RO          509    .ARM.Collect$$rtentry$$00000004  c_w.l(rtentry4.o)
    0x080061b2   0x00000000   Code   RO          499    .ARM.Collect$$rtentry$$00000009  c_w.l(rtentry2.o)
    0x080061b2   0x00000004   Code   RO          500    .ARM.Collect$$rtentry$$0000000A  c_w.l(rtentry2.o)
    0x080061b6   0x00000000   Code   RO          502    .ARM.Collect$$rtentry$$0000000C  c_w.l(rtentry2.o)
    0x080061b6   0x00000008   Code   RO          503    .ARM.Collect$$rtentry$$0000000D  c_w.l(rtentry2.o)
    0x080061be   0x00000002   Code   RO          526    .ARM.Collect$$rtexit$$00000000  c_w.l(rtexit.o)
    0x080061c0   0x00000000   Code   RO          572    .ARM.Collect$$rtexit$$00000002  c_w.l(rtexit2.o)
    0x080061c0   0x00000004   Code   RO          573    .ARM.Collect$$rtexit$$00000003  c_w.l(rtexit2.o)
    0x080061c4   0x00000006   Code   RO          574    .ARM.Collect$$rtexit$$00000004  c_w.l(rtexit2.o)
    0x080061ca   0x00000002   PAD
    0x080061cc   0x00000040   Code   RO            4    .text               startup_stm32f10x_xl.o
    0x0800620c   0x0000081e   Code   RO           10    .text               appmangle.o
    0x08006a2a   0x00000002   PAD
    0x08006a2c   0x000000dc   Code   RO           56    .text               misc.o
    0x08006b08   0x000000c4   Code   RO          100    .text               stm32f10x_bkp.o
    0x08006bcc   0x0000011c   Code   RO          205    .text               stm32f10x_exti.o
    0x08006ce8   0x00000358   Code   RO          250    .text               stm32f10x_gpio.o
    0x08007040   0x000000cc   Code   RO          295    .text               stm32f10x_pwr.o
    0x0800710c   0x000003a4   Code   RO          310    .text               stm32f10x_rcc.o
    0x080074b0   0x00000144   Code   RO          327    .text               stm32f10x_rtc.o
    0x080075f4   0x00000e1a   Code   RO          372    .text               stm32f10x_tim.o
    0x0800840e   0x00000002   PAD
    0x08008410   0x00000408   Code   RO          387    .text               stm32f10x_usart.o
    0x08008818   0x000001e0   Code   RO          417    .text               system_stm32f10x.o
    0x080089f8   0x00000164   Code   RO          435    .text               serial.o
    0x08008b5c   0x00000160   Code   RO          453    .text               usart_conf.o
    0x08008cbc   0x00000010   Code   RO          487    .text               c_w.l(aeabi_memset.o)
    0x08008ccc   0x00000006   Code   RO          489    .text               c_w.l(heapauxi.o)
    0x08008cd2   0x00000044   Code   RO          494    .text               c_w.l(rt_memclr.o)
    0x08008d16   0x0000004e   Code   RO          511    .text               c_w.l(rt_memclr_w.o)
    0x08008d64   0x0000004a   Code   RO          513    .text               c_w.l(sys_stackheap_outer.o)
    0x08008dae   0x0000000c   Code   RO          515    .text               c_w.l(exit.o)
    0x08008dba   0x00000002   PAD
    0x08008dbc   0x00000008   Code   RO          523    .text               c_w.l(libspace.o)
    0x08008dc4   0x0000000c   Code   RO          582    .text               c_w.l(sys_exit.o)
    0x08008dd0   0x00000002   Code   RO          593    .text               c_w.l(use_no_semi.o)
    0x08008dd2   0x00000000   Code   RO          595    .text               c_w.l(indicate_semi.o)
    0x08008dd2   0x0000000e   Code   RO           28    i.__nesc_atomic_end  appmangle.o
    0x08008de0   0x0000000e   Code   RO           23    i.__nesc_atomic_start  appmangle.o
    0x08008dee   0x00000002   PAD
    0x08008df0   0x00000020   Data   RO          647    Region$$Table       anon$$obj.o


    Execution Region RW_IRAM1 (Base: 0x20000000, Size: 0x000006c8, Max: 0x00018000, ABSOLUTE)

    Base Addr    Size         Type   Attr      Idx    E Section Name        Object

    0x20000000   0x00000015   Data   RW           12    .data               appmangle.o
    0x20000015   0x00000014   Data   RW          311    .data               stm32f10x_rcc.o
    0x20000029   0x00000003   PAD
    0x2000002c   0x00000014   Data   RW          418    .data               system_stm32f10x.o
    0x20000040   0x00000024   Zero   RW           11    .bss                appmangle.o
    0x20000064   0x00000060   Zero   RW          524    .bss                c_w.l(libspace.o)
    0x200000c4   0x00000004   PAD
    0x200000c8   0x00000200   Zero   RW            2    HEAP                startup_stm32f10x_xl.o
    0x200002c8   0x00000400   Zero   RW            1    STACK               startup_stm32f10x_xl.o


==============================================================================

Image component sizes


      Code (inc. data)   RO Data    RW Data    ZI Data      Debug   Object Name

      2106         66          0         21         36      44414   appmangle.o
         0          0          0          0          0       2768   core_cm3.o
       220         20          0          0          0     207013   misc.o
       356        144          0          0          0       2051   serial.o
        64         26        304          0       1536        748   startup_stm32f10x_xl.o
         0          0          0          0          0       8696   stm32f10x_adc.o
       196          8          0          0          0       3416   stm32f10x_bkp.o
       284         10          0          0          0       4387   stm32f10x_exti.o
       856         40          0          0          0      13985   stm32f10x_gpio.o
       204         16          0          0          0       1879   stm32f10x_pwr.o
       932         44          0         20          0      17464   stm32f10x_rcc.o
       324          4          0          0          0       2630   stm32f10x_rtc.o
      3610         88          0          0          0      41232   stm32f10x_tim.o
      1032         22          0          0          0      14392   stm32f10x_usart.o
       480         42          0         20          0       1755   system_stm32f10x.o
       352         16          0          0          0      34513   usart_conf.o

    ----------------------------------------------------------------------
     11022        546        336         64       1572     401343   Object Totals
         0          0         32          0          0          0   (incl. Generated)
         6          0          0          3          0          0   (incl. Padding)

    ----------------------------------------------------------------------

      Code (inc. data)   RO Data    RW Data    ZI Data      Debug   Library Member Name

         8          0          0          0          0         68   __main.o
        52          8          0          0          0          0   __scatter.o
        26          0          0          0          0          0   __scatter_copy.o
        28          0          0          0          0          0   __scatter_zi.o
        16          0          0          0          0         68   aeabi_memset.o
        12          0          0          0          0         72   exit.o
         6          0          0          0          0        152   heapauxi.o
         0          0          0          0          0          0   indicate_semi.o
         2          0          0          0          0          0   libinit.o
         2          0          0          0          0          0   libinit2.o
         2          0          0          0          0          0   libshutdown.o
         2          0          0          0          0          0   libshutdown2.o
         8          4          0          0         96         68   libspace.o
        68          0          0          0          0         68   rt_memclr.o
        78          0          0          0          0         80   rt_memclr_w.o
         0          0          0          0          0          0   rtentry.o
        12          0          0          0          0          0   rtentry2.o
         6          0          0          0          0          0   rtentry4.o
         2          0          0          0          0          0   rtexit.o
        10          0          0          0          0          0   rtexit2.o
        12          4          0          0          0         68   sys_exit.o
        74          0          0          0          0         80   sys_stackheap_outer.o
         2          0          0          0          0         68   use_no_semi.o

    ----------------------------------------------------------------------
       434         16          0          0        100        792   Library Totals
         6          0          0          0          4          0   (incl. Padding)

    ----------------------------------------------------------------------

      Code (inc. data)   RO Data    RW Data    ZI Data      Debug   Library Name

       428         16          0          0         96        792   c_w.l

    ----------------------------------------------------------------------
       434         16          0          0        100        792   Library Totals

    ----------------------------------------------------------------------

==============================================================================


      Code (inc. data)   RO Data    RW Data    ZI Data      Debug   

     11456        562        336         64       1672     399743   Grand Totals
     11456        562        336         64       1672     399743   ELF Image Totals
     11456        562        336         64          0          0   ROM Totals

==============================================================================

    Total RO  Size (Code + RO Data)                11792 (  11.52kB)
    Total RW  Size (RW Data + ZI Data)              1736 (   1.70kB)
    Total ROM Size (Code + RO Data + RW Data)      11856 (  11.58kB)

==============================================================================

