Component: ARM Compiler 5.06 update 2 (build 183) Tool: armlink [4d35b7]

==============================================================================

Section Cross References

    startup_stm32f10x_xl.o(STACK) refers (Special) to heapauxi.o(.text) for __use_two_region_memory
    startup_stm32f10x_xl.o(HEAP) refers (Special) to heapauxi.o(.text) for __use_two_region_memory
    startup_stm32f10x_xl.o(RESET) refers (Special) to heapauxi.o(.text) for __use_two_region_memory
    startup_stm32f10x_xl.o(RESET) refers to startup_stm32f10x_xl.o(STACK) for __initial_sp
    startup_stm32f10x_xl.o(RESET) refers to startup_stm32f10x_xl.o(.text) for Reset_Handler
    startup_stm32f10x_xl.o(RESET) refers to stm32f10x_it.o(.text) for NMI_Handler
    startup_stm32f10x_xl.o(.text) refers (Special) to heapauxi.o(.text) for __use_two_region_memory
    startup_stm32f10x_xl.o(.text) refers to system_stm32f10x.o(.text) for SystemInit
    startup_stm32f10x_xl.o(.text) refers to __main.o(!!!main) for __main
    startup_stm32f10x_xl.o(.text) refers to startup_stm32f10x_xl.o(HEAP) for Heap_Mem
    startup_stm32f10x_xl.o(.text) refers to startup_stm32f10x_xl.o(STACK) for Stack_Mem
    hello.o(.text) refers to _printf_percent.o(.ARM.Collect$$_printf_percent$$00000000) for _printf_percent
    hello.o(.text) refers to _printf_s.o(.ARM.Collect$$_printf_percent$$00000014) for _printf_s
    hello.o(.text) refers to _printf_str.o(.text) for _printf_str
    hello.o(.text) refers to stm32f10x_flash.o(.text) for FLASH_Unlock
    hello.o(.text) refers to eeprom.o(.text) for EE_Init
    hello.o(.text) refers to serial.o(.text) for SER_Init
    hello.o(.text) refers to noretval__2printf.o(.text) for __2printf
    hello.o(.text) refers to common.o(.text) for Int2Str
    hello.o(.text) refers to hello.o(.data) for VirtAddVarTab
    retarget.o(.text) refers (Special) to use_no_semi.o(.text) for __use_no_semihosting_swi
    retarget.o(.text) refers to serial.o(.text) for SER_PutChar
    retarget.o(.data) refers (Special) to use_no_semi.o(.text) for __use_no_semihosting_swi
    system_stm32f10x.o(.text) refers to system_stm32f10x.o(.data) for SystemCoreClock
    stm32f10x_it.o(.text) refers to usart1_conf.o(.text) for USART1_irt
    serial.o(.text) refers to usart1_conf.o(.text) for USART1_Init
    usart1_conf.o(.text) refers to misc.o(.text) for NVIC_Init
    usart1_conf.o(.text) refers to stm32f10x_rcc.o(.text) for RCC_APB2PeriphClockCmd
    usart1_conf.o(.text) refers to stm32f10x_gpio.o(.text) for GPIO_Init
    usart1_conf.o(.text) refers to stm32f10x_usart.o(.text) for USART_DeInit
    common.o(.text) refers to stm32f10x_usart.o(.text) for USART_GetFlagStatus
    stm32f10x_gpio.o(.text) refers to stm32f10x_rcc.o(.text) for RCC_APB2PeriphResetCmd
    stm32f10x_rcc.o(.text) refers to stm32f10x_rcc.o(.data) for APBAHBPrescTable
    stm32f10x_usart.o(.text) refers to stm32f10x_rcc.o(.text) for RCC_APB2PeriphResetCmd
    eeprom.o(.text) refers to stm32f10x_flash.o(.text) for FLASH_ErasePage
    eeprom.o(.text) refers to hello.o(.data) for VirtAddVarTab
    eeprom.o(.text) refers to eeprom.o(.data) for DataVar
    __2printf.o(.text) refers to _printf_char_file.o(.text) for _printf_char_file
    __2printf.o(.text) refers to retarget.o(.data) for __stdout
    noretval__2printf.o(.text) refers to _printf_char_file.o(.text) for _printf_char_file
    noretval__2printf.o(.text) refers to retarget.o(.data) for __stdout
    __printf.o(.text) refers to _printf_percent.o(.ARM.Collect$$_printf_percent$$00000000) for _printf_percent
    _printf_str.o(.text) refers (Special) to _printf_char.o(.text) for _printf_cs_common
    __printf_flags.o(.text) refers to _printf_percent.o(.ARM.Collect$$_printf_percent$$00000000) for _printf_percent
    __printf_flags.o(.text) refers to __printf_flags.o(.constdata) for .constdata
    __printf_ss.o(.text) refers to _printf_percent.o(.ARM.Collect$$_printf_percent$$00000000) for _printf_percent
    __printf_flags_ss.o(.text) refers to _printf_percent.o(.ARM.Collect$$_printf_percent$$00000000) for _printf_percent
    __printf_flags_ss.o(.text) refers to __printf_flags_ss.o(.constdata) for .constdata
    __printf_wp.o(.text) refers to __printf_wp.o(i._is_digit) for _is_digit
    __printf_wp.o(.text) refers to _printf_percent.o(.ARM.Collect$$_printf_percent$$00000000) for _printf_percent
    __printf_flags_wp.o(.text) refers to __printf_wp.o(i._is_digit) for _is_digit
    __printf_flags_wp.o(.text) refers to _printf_percent.o(.ARM.Collect$$_printf_percent$$00000000) for _printf_percent
    __printf_flags_wp.o(.text) refers to __printf_flags_wp.o(.constdata) for .constdata
    __printf_ss_wp.o(.text) refers to __printf_wp.o(i._is_digit) for _is_digit
    __printf_ss_wp.o(.text) refers to _printf_percent.o(.ARM.Collect$$_printf_percent$$00000000) for _printf_percent
    __printf_flags_ss_wp.o(.text) refers to __printf_wp.o(i._is_digit) for _is_digit
    __printf_flags_ss_wp.o(.text) refers to _printf_percent.o(.ARM.Collect$$_printf_percent$$00000000) for _printf_percent
    __printf_flags_ss_wp.o(.text) refers to __printf_flags_ss_wp.o(.constdata) for .constdata
    _printf_s.o(.ARM.Collect$$_printf_percent$$00000014) refers (Weak) to _printf_char.o(.text) for _printf_string
    _printf_percent.o(.ARM.Collect$$_printf_percent$$00000000) refers (Special) to _printf_percent_end.o(.ARM.Collect$$_printf_percent$$00000017) for _printf_percent_end
    __main.o(!!!main) refers to __rtentry.o(.ARM.Collect$$rtentry$$00000000) for __rt_entry
    __rtentry.o(.ARM.Collect$$rtentry$$00000000) refers (Special) to __rtentry2.o(.ARM.Collect$$rtentry$$0000000A) for __rt_entry_li
    __rtentry.o(.ARM.Collect$$rtentry$$00000000) refers (Special) to __rtentry2.o(.ARM.Collect$$rtentry$$0000000D) for __rt_entry_main
    __rtentry.o(.ARM.Collect$$rtentry$$00000000) refers (Special) to __rtentry2.o(.ARM.Collect$$rtentry$$0000000C) for __rt_entry_postli_1
    __rtentry.o(.ARM.Collect$$rtentry$$00000000) refers (Special) to __rtentry2.o(.ARM.Collect$$rtentry$$00000009) for __rt_entry_postsh_1
    __rtentry.o(.ARM.Collect$$rtentry$$00000000) refers (Special) to __rtentry2.o(.ARM.Collect$$rtentry$$00000002) for __rt_entry_presh_1
    __rtentry.o(.ARM.Collect$$rtentry$$00000000) refers (Special) to __rtentry4.o(.ARM.Collect$$rtentry$$00000004) for __rt_entry_sh
    _printf_char.o(.text) refers (Weak) to _printf_str.o(.text) for _printf_str
    _printf_char_file.o(.text) refers to _printf_char_common.o(.text) for _printf_char_common
    _printf_char_file.o(.text) refers to retarget.o(.text) for ferror
    __rtentry2.o(.ARM.Collect$$rtentry$$00000008) refers to boardinit2.o(.text) for _platform_post_stackheap_init
    __rtentry2.o(.ARM.Collect$$rtentry$$0000000A) refers to libinit.o(.ARM.Collect$$libinit$$00000000) for __rt_lib_init
    __rtentry2.o(.ARM.Collect$$rtentry$$0000000B) refers to boardinit3.o(.text) for _platform_post_lib_init
    __rtentry2.o(.ARM.Collect$$rtentry$$0000000D) refers to hello.o(.text) for main
    __rtentry2.o(.ARM.Collect$$rtentry$$0000000D) refers to exit.o(.text) for exit
    __rtentry2.o(.ARM.exidx) refers to __rtentry2.o(.ARM.Collect$$rtentry$$00000001) for .ARM.Collect$$rtentry$$00000001
    __rtentry2.o(.ARM.exidx) refers to __rtentry2.o(.ARM.Collect$$rtentry$$00000008) for .ARM.Collect$$rtentry$$00000008
    __rtentry2.o(.ARM.exidx) refers to __rtentry2.o(.ARM.Collect$$rtentry$$0000000A) for .ARM.Collect$$rtentry$$0000000A
    __rtentry2.o(.ARM.exidx) refers to __rtentry2.o(.ARM.Collect$$rtentry$$0000000B) for .ARM.Collect$$rtentry$$0000000B
    __rtentry2.o(.ARM.exidx) refers to __rtentry2.o(.ARM.Collect$$rtentry$$0000000D) for .ARM.Collect$$rtentry$$0000000D
    __rtentry4.o(.ARM.Collect$$rtentry$$00000004) refers to sys_stackheap_outer.o(.text) for __user_setup_stackheap
    __rtentry4.o(.ARM.exidx) refers to __rtentry4.o(.ARM.Collect$$rtentry$$00000004) for .ARM.Collect$$rtentry$$00000004
    _printf_char_common.o(.text) refers to __printf.o(.text) for __printf
    sys_stackheap_outer.o(.text) refers to libspace.o(.text) for __user_perproc_libspace
    sys_stackheap_outer.o(.text) refers to startup_stm32f10x_xl.o(.text) for __user_initial_stackheap
    exit.o(.text) refers to rtexit.o(.ARM.Collect$$rtexit$$00000000) for __rt_exit
    libinit.o(.ARM.Collect$$libinit$$00000000) refers (Special) to libinit2.o(.ARM.Collect$$libinit$$0000002E) for __rt_lib_init_alloca_1
    libinit.o(.ARM.Collect$$libinit$$00000000) refers (Special) to libinit2.o(.ARM.Collect$$libinit$$0000002C) for __rt_lib_init_argv_1
    libinit.o(.ARM.Collect$$libinit$$00000000) refers (Special) to libinit2.o(.ARM.Collect$$libinit$$0000001B) for __rt_lib_init_atexit_1
    libinit.o(.ARM.Collect$$libinit$$00000000) refers (Special) to libinit2.o(.ARM.Collect$$libinit$$00000021) for __rt_lib_init_clock_1
    libinit.o(.ARM.Collect$$libinit$$00000000) refers (Special) to libinit2.o(.ARM.Collect$$libinit$$00000032) for __rt_lib_init_cpp_1
    libinit.o(.ARM.Collect$$libinit$$00000000) refers (Special) to libinit2.o(.ARM.Collect$$libinit$$00000030) for __rt_lib_init_exceptions_1
    libinit.o(.ARM.Collect$$libinit$$00000000) refers (Special) to libinit2.o(.ARM.Collect$$libinit$$00000002) for __rt_lib_init_fp_1
    libinit.o(.ARM.Collect$$libinit$$00000000) refers (Special) to libinit2.o(.ARM.Collect$$libinit$$0000001F) for __rt_lib_init_fp_trap_1
    libinit.o(.ARM.Collect$$libinit$$00000000) refers (Special) to libinit2.o(.ARM.Collect$$libinit$$00000023) for __rt_lib_init_getenv_1
    libinit.o(.ARM.Collect$$libinit$$00000000) refers (Special) to libinit2.o(.ARM.Collect$$libinit$$0000000A) for __rt_lib_init_heap_1
    libinit.o(.ARM.Collect$$libinit$$00000000) refers (Special) to libinit2.o(.ARM.Collect$$libinit$$00000011) for __rt_lib_init_lc_collate_1
    libinit.o(.ARM.Collect$$libinit$$00000000) refers (Special) to libinit2.o(.ARM.Collect$$libinit$$00000013) for __rt_lib_init_lc_ctype_1
    libinit.o(.ARM.Collect$$libinit$$00000000) refers (Special) to libinit2.o(.ARM.Collect$$libinit$$00000015) for __rt_lib_init_lc_monetary_1
    libinit.o(.ARM.Collect$$libinit$$00000000) refers (Special) to libinit2.o(.ARM.Collect$$libinit$$00000017) for __rt_lib_init_lc_numeric_1
    libinit.o(.ARM.Collect$$libinit$$00000000) refers (Special) to libinit2.o(.ARM.Collect$$libinit$$00000019) for __rt_lib_init_lc_time_1
    libinit.o(.ARM.Collect$$libinit$$00000000) refers (Special) to libinit2.o(.ARM.Collect$$libinit$$00000004) for __rt_lib_init_preinit_1
    libinit.o(.ARM.Collect$$libinit$$00000000) refers (Special) to libinit2.o(.ARM.Collect$$libinit$$0000000E) for __rt_lib_init_rand_1
    libinit.o(.ARM.Collect$$libinit$$00000000) refers (Special) to libinit2.o(.ARM.Collect$$libinit$$00000033) for __rt_lib_init_return
    libinit.o(.ARM.Collect$$libinit$$00000000) refers (Special) to libinit2.o(.ARM.Collect$$libinit$$0000001D) for __rt_lib_init_signal_1
    libinit.o(.ARM.Collect$$libinit$$00000000) refers (Special) to libinit2.o(.ARM.Collect$$libinit$$00000025) for __rt_lib_init_stdio_1
    libinit.o(.ARM.Collect$$libinit$$00000000) refers (Special) to libinit2.o(.ARM.Collect$$libinit$$0000000C) for __rt_lib_init_user_alloc_1
    libspace.o(.text) refers to libspace.o(.bss) for __libspace_start
    rtexit.o(.ARM.Collect$$rtexit$$00000000) refers (Special) to rtexit2.o(.ARM.Collect$$rtexit$$00000004) for __rt_exit_exit
    rtexit.o(.ARM.Collect$$rtexit$$00000000) refers (Special) to rtexit2.o(.ARM.Collect$$rtexit$$00000003) for __rt_exit_ls
    rtexit.o(.ARM.Collect$$rtexit$$00000000) refers (Special) to rtexit2.o(.ARM.Collect$$rtexit$$00000002) for __rt_exit_prels_1
    rtexit.o(.ARM.exidx) refers (Special) to rtexit2.o(.ARM.Collect$$rtexit$$00000004) for __rt_exit_exit
    rtexit.o(.ARM.exidx) refers (Special) to rtexit2.o(.ARM.Collect$$rtexit$$00000003) for __rt_exit_ls
    rtexit.o(.ARM.exidx) refers (Special) to rtexit2.o(.ARM.Collect$$rtexit$$00000002) for __rt_exit_prels_1
    rtexit.o(.ARM.exidx) refers to rtexit.o(.ARM.Collect$$rtexit$$00000000) for .ARM.Collect$$rtexit$$00000000
    libinit2.o(.ARM.Collect$$libinit$$00000010) refers to libinit2.o(.ARM.Collect$$libinit$$0000000F) for .ARM.Collect$$libinit$$0000000F
    libinit2.o(.ARM.Collect$$libinit$$00000012) refers to libinit2.o(.ARM.Collect$$libinit$$0000000F) for .ARM.Collect$$libinit$$0000000F
    libinit2.o(.ARM.Collect$$libinit$$00000014) refers to libinit2.o(.ARM.Collect$$libinit$$0000000F) for .ARM.Collect$$libinit$$0000000F
    libinit2.o(.ARM.Collect$$libinit$$00000016) refers to libinit2.o(.ARM.Collect$$libinit$$0000000F) for .ARM.Collect$$libinit$$0000000F
    libinit2.o(.ARM.Collect$$libinit$$00000018) refers to libinit2.o(.ARM.Collect$$libinit$$0000000F) for .ARM.Collect$$libinit$$0000000F
    libinit2.o(.ARM.Collect$$libinit$$00000026) refers to argv_veneer.o(.emb_text) for __ARM_argv_veneer
    libinit2.o(.ARM.Collect$$libinit$$00000027) refers to argv_veneer.o(.emb_text) for __ARM_argv_veneer
    rtexit2.o(.ARM.Collect$$rtexit$$00000003) refers to libshutdown.o(.ARM.Collect$$libshutdown$$00000000) for __rt_lib_shutdown
    rtexit2.o(.ARM.Collect$$rtexit$$00000004) refers to retarget.o(.text) for _sys_exit
    rtexit2.o(.ARM.exidx) refers to rtexit2.o(.ARM.Collect$$rtexit$$00000001) for .ARM.Collect$$rtexit$$00000001
    rtexit2.o(.ARM.exidx) refers to rtexit2.o(.ARM.Collect$$rtexit$$00000003) for .ARM.Collect$$rtexit$$00000003
    rtexit2.o(.ARM.exidx) refers to rtexit2.o(.ARM.Collect$$rtexit$$00000004) for .ARM.Collect$$rtexit$$00000004
    argv_veneer.o(.emb_text) refers to no_argv.o(.text) for __ARM_get_argv
    _get_argv_nomalloc.o(.text) refers (Special) to hrguard.o(.text) for __heap_region$guard
    _get_argv_nomalloc.o(.text) refers to defsig_rtmem_outer.o(.text) for __rt_SIGRTMEM
    _get_argv_nomalloc.o(.text) refers to sys_command.o(.text) for _sys_command_string
    libshutdown.o(.ARM.Collect$$libshutdown$$00000000) refers (Special) to libshutdown2.o(.ARM.Collect$$libshutdown$$00000002) for __rt_lib_shutdown_cpp_1
    libshutdown.o(.ARM.Collect$$libshutdown$$00000000) refers (Special) to libshutdown2.o(.ARM.Collect$$libshutdown$$00000007) for __rt_lib_shutdown_fp_trap_1
    libshutdown.o(.ARM.Collect$$libshutdown$$00000000) refers (Special) to libshutdown2.o(.ARM.Collect$$libshutdown$$0000000F) for __rt_lib_shutdown_heap_1
    libshutdown.o(.ARM.Collect$$libshutdown$$00000000) refers (Special) to libshutdown2.o(.ARM.Collect$$libshutdown$$00000010) for __rt_lib_shutdown_return
    libshutdown.o(.ARM.Collect$$libshutdown$$00000000) refers (Special) to libshutdown2.o(.ARM.Collect$$libshutdown$$0000000A) for __rt_lib_shutdown_signal_1
    libshutdown.o(.ARM.Collect$$libshutdown$$00000000) refers (Special) to libshutdown2.o(.ARM.Collect$$libshutdown$$00000004) for __rt_lib_shutdown_stdio_1
    libshutdown.o(.ARM.Collect$$libshutdown$$00000000) refers (Special) to libshutdown2.o(.ARM.Collect$$libshutdown$$0000000C) for __rt_lib_shutdown_user_alloc_1
    sys_command.o(.text) refers (Special) to use_no_semi.o(.text) for __I$use$semihosting
    sys_command.o(.text) refers (Special) to indicate_semi.o(.text) for __semihosting_library_function
    defsig_rtmem_outer.o(.text) refers to defsig_rtmem_inner.o(.text) for __rt_SIGRTMEM_inner
    defsig_rtmem_outer.o(.text) refers to defsig_exit.o(.text) for __sig_exit
    defsig_rtmem_formal.o(.text) refers to rt_raise.o(.text) for __rt_raise
    rt_raise.o(.text) refers to __raise.o(.text) for __raise
    rt_raise.o(.text) refers to retarget.o(.text) for _sys_exit
    defsig_exit.o(.text) refers to retarget.o(.text) for _sys_exit
    defsig_rtmem_inner.o(.text) refers to defsig_general.o(.text) for __default_signal_display
    __raise.o(.text) refers to defsig.o(CL$$defsig) for __default_signal_handler
    defsig_general.o(.text) refers to retarget.o(.text) for _ttywrch
    defsig.o(CL$$defsig) refers to defsig_rtmem_inner.o(.text) for __rt_SIGRTMEM_inner
    defsig_abrt_inner.o(.text) refers to defsig_general.o(.text) for __default_signal_display
    defsig_fpe_inner.o(.text) refers to defsig_general.o(.text) for __default_signal_display
    defsig_rtred_inner.o(.text) refers to defsig_general.o(.text) for __default_signal_display
    defsig_stak_inner.o(.text) refers to defsig_general.o(.text) for __default_signal_display
    defsig_pvfn_inner.o(.text) refers to defsig_general.o(.text) for __default_signal_display
    defsig_cppl_inner.o(.text) refers to defsig_general.o(.text) for __default_signal_display
    defsig_segv_inner.o(.text) refers to defsig_general.o(.text) for __default_signal_display
    defsig_other.o(.text) refers to defsig_general.o(.text) for __default_signal_display


==============================================================================

Removing Unused input sections from the image.

    Removing hello.o(.rev16_text), (4 bytes).
    Removing hello.o(.revsh_text), (4 bytes).
    Removing hello.o(.rrx_text), (6 bytes).
    Removing system_stm32f10x.o(.rev16_text), (4 bytes).
    Removing system_stm32f10x.o(.revsh_text), (4 bytes).
    Removing system_stm32f10x.o(.rrx_text), (6 bytes).
    Removing stm32f10x_it.o(.rev16_text), (4 bytes).
    Removing stm32f10x_it.o(.revsh_text), (4 bytes).
    Removing stm32f10x_it.o(.rrx_text), (6 bytes).
    Removing serial.o(.rev16_text), (4 bytes).
    Removing serial.o(.revsh_text), (4 bytes).
    Removing serial.o(.rrx_text), (6 bytes).
    Removing usart1_conf.o(.rev16_text), (4 bytes).
    Removing usart1_conf.o(.revsh_text), (4 bytes).
    Removing usart1_conf.o(.rrx_text), (6 bytes).
    Removing common.o(.rev16_text), (4 bytes).
    Removing common.o(.revsh_text), (4 bytes).
    Removing common.o(.rrx_text), (6 bytes).
    Removing misc.o(.rev16_text), (4 bytes).
    Removing misc.o(.revsh_text), (4 bytes).
    Removing misc.o(.rrx_text), (6 bytes).
    Removing stm32f10x_flash.o(.rev16_text), (4 bytes).
    Removing stm32f10x_flash.o(.revsh_text), (4 bytes).
    Removing stm32f10x_flash.o(.rrx_text), (6 bytes).
    Removing stm32f10x_gpio.o(.rev16_text), (4 bytes).
    Removing stm32f10x_gpio.o(.revsh_text), (4 bytes).
    Removing stm32f10x_gpio.o(.rrx_text), (6 bytes).
    Removing stm32f10x_rcc.o(.rev16_text), (4 bytes).
    Removing stm32f10x_rcc.o(.revsh_text), (4 bytes).
    Removing stm32f10x_rcc.o(.rrx_text), (6 bytes).
    Removing stm32f10x_usart.o(.rev16_text), (4 bytes).
    Removing stm32f10x_usart.o(.revsh_text), (4 bytes).
    Removing stm32f10x_usart.o(.rrx_text), (6 bytes).
    Removing eeprom.o(.rev16_text), (4 bytes).
    Removing eeprom.o(.revsh_text), (4 bytes).
    Removing eeprom.o(.rrx_text), (6 bytes).

36 unused section(s) (total 168 bytes) removed from the image.

==============================================================================

Image Symbol Table

    Local Symbols

    Symbol Name                              Value     Ov Type        Size  Object(Section)

    ../clib/angel/boardlib.s                 0x00000000   Number         0  boardinit2.o ABSOLUTE
    ../clib/angel/boardlib.s                 0x00000000   Number         0  boardinit3.o ABSOLUTE
    ../clib/angel/boardlib.s                 0x00000000   Number         0  boardshut.o ABSOLUTE
    ../clib/angel/boardlib.s                 0x00000000   Number         0  boardinit1.o ABSOLUTE
    ../clib/angel/handlers.s                 0x00000000   Number         0  __scatter_zi.o ABSOLUTE
    ../clib/angel/handlers.s                 0x00000000   Number         0  __scatter_copy.o ABSOLUTE
    ../clib/angel/kernel.s                   0x00000000   Number         0  __rtentry2.o ABSOLUTE
    ../clib/angel/kernel.s                   0x00000000   Number         0  rtexit.o ABSOLUTE
    ../clib/angel/kernel.s                   0x00000000   Number         0  __rtentry4.o ABSOLUTE
    ../clib/angel/kernel.s                   0x00000000   Number         0  __rtentry.o ABSOLUTE
    ../clib/angel/kernel.s                   0x00000000   Number         0  rtexit2.o ABSOLUTE
    ../clib/angel/rt.s                       0x00000000   Number         0  rt_raise.o ABSOLUTE
    ../clib/angel/scatter.s                  0x00000000   Number         0  __scatter.o ABSOLUTE
    ../clib/angel/startup.s                  0x00000000   Number         0  __main.o ABSOLUTE
    ../clib/angel/sys.s                      0x00000000   Number         0  sys_stackheap_outer.o ABSOLUTE
    ../clib/angel/sys.s                      0x00000000   Number         0  indicate_semi.o ABSOLUTE
    ../clib/angel/sys.s                      0x00000000   Number         0  libspace.o ABSOLUTE
    ../clib/angel/sys.s                      0x00000000   Number         0  use_no_semi.o ABSOLUTE
    ../clib/angel/sysapp.c                   0x00000000   Number         0  sys_command.o ABSOLUTE
    ../clib/armsys.c                         0x00000000   Number         0  argv_veneer.o ABSOLUTE
    ../clib/armsys.c                         0x00000000   Number         0  no_argv.o ABSOLUTE
    ../clib/armsys.c                         0x00000000   Number         0  argv_veneer.o ABSOLUTE
    ../clib/armsys.c                         0x00000000   Number         0  _get_argv_nomalloc.o ABSOLUTE
    ../clib/heapalloc.c                      0x00000000   Number         0  hrguard.o ABSOLUTE
    ../clib/heapaux.c                        0x00000000   Number         0  heapauxi.o ABSOLUTE
    ../clib/libinit.s                        0x00000000   Number         0  libinit.o ABSOLUTE
    ../clib/libinit.s                        0x00000000   Number         0  libinit2.o ABSOLUTE
    ../clib/libinit.s                        0x00000000   Number         0  libshutdown2.o ABSOLUTE
    ../clib/libinit.s                        0x00000000   Number         0  libshutdown.o ABSOLUTE
    ../clib/printf.c                         0x00000000   Number         0  __printf.o ABSOLUTE
    ../clib/printf.c                         0x00000000   Number         0  _printf_str.o ABSOLUTE
    ../clib/printf.c                         0x00000000   Number         0  noretval__2printf.o ABSOLUTE
    ../clib/printf.c                         0x00000000   Number         0  __printf_flags.o ABSOLUTE
    ../clib/printf.c                         0x00000000   Number         0  _printf_char_file.o ABSOLUTE
    ../clib/printf.c                         0x00000000   Number         0  __printf_flags_ss.o ABSOLUTE
    ../clib/printf.c                         0x00000000   Number         0  __printf_wp.o ABSOLUTE
    ../clib/printf.c                         0x00000000   Number         0  __printf_flags_wp.o ABSOLUTE
    ../clib/printf.c                         0x00000000   Number         0  __printf_flags_ss_wp.o ABSOLUTE
    ../clib/printf.c                         0x00000000   Number         0  _printf_char.o ABSOLUTE
    ../clib/printf.c                         0x00000000   Number         0  __printf_ss_wp.o ABSOLUTE
    ../clib/printf.c                         0x00000000   Number         0  __printf_nopercent.o ABSOLUTE
    ../clib/printf.c                         0x00000000   Number         0  __2printf.o ABSOLUTE
    ../clib/printf.c                         0x00000000   Number         0  _printf_char_common.o ABSOLUTE
    ../clib/printf.c                         0x00000000   Number         0  __printf_ss.o ABSOLUTE
    ../clib/printf_percent.s                 0x00000000   Number         0  _printf_percent_end.o ABSOLUTE
    ../clib/printf_percent.s                 0x00000000   Number         0  _printf_s.o ABSOLUTE
    ../clib/printf_percent.s                 0x00000000   Number         0  _printf_percent.o ABSOLUTE
    ../clib/signal.c                         0x00000000   Number         0  defsig_cppl_inner.o ABSOLUTE
    ../clib/signal.c                         0x00000000   Number         0  defsig_pvfn_inner.o ABSOLUTE
    ../clib/signal.c                         0x00000000   Number         0  defsig_stak_inner.o ABSOLUTE
    ../clib/signal.c                         0x00000000   Number         0  defsig_fpe_inner.o ABSOLUTE
    ../clib/signal.c                         0x00000000   Number         0  defsig_abrt_inner.o ABSOLUTE
    ../clib/signal.c                         0x00000000   Number         0  defsig_general.o ABSOLUTE
    ../clib/signal.c                         0x00000000   Number         0  __raise.o ABSOLUTE
    ../clib/signal.c                         0x00000000   Number         0  defsig_rtmem_inner.o ABSOLUTE
    ../clib/signal.c                         0x00000000   Number         0  defsig_exit.o ABSOLUTE
    ../clib/signal.c                         0x00000000   Number         0  defsig_rtred_inner.o ABSOLUTE
    ../clib/signal.c                         0x00000000   Number         0  defsig_rtmem_formal.o ABSOLUTE
    ../clib/signal.c                         0x00000000   Number         0  defsig_rtmem_outer.o ABSOLUTE
    ../clib/signal.c                         0x00000000   Number         0  defsig_other.o ABSOLUTE
    ../clib/signal.c                         0x00000000   Number         0  defsig_segv_inner.o ABSOLUTE
    ../clib/signal.s                         0x00000000   Number         0  defsig.o ABSOLUTE
    ../clib/stdlib.c                         0x00000000   Number         0  exit.o ABSOLUTE
    ../fplib/fpinit.s                        0x00000000   Number         0  fpinit.o ABSOLUTE
    Hello.c                                  0x00000000   Number         0  hello.o ABSOLUTE
    Hello.c                                  0x00000000   Number         0  hello.o ABSOLUTE
    Retarget.c                               0x00000000   Number         0  retarget.o ABSOLUTE
    Serial.c                                 0x00000000   Number         0  serial.o ABSOLUTE
    Serial.c                                 0x00000000   Number         0  serial.o ABSOLUTE
    common.c                                 0x00000000   Number         0  common.o ABSOLUTE
    common.c                                 0x00000000   Number         0  common.o ABSOLUTE
    dc.s                                     0x00000000   Number         0  dc.o ABSOLUTE
    emlib\\eeprom.c                          0x00000000   Number         0  eeprom.o ABSOLUTE
    emlib\\misc.c                            0x00000000   Number         0  misc.o ABSOLUTE
    emlib\\stm32f10x_flash.c                 0x00000000   Number         0  stm32f10x_flash.o ABSOLUTE
    emlib\\stm32f10x_gpio.c                  0x00000000   Number         0  stm32f10x_gpio.o ABSOLUTE
    emlib\\stm32f10x_rcc.c                   0x00000000   Number         0  stm32f10x_rcc.o ABSOLUTE
    emlib\\stm32f10x_usart.c                 0x00000000   Number         0  stm32f10x_usart.o ABSOLUTE
    emlib\eeprom.c                           0x00000000   Number         0  eeprom.o ABSOLUTE
    emlib\misc.c                             0x00000000   Number         0  misc.o ABSOLUTE
    emlib\stm32f10x_flash.c                  0x00000000   Number         0  stm32f10x_flash.o ABSOLUTE
    emlib\stm32f10x_gpio.c                   0x00000000   Number         0  stm32f10x_gpio.o ABSOLUTE
    emlib\stm32f10x_rcc.c                    0x00000000   Number         0  stm32f10x_rcc.o ABSOLUTE
    emlib\stm32f10x_usart.c                  0x00000000   Number         0  stm32f10x_usart.o ABSOLUTE
    startup_stm32f10x_xl.s                   0x00000000   Number         0  startup_stm32f10x_xl.o ABSOLUTE
    stm32f10x_it.c                           0x00000000   Number         0  stm32f10x_it.o ABSOLUTE
    stm32f10x_it.c                           0x00000000   Number         0  stm32f10x_it.o ABSOLUTE
    system_stm32f10x.c                       0x00000000   Number         0  system_stm32f10x.o ABSOLUTE
    system_stm32f10x.c                       0x00000000   Number         0  system_stm32f10x.o ABSOLUTE
    usart1_conf.c                            0x00000000   Number         0  usart1_conf.o ABSOLUTE
    usart1_conf.c                            0x00000000   Number         0  usart1_conf.o ABSOLUTE
    RESET                                    0x08006000   Section      304  startup_stm32f10x_xl.o(RESET)
    !!!main                                  0x08006130   Section        8  __main.o(!!!main)
    !!!scatter                               0x08006138   Section       52  __scatter.o(!!!scatter)
    !!handler_copy                           0x0800616c   Section       26  __scatter_copy.o(!!handler_copy)
    !!handler_zi                             0x08006188   Section       28  __scatter_zi.o(!!handler_zi)
    .ARM.Collect$$_printf_percent$$00000000  0x080061a4   Section        0  _printf_percent.o(.ARM.Collect$$_printf_percent$$00000000)
    .ARM.Collect$$_printf_percent$$00000014  0x080061a4   Section        6  _printf_s.o(.ARM.Collect$$_printf_percent$$00000014)
    .ARM.Collect$$_printf_percent$$00000017  0x080061aa   Section        4  _printf_percent_end.o(.ARM.Collect$$_printf_percent$$00000017)
    .ARM.Collect$$libinit$$00000000          0x080061ae   Section        2  libinit.o(.ARM.Collect$$libinit$$00000000)
    .ARM.Collect$$libinit$$00000002          0x080061b0   Section        0  libinit2.o(.ARM.Collect$$libinit$$00000002)
    .ARM.Collect$$libinit$$00000004          0x080061b0   Section        0  libinit2.o(.ARM.Collect$$libinit$$00000004)
    .ARM.Collect$$libinit$$0000000A          0x080061b0   Section        0  libinit2.o(.ARM.Collect$$libinit$$0000000A)
    .ARM.Collect$$libinit$$0000000C          0x080061b0   Section        0  libinit2.o(.ARM.Collect$$libinit$$0000000C)
    .ARM.Collect$$libinit$$0000000E          0x080061b0   Section        0  libinit2.o(.ARM.Collect$$libinit$$0000000E)
    .ARM.Collect$$libinit$$00000011          0x080061b0   Section        0  libinit2.o(.ARM.Collect$$libinit$$00000011)
    .ARM.Collect$$libinit$$00000013          0x080061b0   Section        0  libinit2.o(.ARM.Collect$$libinit$$00000013)
    .ARM.Collect$$libinit$$00000015          0x080061b0   Section        0  libinit2.o(.ARM.Collect$$libinit$$00000015)
    .ARM.Collect$$libinit$$00000017          0x080061b0   Section        0  libinit2.o(.ARM.Collect$$libinit$$00000017)
    .ARM.Collect$$libinit$$00000019          0x080061b0   Section        0  libinit2.o(.ARM.Collect$$libinit$$00000019)
    .ARM.Collect$$libinit$$0000001B          0x080061b0   Section        0  libinit2.o(.ARM.Collect$$libinit$$0000001B)
    .ARM.Collect$$libinit$$0000001D          0x080061b0   Section        0  libinit2.o(.ARM.Collect$$libinit$$0000001D)
    .ARM.Collect$$libinit$$0000001F          0x080061b0   Section        0  libinit2.o(.ARM.Collect$$libinit$$0000001F)
    .ARM.Collect$$libinit$$00000021          0x080061b0   Section        0  libinit2.o(.ARM.Collect$$libinit$$00000021)
    .ARM.Collect$$libinit$$00000023          0x080061b0   Section        0  libinit2.o(.ARM.Collect$$libinit$$00000023)
    .ARM.Collect$$libinit$$00000025          0x080061b0   Section        0  libinit2.o(.ARM.Collect$$libinit$$00000025)
    .ARM.Collect$$libinit$$0000002C          0x080061b0   Section        0  libinit2.o(.ARM.Collect$$libinit$$0000002C)
    .ARM.Collect$$libinit$$0000002E          0x080061b0   Section        0  libinit2.o(.ARM.Collect$$libinit$$0000002E)
    .ARM.Collect$$libinit$$00000030          0x080061b0   Section        0  libinit2.o(.ARM.Collect$$libinit$$00000030)
    .ARM.Collect$$libinit$$00000032          0x080061b0   Section        0  libinit2.o(.ARM.Collect$$libinit$$00000032)
    .ARM.Collect$$libinit$$00000033          0x080061b0   Section        2  libinit2.o(.ARM.Collect$$libinit$$00000033)
    .ARM.Collect$$libshutdown$$00000000      0x080061b2   Section        2  libshutdown.o(.ARM.Collect$$libshutdown$$00000000)
    .ARM.Collect$$libshutdown$$00000002      0x080061b4   Section        0  libshutdown2.o(.ARM.Collect$$libshutdown$$00000002)
    .ARM.Collect$$libshutdown$$00000004      0x080061b4   Section        0  libshutdown2.o(.ARM.Collect$$libshutdown$$00000004)
    .ARM.Collect$$libshutdown$$00000007      0x080061b4   Section        0  libshutdown2.o(.ARM.Collect$$libshutdown$$00000007)
    .ARM.Collect$$libshutdown$$0000000A      0x080061b4   Section        0  libshutdown2.o(.ARM.Collect$$libshutdown$$0000000A)
    .ARM.Collect$$libshutdown$$0000000C      0x080061b4   Section        0  libshutdown2.o(.ARM.Collect$$libshutdown$$0000000C)
    .ARM.Collect$$libshutdown$$0000000F      0x080061b4   Section        0  libshutdown2.o(.ARM.Collect$$libshutdown$$0000000F)
    .ARM.Collect$$libshutdown$$00000010      0x080061b4   Section        2  libshutdown2.o(.ARM.Collect$$libshutdown$$00000010)
    .ARM.Collect$$rtentry$$00000000          0x080061b6   Section        0  __rtentry.o(.ARM.Collect$$rtentry$$00000000)
    .ARM.Collect$$rtentry$$00000002          0x080061b6   Section        0  __rtentry2.o(.ARM.Collect$$rtentry$$00000002)
    .ARM.Collect$$rtentry$$00000004          0x080061b6   Section        6  __rtentry4.o(.ARM.Collect$$rtentry$$00000004)
    .ARM.Collect$$rtentry$$00000009          0x080061bc   Section        0  __rtentry2.o(.ARM.Collect$$rtentry$$00000009)
    .ARM.Collect$$rtentry$$0000000A          0x080061bc   Section        4  __rtentry2.o(.ARM.Collect$$rtentry$$0000000A)
    .ARM.Collect$$rtentry$$0000000C          0x080061c0   Section        0  __rtentry2.o(.ARM.Collect$$rtentry$$0000000C)
    .ARM.Collect$$rtentry$$0000000D          0x080061c0   Section        8  __rtentry2.o(.ARM.Collect$$rtentry$$0000000D)
    .ARM.Collect$$rtexit$$00000000           0x080061c8   Section        2  rtexit.o(.ARM.Collect$$rtexit$$00000000)
    .ARM.Collect$$rtexit$$00000002           0x080061ca   Section        0  rtexit2.o(.ARM.Collect$$rtexit$$00000002)
    .ARM.Collect$$rtexit$$00000003           0x080061ca   Section        4  rtexit2.o(.ARM.Collect$$rtexit$$00000003)
    .ARM.Collect$$rtexit$$00000004           0x080061ce   Section        6  rtexit2.o(.ARM.Collect$$rtexit$$00000004)
    .text                                    0x080061d4   Section       64  startup_stm32f10x_xl.o(.text)
    .text                                    0x08006214   Section        0  hello.o(.text)
    .text                                    0x080062b0   Section        0  retarget.o(.text)
    .text                                    0x080062f0   Section        0  system_stm32f10x.o(.text)
    SetSysClock                              0x080062f1   Thumb Code     2  system_stm32f10x.o(.text)
    .text                                    0x080063f0   Section        0  stm32f10x_it.o(.text)
    .text                                    0x08006418   Section        0  serial.o(.text)
    .text                                    0x08006588   Section        0  usart1_conf.o(.text)
    .text                                    0x080066c0   Section        0  common.o(.text)
    .text                                    0x080068e4   Section        0  misc.o(.text)
    .text                                    0x080069c0   Section        0  stm32f10x_flash.o(.text)
    .text                                    0x080072a8   Section        0  stm32f10x_gpio.o(.text)
    .text                                    0x08007604   Section        0  stm32f10x_rcc.o(.text)
    .text                                    0x080079a8   Section        0  stm32f10x_usart.o(.text)
    .text                                    0x08007db0   Section        0  eeprom.o(.text)
    EE_Format                                0x08007db1   Thumb Code    50  eeprom.o(.text)
    EE_FindValidPage                         0x08007de3   Thumb Code    80  eeprom.o(.text)
    EE_VerifyPageFullWriteVariable           0x08007e33   Thumb Code   100  eeprom.o(.text)
    EE_PageTransfer                          0x080080db   Thumb Code   248  eeprom.o(.text)
    .text                                    0x080081f6   Section        2  use_no_semi.o(.text)
    .text                                    0x080081f8   Section        0  noretval__2printf.o(.text)
    .text                                    0x08008210   Section        0  __printf.o(.text)
    .text                                    0x08008278   Section        0  _printf_str.o(.text)
    .text                                    0x080082ca   Section        0  heapauxi.o(.text)
    .text                                    0x080082d0   Section        0  _printf_char.o(.text)
    .text                                    0x080082fc   Section        0  _printf_char_file.o(.text)
    .text                                    0x08008320   Section        0  _printf_char_common.o(.text)
    _printf_input_char                       0x08008321   Thumb Code    10  _printf_char_common.o(.text)
    .text                                    0x08008350   Section       74  sys_stackheap_outer.o(.text)
    .text                                    0x0800839a   Section        0  exit.o(.text)
    .text                                    0x080083ac   Section        8  libspace.o(.text)
    .data                                    0x20000000   Section        2  hello.o(.data)
    .data                                    0x20000004   Section       12  retarget.o(.data)
    .data                                    0x20000010   Section       20  system_stm32f10x.o(.data)
    .data                                    0x20000024   Section       20  stm32f10x_rcc.o(.data)
    APBAHBPrescTable                         0x20000024   Data          16  stm32f10x_rcc.o(.data)
    ADCPrescTable                            0x20000034   Data           4  stm32f10x_rcc.o(.data)
    .data                                    0x20000038   Section        2  eeprom.o(.data)
    .bss                                     0x2000003c   Section       96  libspace.o(.bss)
    HEAP                                     0x200000a0   Section      512  startup_stm32f10x_xl.o(HEAP)
    Heap_Mem                                 0x200000a0   Data         512  startup_stm32f10x_xl.o(HEAP)
    STACK                                    0x200002a0   Section     1024  startup_stm32f10x_xl.o(STACK)
    Stack_Mem                                0x200002a0   Data        1024  startup_stm32f10x_xl.o(STACK)
    __initial_sp                             0x200006a0   Data           0  startup_stm32f10x_xl.o(STACK)

    Global Symbols

    Symbol Name                              Value     Ov Type        Size  Object(Section)

    BuildAttributes$$THM_ISAv4$P$D$K$B$S$PE$A:L22UL41UL21$X:L11$S22US41US21$IEEE1$IW$USESV6$~STKCKD$USESV7$~SHL$OSPACE$ROPI$EBA8$UX$STANDARDLIB$REQ8$PRES8$EABIv2 0x00000000   Number         0  anon$$obj.o ABSOLUTE
    __ARM_use_no_argv                        0x00000000   Number         0  hello.o ABSOLUTE
    __ARM_exceptions_init                     - Undefined Weak Reference
    __alloca_initialize                       - Undefined Weak Reference
    __arm_preinit_                            - Undefined Weak Reference
    __cpp_initialize__aeabi_                  - Undefined Weak Reference
    __cxa_finalize                            - Undefined Weak Reference
    __rt_locale                               - Undefined Weak Reference
    __sigvec_lookup                           - Undefined Weak Reference
    _atexit_init                              - Undefined Weak Reference
    _call_atexit_fns                          - Undefined Weak Reference
    _clock_init                               - Undefined Weak Reference
    _fp_trap_init                             - Undefined Weak Reference
    _fp_trap_shutdown                         - Undefined Weak Reference
    _get_lc_collate                           - Undefined Weak Reference
    _get_lc_ctype                             - Undefined Weak Reference
    _get_lc_monetary                          - Undefined Weak Reference
    _get_lc_numeric                           - Undefined Weak Reference
    _get_lc_time                              - Undefined Weak Reference
    _getenv_init                              - Undefined Weak Reference
    _handle_redirection                       - Undefined Weak Reference
    _init_alloc                               - Undefined Weak Reference
    _init_user_alloc                          - Undefined Weak Reference
    _initio                                   - Undefined Weak Reference
    _printf_mbtowc                            - Undefined Weak Reference
    _printf_post_padding                      - Undefined Weak Reference
    _printf_pre_padding                       - Undefined Weak Reference
    _rand_init                                - Undefined Weak Reference
    _signal_finish                            - Undefined Weak Reference
    _signal_init                              - Undefined Weak Reference
    _terminate_alloc                          - Undefined Weak Reference
    _terminate_user_alloc                     - Undefined Weak Reference
    _terminateio                              - Undefined Weak Reference
    __Vectors_Size                           0x00000130   Number         0  startup_stm32f10x_xl.o ABSOLUTE
    __Vectors                                0x08006000   Data           4  startup_stm32f10x_xl.o(RESET)
    __Vectors_End                            0x08006130   Data           0  startup_stm32f10x_xl.o(RESET)
    __main                                   0x08006131   Thumb Code     8  __main.o(!!!main)
    __scatterload                            0x08006139   Thumb Code     0  __scatter.o(!!!scatter)
    __scatterload_rt2                        0x08006139   Thumb Code    44  __scatter.o(!!!scatter)
    __scatterload_rt2_thumb_only             0x08006139   Thumb Code     0  __scatter.o(!!!scatter)
    __scatterload_null                       0x08006147   Thumb Code     0  __scatter.o(!!!scatter)
    __scatterload_copy                       0x0800616d   Thumb Code    26  __scatter_copy.o(!!handler_copy)
    __scatterload_zeroinit                   0x08006189   Thumb Code    28  __scatter_zi.o(!!handler_zi)
    _printf_percent                          0x080061a5   Thumb Code     0  _printf_percent.o(.ARM.Collect$$_printf_percent$$00000000)
    _printf_s                                0x080061a5   Thumb Code     0  _printf_s.o(.ARM.Collect$$_printf_percent$$00000014)
    _printf_percent_end                      0x080061ab   Thumb Code     0  _printf_percent_end.o(.ARM.Collect$$_printf_percent$$00000017)
    __rt_lib_init                            0x080061af   Thumb Code     0  libinit.o(.ARM.Collect$$libinit$$00000000)
    __rt_lib_init_alloca_1                   0x080061b1   Thumb Code     0  libinit2.o(.ARM.Collect$$libinit$$0000002E)
    __rt_lib_init_argv_1                     0x080061b1   Thumb Code     0  libinit2.o(.ARM.Collect$$libinit$$0000002C)
    __rt_lib_init_atexit_1                   0x080061b1   Thumb Code     0  libinit2.o(.ARM.Collect$$libinit$$0000001B)
    __rt_lib_init_clock_1                    0x080061b1   Thumb Code     0  libinit2.o(.ARM.Collect$$libinit$$00000021)
    __rt_lib_init_cpp_1                      0x080061b1   Thumb Code     0  libinit2.o(.ARM.Collect$$libinit$$00000032)
    __rt_lib_init_exceptions_1               0x080061b1   Thumb Code     0  libinit2.o(.ARM.Collect$$libinit$$00000030)
    __rt_lib_init_fp_1                       0x080061b1   Thumb Code     0  libinit2.o(.ARM.Collect$$libinit$$00000002)
    __rt_lib_init_fp_trap_1                  0x080061b1   Thumb Code     0  libinit2.o(.ARM.Collect$$libinit$$0000001F)
    __rt_lib_init_getenv_1                   0x080061b1   Thumb Code     0  libinit2.o(.ARM.Collect$$libinit$$00000023)
    __rt_lib_init_heap_1                     0x080061b1   Thumb Code     0  libinit2.o(.ARM.Collect$$libinit$$0000000A)
    __rt_lib_init_lc_collate_1               0x080061b1   Thumb Code     0  libinit2.o(.ARM.Collect$$libinit$$00000011)
    __rt_lib_init_lc_ctype_1                 0x080061b1   Thumb Code     0  libinit2.o(.ARM.Collect$$libinit$$00000013)
    __rt_lib_init_lc_monetary_1              0x080061b1   Thumb Code     0  libinit2.o(.ARM.Collect$$libinit$$00000015)
    __rt_lib_init_lc_numeric_1               0x080061b1   Thumb Code     0  libinit2.o(.ARM.Collect$$libinit$$00000017)
    __rt_lib_init_lc_time_1                  0x080061b1   Thumb Code     0  libinit2.o(.ARM.Collect$$libinit$$00000019)
    __rt_lib_init_preinit_1                  0x080061b1   Thumb Code     0  libinit2.o(.ARM.Collect$$libinit$$00000004)
    __rt_lib_init_rand_1                     0x080061b1   Thumb Code     0  libinit2.o(.ARM.Collect$$libinit$$0000000E)
    __rt_lib_init_return                     0x080061b1   Thumb Code     0  libinit2.o(.ARM.Collect$$libinit$$00000033)
    __rt_lib_init_signal_1                   0x080061b1   Thumb Code     0  libinit2.o(.ARM.Collect$$libinit$$0000001D)
    __rt_lib_init_stdio_1                    0x080061b1   Thumb Code     0  libinit2.o(.ARM.Collect$$libinit$$00000025)
    __rt_lib_init_user_alloc_1               0x080061b1   Thumb Code     0  libinit2.o(.ARM.Collect$$libinit$$0000000C)
    __rt_lib_shutdown                        0x080061b3   Thumb Code     0  libshutdown.o(.ARM.Collect$$libshutdown$$00000000)
    __rt_lib_shutdown_cpp_1                  0x080061b5   Thumb Code     0  libshutdown2.o(.ARM.Collect$$libshutdown$$00000002)
    __rt_lib_shutdown_fp_trap_1              0x080061b5   Thumb Code     0  libshutdown2.o(.ARM.Collect$$libshutdown$$00000007)
    __rt_lib_shutdown_heap_1                 0x080061b5   Thumb Code     0  libshutdown2.o(.ARM.Collect$$libshutdown$$0000000F)
    __rt_lib_shutdown_return                 0x080061b5   Thumb Code     0  libshutdown2.o(.ARM.Collect$$libshutdown$$00000010)
    __rt_lib_shutdown_signal_1               0x080061b5   Thumb Code     0  libshutdown2.o(.ARM.Collect$$libshutdown$$0000000A)
    __rt_lib_shutdown_stdio_1                0x080061b5   Thumb Code     0  libshutdown2.o(.ARM.Collect$$libshutdown$$00000004)
    __rt_lib_shutdown_user_alloc_1           0x080061b5   Thumb Code     0  libshutdown2.o(.ARM.Collect$$libshutdown$$0000000C)
    __rt_entry                               0x080061b7   Thumb Code     0  __rtentry.o(.ARM.Collect$$rtentry$$00000000)
    __rt_entry_presh_1                       0x080061b7   Thumb Code     0  __rtentry2.o(.ARM.Collect$$rtentry$$00000002)
    __rt_entry_sh                            0x080061b7   Thumb Code     0  __rtentry4.o(.ARM.Collect$$rtentry$$00000004)
    __rt_entry_li                            0x080061bd   Thumb Code     0  __rtentry2.o(.ARM.Collect$$rtentry$$0000000A)
    __rt_entry_postsh_1                      0x080061bd   Thumb Code     0  __rtentry2.o(.ARM.Collect$$rtentry$$00000009)
    __rt_entry_main                          0x080061c1   Thumb Code     0  __rtentry2.o(.ARM.Collect$$rtentry$$0000000D)
    __rt_entry_postli_1                      0x080061c1   Thumb Code     0  __rtentry2.o(.ARM.Collect$$rtentry$$0000000C)
    __rt_exit                                0x080061c9   Thumb Code     0  rtexit.o(.ARM.Collect$$rtexit$$00000000)
    __rt_exit_ls                             0x080061cb   Thumb Code     0  rtexit2.o(.ARM.Collect$$rtexit$$00000003)
    __rt_exit_prels_1                        0x080061cb   Thumb Code     0  rtexit2.o(.ARM.Collect$$rtexit$$00000002)
    __rt_exit_exit                           0x080061cf   Thumb Code     0  rtexit2.o(.ARM.Collect$$rtexit$$00000004)
    Reset_Handler                            0x080061d5   Thumb Code     8  startup_stm32f10x_xl.o(.text)
    ADC1_2_IRQHandler                        0x080061ef   Thumb Code     0  startup_stm32f10x_xl.o(.text)
    ADC3_IRQHandler                          0x080061ef   Thumb Code     0  startup_stm32f10x_xl.o(.text)
    CAN1_RX1_IRQHandler                      0x080061ef   Thumb Code     0  startup_stm32f10x_xl.o(.text)
    CAN1_SCE_IRQHandler                      0x080061ef   Thumb Code     0  startup_stm32f10x_xl.o(.text)
    DMA1_Channel1_IRQHandler                 0x080061ef   Thumb Code     0  startup_stm32f10x_xl.o(.text)
    DMA1_Channel2_IRQHandler                 0x080061ef   Thumb Code     0  startup_stm32f10x_xl.o(.text)
    DMA1_Channel3_IRQHandler                 0x080061ef   Thumb Code     0  startup_stm32f10x_xl.o(.text)
    DMA1_Channel4_IRQHandler                 0x080061ef   Thumb Code     0  startup_stm32f10x_xl.o(.text)
    DMA1_Channel5_IRQHandler                 0x080061ef   Thumb Code     0  startup_stm32f10x_xl.o(.text)
    DMA1_Channel6_IRQHandler                 0x080061ef   Thumb Code     0  startup_stm32f10x_xl.o(.text)
    DMA1_Channel7_IRQHandler                 0x080061ef   Thumb Code     0  startup_stm32f10x_xl.o(.text)
    DMA2_Channel1_IRQHandler                 0x080061ef   Thumb Code     0  startup_stm32f10x_xl.o(.text)
    DMA2_Channel2_IRQHandler                 0x080061ef   Thumb Code     0  startup_stm32f10x_xl.o(.text)
    DMA2_Channel3_IRQHandler                 0x080061ef   Thumb Code     0  startup_stm32f10x_xl.o(.text)
    DMA2_Channel4_5_IRQHandler               0x080061ef   Thumb Code     0  startup_stm32f10x_xl.o(.text)
    EXTI0_IRQHandler                         0x080061ef   Thumb Code     0  startup_stm32f10x_xl.o(.text)
    EXTI15_10_IRQHandler                     0x080061ef   Thumb Code     0  startup_stm32f10x_xl.o(.text)
    EXTI1_IRQHandler                         0x080061ef   Thumb Code     0  startup_stm32f10x_xl.o(.text)
    EXTI2_IRQHandler                         0x080061ef   Thumb Code     0  startup_stm32f10x_xl.o(.text)
    EXTI3_IRQHandler                         0x080061ef   Thumb Code     0  startup_stm32f10x_xl.o(.text)
    EXTI4_IRQHandler                         0x080061ef   Thumb Code     0  startup_stm32f10x_xl.o(.text)
    EXTI9_5_IRQHandler                       0x080061ef   Thumb Code     0  startup_stm32f10x_xl.o(.text)
    FLASH_IRQHandler                         0x080061ef   Thumb Code     0  startup_stm32f10x_xl.o(.text)
    FSMC_IRQHandler                          0x080061ef   Thumb Code     0  startup_stm32f10x_xl.o(.text)
    I2C1_ER_IRQHandler                       0x080061ef   Thumb Code     0  startup_stm32f10x_xl.o(.text)
    I2C1_EV_IRQHandler                       0x080061ef   Thumb Code     0  startup_stm32f10x_xl.o(.text)
    I2C2_ER_IRQHandler                       0x080061ef   Thumb Code     0  startup_stm32f10x_xl.o(.text)
    I2C2_EV_IRQHandler                       0x080061ef   Thumb Code     0  startup_stm32f10x_xl.o(.text)
    PVD_IRQHandler                           0x080061ef   Thumb Code     0  startup_stm32f10x_xl.o(.text)
    RCC_IRQHandler                           0x080061ef   Thumb Code     0  startup_stm32f10x_xl.o(.text)
    RTCAlarm_IRQHandler                      0x080061ef   Thumb Code     0  startup_stm32f10x_xl.o(.text)
    RTC_IRQHandler                           0x080061ef   Thumb Code     0  startup_stm32f10x_xl.o(.text)
    SDIO_IRQHandler                          0x080061ef   Thumb Code     0  startup_stm32f10x_xl.o(.text)
    SPI1_IRQHandler                          0x080061ef   Thumb Code     0  startup_stm32f10x_xl.o(.text)
    SPI2_IRQHandler                          0x080061ef   Thumb Code     0  startup_stm32f10x_xl.o(.text)
    SPI3_IRQHandler                          0x080061ef   Thumb Code     0  startup_stm32f10x_xl.o(.text)
    TAMPER_IRQHandler                        0x080061ef   Thumb Code     0  startup_stm32f10x_xl.o(.text)
    TIM1_BRK_TIM9_IRQHandler                 0x080061ef   Thumb Code     0  startup_stm32f10x_xl.o(.text)
    TIM1_CC_IRQHandler                       0x080061ef   Thumb Code     0  startup_stm32f10x_xl.o(.text)
    TIM1_TRG_COM_TIM11_IRQHandler            0x080061ef   Thumb Code     0  startup_stm32f10x_xl.o(.text)
    TIM1_UP_TIM10_IRQHandler                 0x080061ef   Thumb Code     0  startup_stm32f10x_xl.o(.text)
    TIM2_IRQHandler                          0x080061ef   Thumb Code     0  startup_stm32f10x_xl.o(.text)
    TIM3_IRQHandler                          0x080061ef   Thumb Code     0  startup_stm32f10x_xl.o(.text)
    TIM4_IRQHandler                          0x080061ef   Thumb Code     0  startup_stm32f10x_xl.o(.text)
    TIM5_IRQHandler                          0x080061ef   Thumb Code     0  startup_stm32f10x_xl.o(.text)
    TIM6_IRQHandler                          0x080061ef   Thumb Code     0  startup_stm32f10x_xl.o(.text)
    TIM7_IRQHandler                          0x080061ef   Thumb Code     0  startup_stm32f10x_xl.o(.text)
    TIM8_BRK_TIM12_IRQHandler                0x080061ef   Thumb Code     0  startup_stm32f10x_xl.o(.text)
    TIM8_CC_IRQHandler                       0x080061ef   Thumb Code     0  startup_stm32f10x_xl.o(.text)
    TIM8_TRG_COM_TIM14_IRQHandler            0x080061ef   Thumb Code     0  startup_stm32f10x_xl.o(.text)
    TIM8_UP_TIM13_IRQHandler                 0x080061ef   Thumb Code     0  startup_stm32f10x_xl.o(.text)
    UART4_IRQHandler                         0x080061ef   Thumb Code     0  startup_stm32f10x_xl.o(.text)
    UART5_IRQHandler                         0x080061ef   Thumb Code     0  startup_stm32f10x_xl.o(.text)
    USART2_IRQHandler                        0x080061ef   Thumb Code     0  startup_stm32f10x_xl.o(.text)
    USART3_IRQHandler                        0x080061ef   Thumb Code     0  startup_stm32f10x_xl.o(.text)
    USBWakeUp_IRQHandler                     0x080061ef   Thumb Code     0  startup_stm32f10x_xl.o(.text)
    USB_HP_CAN1_TX_IRQHandler                0x080061ef   Thumb Code     0  startup_stm32f10x_xl.o(.text)
    __user_initial_stackheap                 0x080061f1   Thumb Code     0  startup_stm32f10x_xl.o(.text)
    main                                     0x08006215   Thumb Code    80  hello.o(.text)
    fputc                                    0x080062b1   Thumb Code    24  retarget.o(.text)
    fgetc                                    0x080062c9   Thumb Code    16  retarget.o(.text)
    ferror                                   0x080062d9   Thumb Code     8  retarget.o(.text)
    _ttywrch                                 0x080062e1   Thumb Code    12  retarget.o(.text)
    _sys_exit                                0x080062ed   Thumb Code     4  retarget.o(.text)
    SystemInit                               0x080062f3   Thumb Code    76  system_stm32f10x.o(.text)
    SystemCoreClockUpdate                    0x0800633f   Thumb Code   142  system_stm32f10x.o(.text)
    USART1_IRQHandler                        0x080063f1   Thumb Code     8  stm32f10x_it.o(.text)
    USB_LP_CAN1_RX0_IRQHandler               0x080063f9   Thumb Code     2  stm32f10x_it.o(.text)
    WWDG_IRQHandler                          0x080063fb   Thumb Code     2  stm32f10x_it.o(.text)
    NMI_Handler                              0x080063fd   Thumb Code     2  stm32f10x_it.o(.text)
    HardFault_Handler                        0x080063ff   Thumb Code     4  stm32f10x_it.o(.text)
    MemManage_Handler                        0x08006403   Thumb Code     4  stm32f10x_it.o(.text)
    BusFault_Handler                         0x08006407   Thumb Code     4  stm32f10x_it.o(.text)
    UsageFault_Handler                       0x0800640b   Thumb Code     4  stm32f10x_it.o(.text)
    SVC_Handler                              0x0800640f   Thumb Code     2  stm32f10x_it.o(.text)
    DebugMon_Handler                         0x08006411   Thumb Code     2  stm32f10x_it.o(.text)
    PendSV_Handler                           0x08006413   Thumb Code     2  stm32f10x_it.o(.text)
    SysTick_Handler                          0x08006415   Thumb Code     2  stm32f10x_it.o(.text)
    assert_failed                            0x08006419   Thumb Code     4  serial.o(.text)
    SER_Init                                 0x0800641d   Thumb Code     8  serial.o(.text)
    SER_PutChar                              0x08006425   Thumb Code    26  serial.o(.text)
    USART1_test                              0x0800643f   Thumb Code    36  serial.o(.text)
    USART2_test                              0x08006463   Thumb Code    36  serial.o(.text)
    USART3_test                              0x08006487   Thumb Code    36  serial.o(.text)
    USART4_test                              0x080064ab   Thumb Code    36  serial.o(.text)
    SER_GetChar                              0x080064cf   Thumb Code    24  serial.o(.text)
    SER_CheckChar                            0x080064e7   Thumb Code    18  serial.o(.text)
    USART1_NVIC_conf                         0x08006589   Thumb Code    34  usart1_conf.o(.text)
    USART1_GPIO_conf                         0x080065ab   Thumb Code    70  usart1_conf.o(.text)
    USART1_Init                              0x080065f1   Thumb Code    76  usart1_conf.o(.text)
    USART1_irt                               0x0800663d   Thumb Code   114  usart1_conf.o(.text)
    Int2Str                                  0x080066c1   Thumb Code    84  common.o(.text)
    Str2Int                                  0x08006715   Thumb Code   260  common.o(.text)
    SerialGetChar                            0x08006819   Thumb Code    30  common.o(.text)
    Serial_ReceiveByte                       0x08006837   Thumb Code    44  common.o(.text)
    SerialPutChar                            0x08006863   Thumb Code    28  common.o(.text)
    Serial_PutString                         0x0800687f   Thumb Code    22  common.o(.text)
    GetInputString                           0x08006895   Thumb Code    46  common.o(.text)
    FLASH_PagesMask                          0x080068c3   Thumb Code    24  common.o(.text)
    NVIC_PriorityGroupConfig                 0x080068e5   Thumb Code    10  misc.o(.text)
    NVIC_Init                                0x080068ef   Thumb Code   100  misc.o(.text)
    NVIC_SetVectorTable                      0x08006953   Thumb Code    14  misc.o(.text)
    NVIC_SystemLPConfig                      0x08006961   Thumb Code    34  misc.o(.text)
    SysTick_CLKSourceConfig                  0x08006983   Thumb Code    40  misc.o(.text)
    FLASH_SetLatency                         0x080069c1   Thumb Code    18  stm32f10x_flash.o(.text)
    FLASH_HalfCycleAccessCmd                 0x080069d3   Thumb Code    22  stm32f10x_flash.o(.text)
    FLASH_PrefetchBufferCmd                  0x080069e9   Thumb Code    22  stm32f10x_flash.o(.text)
    FLASH_Unlock                             0x080069ff   Thumb Code    20  stm32f10x_flash.o(.text)
    FLASH_UnlockBank1                        0x08006a13   Thumb Code    12  stm32f10x_flash.o(.text)
    FLASH_UnlockBank2                        0x08006a1f   Thumb Code    12  stm32f10x_flash.o(.text)
    FLASH_Lock                               0x08006a2b   Thumb Code    24  stm32f10x_flash.o(.text)
    FLASH_LockBank1                          0x08006a43   Thumb Code    14  stm32f10x_flash.o(.text)
    FLASH_LockBank2                          0x08006a51   Thumb Code    14  stm32f10x_flash.o(.text)
    FLASH_GetBank2Status                     0x08006a5f   Thumb Code    48  stm32f10x_flash.o(.text)
    FLASH_WaitForLastBank2Operation          0x08006a8f   Thumb Code    38  stm32f10x_flash.o(.text)
    FLASH_GetBank1Status                     0x08006ab5   Thumb Code    48  stm32f10x_flash.o(.text)
    FLASH_WaitForLastBank1Operation          0x08006ae5   Thumb Code    38  stm32f10x_flash.o(.text)
    FLASH_ErasePage                          0x08006b0b   Thumb Code   142  stm32f10x_flash.o(.text)
    FLASH_EraseAllPages                      0x08006b99   Thumb Code   118  stm32f10x_flash.o(.text)
    FLASH_EraseAllBank1Pages                 0x08006c0f   Thumb Code    68  stm32f10x_flash.o(.text)
    FLASH_EraseAllBank2Pages                 0x08006c53   Thumb Code    68  stm32f10x_flash.o(.text)
    FLASH_WaitForLastOperation               0x08006c97   Thumb Code    38  stm32f10x_flash.o(.text)
    FLASH_GetReadOutProtectionStatus         0x08006cbd   Thumb Code    20  stm32f10x_flash.o(.text)
    FLASH_EraseOptionBytes                   0x08006cd1   Thumb Code   150  stm32f10x_flash.o(.text)
    FLASH_ProgramWord                        0x08006d67   Thumb Code   370  stm32f10x_flash.o(.text)
    FLASH_ProgramHalfWord                    0x08006ed9   Thumb Code   110  stm32f10x_flash.o(.text)
    FLASH_ProgramOptionByteData              0x08006f47   Thumb Code    72  stm32f10x_flash.o(.text)
    FLASH_EnableWriteProtection              0x08006f8f   Thumb Code   180  stm32f10x_flash.o(.text)
    FLASH_ReadOutProtection                  0x08007043   Thumb Code   160  stm32f10x_flash.o(.text)
    FLASH_UserOptionByteConfig               0x080070e3   Thumb Code    88  stm32f10x_flash.o(.text)
    FLASH_BootConfig                         0x0800713b   Thumb Code   110  stm32f10x_flash.o(.text)
    FLASH_GetUserOptionByte                  0x080071a9   Thumb Code     8  stm32f10x_flash.o(.text)
    FLASH_GetWriteProtectionOptionByte       0x080071b1   Thumb Code    28  stm32f10x_flash.o(.text)
    FLASH_GetPrefetchBufferStatus            0x080071cd   Thumb Code    20  stm32f10x_flash.o(.text)
    FLASH_ITConfig                           0x080071e1   Thumb Code    66  stm32f10x_flash.o(.text)
    FLASH_GetFlagStatus                      0x08007223   Thumb Code    64  stm32f10x_flash.o(.text)
    FLASH_ClearFlag                          0x08007263   Thumb Code    18  stm32f10x_flash.o(.text)
    FLASH_GetStatus                          0x08007275   Thumb Code    48  stm32f10x_flash.o(.text)
    GPIO_DeInit                              0x080072a9   Thumb Code   172  stm32f10x_gpio.o(.text)
    GPIO_AFIODeInit                          0x08007355   Thumb Code    20  stm32f10x_gpio.o(.text)
    GPIO_Init                                0x08007369   Thumb Code   278  stm32f10x_gpio.o(.text)
    GPIO_StructInit                          0x0800747f   Thumb Code    16  stm32f10x_gpio.o(.text)
    GPIO_ReadInputDataBit                    0x0800748f   Thumb Code    18  stm32f10x_gpio.o(.text)
    GPIO_ReadInputData                       0x080074a1   Thumb Code     8  stm32f10x_gpio.o(.text)
    GPIO_ReadOutputDataBit                   0x080074a9   Thumb Code    18  stm32f10x_gpio.o(.text)
    GPIO_ReadOutputData                      0x080074bb   Thumb Code     8  stm32f10x_gpio.o(.text)
    GPIO_SetBits                             0x080074c3   Thumb Code     4  stm32f10x_gpio.o(.text)
    GPIO_ResetBits                           0x080074c7   Thumb Code     4  stm32f10x_gpio.o(.text)
    GPIO_WriteBit                            0x080074cb   Thumb Code    10  stm32f10x_gpio.o(.text)
    GPIO_Write                               0x080074d5   Thumb Code     4  stm32f10x_gpio.o(.text)
    GPIO_PinLockConfig                       0x080074d9   Thumb Code    18  stm32f10x_gpio.o(.text)
    GPIO_EventOutputConfig                   0x080074eb   Thumb Code    26  stm32f10x_gpio.o(.text)
    GPIO_EventOutputCmd                      0x08007505   Thumb Code     6  stm32f10x_gpio.o(.text)
    GPIO_PinRemapConfig                      0x0800750b   Thumb Code   138  stm32f10x_gpio.o(.text)
    GPIO_EXTILineConfig                      0x08007595   Thumb Code    66  stm32f10x_gpio.o(.text)
    GPIO_ETH_MediaInterfaceConfig            0x080075d7   Thumb Code     8  stm32f10x_gpio.o(.text)
    RCC_DeInit                               0x08007605   Thumb Code    64  stm32f10x_rcc.o(.text)
    RCC_HSEConfig                            0x08007645   Thumb Code    70  stm32f10x_rcc.o(.text)
    RCC_GetFlagStatus                        0x0800768b   Thumb Code    56  stm32f10x_rcc.o(.text)
    RCC_WaitForHSEStartUp                    0x080076c3   Thumb Code    56  stm32f10x_rcc.o(.text)
    RCC_AdjustHSICalibrationValue            0x080076fb   Thumb Code    20  stm32f10x_rcc.o(.text)
    RCC_HSICmd                               0x0800770f   Thumb Code     6  stm32f10x_rcc.o(.text)
    RCC_PLLConfig                            0x08007715   Thumb Code    24  stm32f10x_rcc.o(.text)
    RCC_PLLCmd                               0x0800772d   Thumb Code     6  stm32f10x_rcc.o(.text)
    RCC_SYSCLKConfig                         0x08007733   Thumb Code    18  stm32f10x_rcc.o(.text)
    RCC_GetSYSCLKSource                      0x08007745   Thumb Code    10  stm32f10x_rcc.o(.text)
    RCC_HCLKConfig                           0x0800774f   Thumb Code    18  stm32f10x_rcc.o(.text)
    RCC_PCLK1Config                          0x08007761   Thumb Code    18  stm32f10x_rcc.o(.text)
    RCC_PCLK2Config                          0x08007773   Thumb Code    20  stm32f10x_rcc.o(.text)
    RCC_ITConfig                             0x08007787   Thumb Code    26  stm32f10x_rcc.o(.text)
    RCC_USBCLKConfig                         0x080077a1   Thumb Code     8  stm32f10x_rcc.o(.text)
    RCC_ADCCLKConfig                         0x080077a9   Thumb Code    18  stm32f10x_rcc.o(.text)
    RCC_LSEConfig                            0x080077bb   Thumb Code    50  stm32f10x_rcc.o(.text)
    RCC_LSICmd                               0x080077ed   Thumb Code     6  stm32f10x_rcc.o(.text)
    RCC_RTCCLKConfig                         0x080077f3   Thumb Code    12  stm32f10x_rcc.o(.text)
    RCC_RTCCLKCmd                            0x080077ff   Thumb Code     8  stm32f10x_rcc.o(.text)
    RCC_GetClocksFreq                        0x08007807   Thumb Code   192  stm32f10x_rcc.o(.text)
    RCC_AHBPeriphClockCmd                    0x080078c7   Thumb Code    26  stm32f10x_rcc.o(.text)
    RCC_APB2PeriphClockCmd                   0x080078e1   Thumb Code    26  stm32f10x_rcc.o(.text)
    RCC_APB1PeriphClockCmd                   0x080078fb   Thumb Code    26  stm32f10x_rcc.o(.text)
    RCC_APB2PeriphResetCmd                   0x08007915   Thumb Code    26  stm32f10x_rcc.o(.text)
    RCC_APB1PeriphResetCmd                   0x0800792f   Thumb Code    26  stm32f10x_rcc.o(.text)
    RCC_BackupResetCmd                       0x08007949   Thumb Code     8  stm32f10x_rcc.o(.text)
    RCC_ClockSecuritySystemCmd               0x08007951   Thumb Code     6  stm32f10x_rcc.o(.text)
    RCC_MCOConfig                            0x08007957   Thumb Code     6  stm32f10x_rcc.o(.text)
    RCC_ClearFlag                            0x0800795d   Thumb Code    14  stm32f10x_rcc.o(.text)
    RCC_GetITStatus                          0x0800796b   Thumb Code    20  stm32f10x_rcc.o(.text)
    RCC_ClearITPendingBit                    0x0800797f   Thumb Code     6  stm32f10x_rcc.o(.text)
    USART_DeInit                             0x080079a9   Thumb Code   134  stm32f10x_usart.o(.text)
    USART_Init                               0x08007a2f   Thumb Code   210  stm32f10x_usart.o(.text)
    USART_StructInit                         0x08007b01   Thumb Code    24  stm32f10x_usart.o(.text)
    USART_ClockInit                          0x08007b19   Thumb Code    34  stm32f10x_usart.o(.text)
    USART_ClockStructInit                    0x08007b3b   Thumb Code    12  stm32f10x_usart.o(.text)
    USART_Cmd                                0x08007b47   Thumb Code    24  stm32f10x_usart.o(.text)
    USART_ITConfig                           0x08007b5f   Thumb Code    74  stm32f10x_usart.o(.text)
    USART_DMACmd                             0x08007ba9   Thumb Code    18  stm32f10x_usart.o(.text)
    USART_SetAddress                         0x08007bbb   Thumb Code    18  stm32f10x_usart.o(.text)
    USART_WakeUpConfig                       0x08007bcd   Thumb Code    18  stm32f10x_usart.o(.text)
    USART_ReceiverWakeUpCmd                  0x08007bdf   Thumb Code    24  stm32f10x_usart.o(.text)
    USART_LINBreakDetectLengthConfig         0x08007bf7   Thumb Code    18  stm32f10x_usart.o(.text)
    USART_LINCmd                             0x08007c09   Thumb Code    24  stm32f10x_usart.o(.text)
    USART_SendData                           0x08007c21   Thumb Code     8  stm32f10x_usart.o(.text)
    USART_ReceiveData                        0x08007c29   Thumb Code    10  stm32f10x_usart.o(.text)
    USART_SendBreak                          0x08007c33   Thumb Code    10  stm32f10x_usart.o(.text)
    USART_SetGuardTime                       0x08007c3d   Thumb Code    16  stm32f10x_usart.o(.text)
    USART_SetPrescaler                       0x08007c4d   Thumb Code    16  stm32f10x_usart.o(.text)
    USART_SmartCardCmd                       0x08007c5d   Thumb Code    24  stm32f10x_usart.o(.text)
    USART_SmartCardNACKCmd                   0x08007c75   Thumb Code    24  stm32f10x_usart.o(.text)
    USART_HalfDuplexCmd                      0x08007c8d   Thumb Code    24  stm32f10x_usart.o(.text)
    USART_OverSampling8Cmd                   0x08007ca5   Thumb Code    22  stm32f10x_usart.o(.text)
    USART_OneBitMethodCmd                    0x08007cbb   Thumb Code    24  stm32f10x_usart.o(.text)
    USART_IrDAConfig                         0x08007cd3   Thumb Code    18  stm32f10x_usart.o(.text)
    USART_IrDACmd                            0x08007ce5   Thumb Code    24  stm32f10x_usart.o(.text)
    USART_GetFlagStatus                      0x08007cfd   Thumb Code    26  stm32f10x_usart.o(.text)
    USART_ClearFlag                          0x08007d17   Thumb Code    18  stm32f10x_usart.o(.text)
    USART_GetITStatus                        0x08007d29   Thumb Code    84  stm32f10x_usart.o(.text)
    USART_ClearITPendingBit                  0x08007d7d   Thumb Code    52  stm32f10x_usart.o(.text)
    EE_ReadVariable                          0x08007e97   Thumb Code    92  eeprom.o(.text)
    EE_Init                                  0x08007ef3   Thumb Code   488  eeprom.o(.text)
    EE_WriteVariable                         0x080081d3   Thumb Code    36  eeprom.o(.text)
    __I$use$semihosting                      0x080081f7   Thumb Code     0  use_no_semi.o(.text)
    __use_no_semihosting_swi                 0x080081f7   Thumb Code     2  use_no_semi.o(.text)
    __2printf                                0x080081f9   Thumb Code    20  noretval__2printf.o(.text)
    __printf                                 0x08008211   Thumb Code   104  __printf.o(.text)
    _printf_str                              0x08008279   Thumb Code    82  _printf_str.o(.text)
    __use_two_region_memory                  0x080082cb   Thumb Code     2  heapauxi.o(.text)
    __rt_heap_escrow$2region                 0x080082cd   Thumb Code     2  heapauxi.o(.text)
    __rt_heap_expand$2region                 0x080082cf   Thumb Code     2  heapauxi.o(.text)
    _printf_cs_common                        0x080082d1   Thumb Code    20  _printf_char.o(.text)
    _printf_char                             0x080082e5   Thumb Code    16  _printf_char.o(.text)
    _printf_string                           0x080082f5   Thumb Code     8  _printf_char.o(.text)
    _printf_char_file                        0x080082fd   Thumb Code    32  _printf_char_file.o(.text)
    _printf_char_common                      0x0800832b   Thumb Code    32  _printf_char_common.o(.text)
    __user_setup_stackheap                   0x08008351   Thumb Code    74  sys_stackheap_outer.o(.text)
    exit                                     0x0800839b   Thumb Code    18  exit.o(.text)
    __user_libspace                          0x080083ad   Thumb Code     8  libspace.o(.text)
    __user_perproc_libspace                  0x080083ad   Thumb Code     0  libspace.o(.text)
    __user_perthread_libspace                0x080083ad   Thumb Code     0  libspace.o(.text)
    Region$$Table$$Base                      0x080083b4   Number         0  anon$$obj.o(Region$$Table)
    Region$$Table$$Limit                     0x080083d4   Number         0  anon$$obj.o(Region$$Table)
    VirtAddVarTab                            0x20000000   Data           2  hello.o(.data)
    __stdout                                 0x20000004   Data           4  retarget.o(.data)
    __stdin                                  0x20000008   Data           4  retarget.o(.data)
    __stderr                                 0x2000000c   Data           4  retarget.o(.data)
    SystemCoreClock                          0x20000010   Data           4  system_stm32f10x.o(.data)
    AHBPrescTable                            0x20000014   Data          16  system_stm32f10x.o(.data)
    DataVar                                  0x20000038   Data           2  eeprom.o(.data)
    __libspace_start                         0x2000003c   Data          96  libspace.o(.bss)
    __temporary_stack_top$libspace           0x2000009c   Data           0  libspace.o(.bss)



==============================================================================

Memory Map of the image

  Image Entry point : 0x08006131

  Load Region LR_IROM1 (Base: 0x08006000, Size: 0x00002410, Max: 0x00100000, ABSOLUTE)

    Execution Region ER_IROM1 (Base: 0x08006000, Size: 0x000023d4, Max: 0x00100000, ABSOLUTE)

    Base Addr    Size         Type   Attr      Idx    E Section Name        Object

    0x08006000   0x00000130   Data   RO            3    RESET               startup_stm32f10x_xl.o
    0x08006130   0x00000008   Code   RO          468  * !!!main             c_w.l(__main.o)
    0x08006138   0x00000034   Code   RO          628    !!!scatter          c_w.l(__scatter.o)
    0x0800616c   0x0000001a   Code   RO          630    !!handler_copy      c_w.l(__scatter_copy.o)
    0x08006186   0x00000002   PAD
    0x08006188   0x0000001c   Code   RO          632    !!handler_zi        c_w.l(__scatter_zi.o)
    0x080061a4   0x00000000   Code   RO          465    .ARM.Collect$$_printf_percent$$00000000  c_w.l(_printf_percent.o)
    0x080061a4   0x00000006   Code   RO          464    .ARM.Collect$$_printf_percent$$00000014  c_w.l(_printf_s.o)
    0x080061aa   0x00000004   Code   RO          475    .ARM.Collect$$_printf_percent$$00000017  c_w.l(_printf_percent_end.o)
    0x080061ae   0x00000002   Code   RO          504    .ARM.Collect$$libinit$$00000000  c_w.l(libinit.o)
    0x080061b0   0x00000000   Code   RO          511    .ARM.Collect$$libinit$$00000002  c_w.l(libinit2.o)
    0x080061b0   0x00000000   Code   RO          513    .ARM.Collect$$libinit$$00000004  c_w.l(libinit2.o)
    0x080061b0   0x00000000   Code   RO          516    .ARM.Collect$$libinit$$0000000A  c_w.l(libinit2.o)
    0x080061b0   0x00000000   Code   RO          518    .ARM.Collect$$libinit$$0000000C  c_w.l(libinit2.o)
    0x080061b0   0x00000000   Code   RO          520    .ARM.Collect$$libinit$$0000000E  c_w.l(libinit2.o)
    0x080061b0   0x00000000   Code   RO          523    .ARM.Collect$$libinit$$00000011  c_w.l(libinit2.o)
    0x080061b0   0x00000000   Code   RO          525    .ARM.Collect$$libinit$$00000013  c_w.l(libinit2.o)
    0x080061b0   0x00000000   Code   RO          527    .ARM.Collect$$libinit$$00000015  c_w.l(libinit2.o)
    0x080061b0   0x00000000   Code   RO          529    .ARM.Collect$$libinit$$00000017  c_w.l(libinit2.o)
    0x080061b0   0x00000000   Code   RO          531    .ARM.Collect$$libinit$$00000019  c_w.l(libinit2.o)
    0x080061b0   0x00000000   Code   RO          533    .ARM.Collect$$libinit$$0000001B  c_w.l(libinit2.o)
    0x080061b0   0x00000000   Code   RO          535    .ARM.Collect$$libinit$$0000001D  c_w.l(libinit2.o)
    0x080061b0   0x00000000   Code   RO          537    .ARM.Collect$$libinit$$0000001F  c_w.l(libinit2.o)
    0x080061b0   0x00000000   Code   RO          539    .ARM.Collect$$libinit$$00000021  c_w.l(libinit2.o)
    0x080061b0   0x00000000   Code   RO          541    .ARM.Collect$$libinit$$00000023  c_w.l(libinit2.o)
    0x080061b0   0x00000000   Code   RO          543    .ARM.Collect$$libinit$$00000025  c_w.l(libinit2.o)
    0x080061b0   0x00000000   Code   RO          547    .ARM.Collect$$libinit$$0000002C  c_w.l(libinit2.o)
    0x080061b0   0x00000000   Code   RO          549    .ARM.Collect$$libinit$$0000002E  c_w.l(libinit2.o)
    0x080061b0   0x00000000   Code   RO          551    .ARM.Collect$$libinit$$00000030  c_w.l(libinit2.o)
    0x080061b0   0x00000000   Code   RO          553    .ARM.Collect$$libinit$$00000032  c_w.l(libinit2.o)
    0x080061b0   0x00000002   Code   RO          554    .ARM.Collect$$libinit$$00000033  c_w.l(libinit2.o)
    0x080061b2   0x00000002   Code   RO          572    .ARM.Collect$$libshutdown$$00000000  c_w.l(libshutdown.o)
    0x080061b4   0x00000000   Code   RO          582    .ARM.Collect$$libshutdown$$00000002  c_w.l(libshutdown2.o)
    0x080061b4   0x00000000   Code   RO          584    .ARM.Collect$$libshutdown$$00000004  c_w.l(libshutdown2.o)
    0x080061b4   0x00000000   Code   RO          587    .ARM.Collect$$libshutdown$$00000007  c_w.l(libshutdown2.o)
    0x080061b4   0x00000000   Code   RO          590    .ARM.Collect$$libshutdown$$0000000A  c_w.l(libshutdown2.o)
    0x080061b4   0x00000000   Code   RO          592    .ARM.Collect$$libshutdown$$0000000C  c_w.l(libshutdown2.o)
    0x080061b4   0x00000000   Code   RO          595    .ARM.Collect$$libshutdown$$0000000F  c_w.l(libshutdown2.o)
    0x080061b4   0x00000002   Code   RO          596    .ARM.Collect$$libshutdown$$00000010  c_w.l(libshutdown2.o)
    0x080061b6   0x00000000   Code   RO          470    .ARM.Collect$$rtentry$$00000000  c_w.l(__rtentry.o)
    0x080061b6   0x00000000   Code   RO          477    .ARM.Collect$$rtentry$$00000002  c_w.l(__rtentry2.o)
    0x080061b6   0x00000006   Code   RO          489    .ARM.Collect$$rtentry$$00000004  c_w.l(__rtentry4.o)
    0x080061bc   0x00000000   Code   RO          479    .ARM.Collect$$rtentry$$00000009  c_w.l(__rtentry2.o)
    0x080061bc   0x00000004   Code   RO          480    .ARM.Collect$$rtentry$$0000000A  c_w.l(__rtentry2.o)
    0x080061c0   0x00000000   Code   RO          482    .ARM.Collect$$rtentry$$0000000C  c_w.l(__rtentry2.o)
    0x080061c0   0x00000008   Code   RO          483    .ARM.Collect$$rtentry$$0000000D  c_w.l(__rtentry2.o)
    0x080061c8   0x00000002   Code   RO          508    .ARM.Collect$$rtexit$$00000000  c_w.l(rtexit.o)
    0x080061ca   0x00000000   Code   RO          556    .ARM.Collect$$rtexit$$00000002  c_w.l(rtexit2.o)
    0x080061ca   0x00000004   Code   RO          557    .ARM.Collect$$rtexit$$00000003  c_w.l(rtexit2.o)
    0x080061ce   0x00000006   Code   RO          558    .ARM.Collect$$rtexit$$00000004  c_w.l(rtexit2.o)
    0x080061d4   0x00000040   Code   RO            4    .text               startup_stm32f10x_xl.o
    0x08006214   0x0000009c   Code   RO           13    .text               hello.o
    0x080062b0   0x00000040   Code   RO           92    .text               retarget.o
    0x080062f0   0x00000100   Code   RO          120    .text               system_stm32f10x.o
    0x080063f0   0x00000026   Code   RO          150    .text               stm32f10x_it.o
    0x08006416   0x00000002   PAD
    0x08006418   0x00000170   Code   RO          177    .text               serial.o
    0x08006588   0x00000138   Code   RO          201    .text               usart1_conf.o
    0x080066c0   0x00000224   Code   RO          229    .text               common.o
    0x080068e4   0x000000dc   Code   RO          253    .text               misc.o
    0x080069c0   0x000008e8   Code   RO          291    .text               stm32f10x_flash.o
    0x080072a8   0x0000035c   Code   RO          321    .text               stm32f10x_gpio.o
    0x08007604   0x000003a4   Code   RO          348    .text               stm32f10x_rcc.o
    0x080079a8   0x00000408   Code   RO          377    .text               stm32f10x_usart.o
    0x08007db0   0x00000446   Code   RO          404    .text               eeprom.o
    0x080081f6   0x00000002   Code   RO          434    .text               c_w.l(use_no_semi.o)
    0x080081f8   0x00000018   Code   RO          438    .text               c_w.l(noretval__2printf.o)
    0x08008210   0x00000068   Code   RO          440    .text               c_w.l(__printf.o)
    0x08008278   0x00000052   Code   RO          442    .text               c_w.l(_printf_str.o)
    0x080082ca   0x00000006   Code   RO          466    .text               c_w.l(heapauxi.o)
    0x080082d0   0x0000002c   Code   RO          471    .text               c_w.l(_printf_char.o)
    0x080082fc   0x00000024   Code   RO          473    .text               c_w.l(_printf_char_file.o)
    0x08008320   0x00000030   Code   RO          491    .text               c_w.l(_printf_char_common.o)
    0x08008350   0x0000004a   Code   RO          493    .text               c_w.l(sys_stackheap_outer.o)
    0x0800839a   0x00000012   Code   RO          497    .text               c_w.l(exit.o)
    0x080083ac   0x00000008   Code   RO          505    .text               c_w.l(libspace.o)
    0x080083b4   0x00000020   Data   RO          626    Region$$Table       anon$$obj.o


    Execution Region RW_IRAM1 (Base: 0x20000000, Size: 0x000006a0, Max: 0x00018000, ABSOLUTE)

    Base Addr    Size         Type   Attr      Idx    E Section Name        Object

    0x20000000   0x00000002   Data   RW           14    .data               hello.o
    0x20000002   0x00000002   PAD
    0x20000004   0x0000000c   Data   RW           93    .data               retarget.o
    0x20000010   0x00000014   Data   RW          121    .data               system_stm32f10x.o
    0x20000024   0x00000014   Data   RW          349    .data               stm32f10x_rcc.o
    0x20000038   0x00000002   Data   RW          405    .data               eeprom.o
    0x2000003a   0x00000002   PAD
    0x2000003c   0x00000060   Zero   RW          506    .bss                c_w.l(libspace.o)
    0x2000009c   0x00000004   PAD
    0x200000a0   0x00000200   Zero   RW            2    HEAP                startup_stm32f10x_xl.o
    0x200002a0   0x00000400   Zero   RW            1    STACK               startup_stm32f10x_xl.o


==============================================================================

Image component sizes


      Code (inc. data)   RO Data    RW Data    ZI Data      Debug   Object Name

       548         10          0          0          0       2793   common.o
      1094         30          0          2          0       4505   eeprom.o
       156         76          0          2          0     233835   hello.o
       220         22          0          0          0     206985   misc.o
        64          0          0         12          0       2898   retarget.o
       368        144          0          0          0       1855   serial.o
        64         26        304          0       1536        788   startup_stm32f10x_xl.o
      2280         46          0          0          0      16415   stm32f10x_flash.o
       860         38          0          0          0      13893   stm32f10x_gpio.o
        38          0          0          0          0       1555   stm32f10x_it.o
       932         36          0         20          0      17416   stm32f10x_rcc.o
      1032         22          0          0          0      14308   stm32f10x_usart.o
       256         36          0         20          0       1339   system_stm32f10x.o
       312         18          0          0          0      24926   usart1_conf.o

    ----------------------------------------------------------------------
      8226        504        336         60       1536     543511   Object Totals
         0          0         32          0          0          0   (incl. Generated)
         2          0          0          4          0          0   (incl. Padding)

    ----------------------------------------------------------------------

      Code (inc. data)   RO Data    RW Data    ZI Data      Debug   Library Member Name

         8          0          0          0          0         68   __main.o
       104          0          0          0          0         84   __printf.o
         0          0          0          0          0          0   __rtentry.o
        12          0          0          0          0          0   __rtentry2.o
         6          0          0          0          0          0   __rtentry4.o
        52          8          0          0          0          0   __scatter.o
        26          0          0          0          0          0   __scatter_copy.o
        28          0          0          0          0          0   __scatter_zi.o
        44          0          0          0          0        108   _printf_char.o
        48          6          0          0          0         96   _printf_char_common.o
        36          4          0          0          0         80   _printf_char_file.o
         0          0          0          0          0          0   _printf_percent.o
         4          0          0          0          0          0   _printf_percent_end.o
         6          0          0          0          0          0   _printf_s.o
        82          0          0          0          0         80   _printf_str.o
        18          0          0          0          0         80   exit.o
         6          0          0          0          0        152   heapauxi.o
         2          0          0          0          0          0   libinit.o
         2          0          0          0          0          0   libinit2.o
         2          0          0          0          0          0   libshutdown.o
         2          0          0          0          0          0   libshutdown2.o
         8          4          0          0         96         68   libspace.o
        24          4          0          0          0         84   noretval__2printf.o
         2          0          0          0          0          0   rtexit.o
        10          0          0          0          0          0   rtexit2.o
        74          0          0          0          0         80   sys_stackheap_outer.o
         2          0          0          0          0         68   use_no_semi.o

    ----------------------------------------------------------------------
       610         26          0          0        100       1048   Library Totals
         2          0          0          0          4          0   (incl. Padding)

    ----------------------------------------------------------------------

      Code (inc. data)   RO Data    RW Data    ZI Data      Debug   Library Name

       608         26          0          0         96       1048   c_w.l

    ----------------------------------------------------------------------
       610         26          0          0        100       1048   Library Totals

    ----------------------------------------------------------------------

==============================================================================


      Code (inc. data)   RO Data    RW Data    ZI Data      Debug   

      8836        530        336         60       1636     542839   Grand Totals
      8836        530        336         60       1636     542839   ELF Image Totals
      8836        530        336         60          0          0   ROM Totals

==============================================================================

    Total RO  Size (Code + RO Data)                 9172 (   8.96kB)
    Total RW  Size (RW Data + ZI Data)              1696 (   1.66kB)
    Total ROM Size (Code + RO Data + RW Data)       9232 (   9.02kB)

==============================================================================

